OpenJDK 64-Bit Server VM (25.242-b08) for linux-amd64 JRE (1.8.0_242-8u242-b08-1~deb9u1-b08), built on Feb 10 2020 12:38:09 by "pbuilder" with gcc 6.3.0 20170516
Memory: 4k page, physical 26219208k(24022904k free), swap 7340032k(7340032k free)
CommandLine flags: -XX:+CMSEdenChunksRecordAlways -XX:CMSInitiatingOccupancyFraction=75 -XX:+CMSParallelInitialMarkEnabled -XX:+CMSParallelRemarkEnabled -XX:CMSWaitDuration=10000 -XX:+ExitOnOutOfMemoryError -XX:GCLogFileSize=10485760 -XX:+HeapDumpOnOutOfMemoryError -XX:+IgnoreUnrecognizedVMOptions -XX:InitialHeapSize=419507328 -XX:MaxHeapSize=6712117248 -XX:MaxNewSize=872415232 -XX:MaxTenuringThreshold=6 -XX:NumberOfGCLogFiles=10 -XX:OldPLABSize=16 -XX:+PerfDisableSharedMem -XX:+PrintGC -XX:+PrintGCApplicationStoppedTime -XX:+PrintGCDateStamps -XX:+PrintGCDetails -XX:+PrintGCTimeStamps -XX:+PrintHeapAtGC -XX:+PrintTenuringDistribution -XX:+ResizeTLAB -XX:-UseBiasedLocking -XX:+UseCMSInitiatingOccupancyOnly -XX:+UseCompressedClassPointers -XX:+UseCompressedOops -XX:+UseConcMarkSweepGC -XX:+UseCondCardMark -XX:+UseGCLogFileRotation -XX:+UseParNewGC -XX:+UseTLAB 
2021-05-19T19:14:08.864+0000: 0.353: Total time for which application threads were stopped: 0.0003617 seconds, Stopping threads took: 0.0000944 seconds
{Heap before GC invocations=0 (full 0):
 par new generation   total 123520K, used 109824K [0x000000062fe00000, 0x0000000638400000, 0x0000000663e00000)
  eden space 109824K, 100% used [0x000000062fe00000, 0x0000000636940000, 0x0000000636940000)
  from space 13696K,   0% used [0x0000000636940000, 0x0000000636940000, 0x00000006376a0000)
  to   space 13696K,   0% used [0x00000006376a0000, 0x00000006376a0000, 0x0000000638400000)
 concurrent mark-sweep generation total 274432K, used 0K [0x0000000663e00000, 0x0000000674a00000, 0x00000007c0000000)
 Metaspace       used 6366K, capacity 6650K, committed 6912K, reserved 1056768K
  class space    used 668K, capacity 731K, committed 768K, reserved 1048576K
2021-05-19T19:14:09.050+0000: 0.540: [GC (Allocation Failure) 2021-05-19T19:14:09.054+0000: 0.544: [ParNew
Desired survivor size 7012352 bytes, new threshold 6 (max 6)
- age   1:    6323592 bytes,    6323592 total
: 109824K->6235K(123520K), 0.0195690 secs] 109824K->6235K(397952K), 0.0243872 secs] [Times: user=0.15 sys=0.00, real=0.02 secs] 
Heap after GC invocations=1 (full 0):
 par new generation   total 123520K, used 6235K [0x000000062fe00000, 0x0000000638400000, 0x0000000663e00000)
  eden space 109824K,   0% used [0x000000062fe00000, 0x000000062fe00000, 0x0000000636940000)
  from space 13696K,  45% used [0x00000006376a0000, 0x0000000637cb6c28, 0x0000000638400000)
  to   space 13696K,   0% used [0x0000000636940000, 0x0000000636940000, 0x00000006376a0000)
 concurrent mark-sweep generation total 274432K, used 0K [0x0000000663e00000, 0x0000000674a00000, 0x00000007c0000000)
 Metaspace       used 6366K, capacity 6650K, committed 6912K, reserved 1056768K
  class space    used 668K, capacity 731K, committed 768K, reserved 1048576K
}
2021-05-19T19:14:09.075+0000: 0.565: Total time for which application threads were stopped: 0.0252144 seconds, Stopping threads took: 0.0000273 seconds
2021-05-19T19:14:09.089+0000: 0.579: Total time for which application threads were stopped: 0.0003619 seconds, Stopping threads took: 0.0000894 seconds
2021-05-19T19:14:09.177+0000: 0.667: Total time for which application threads were stopped: 0.0002680 seconds, Stopping threads took: 0.0000625 seconds
2021-05-19T19:14:09.264+0000: 0.754: Total time for which application threads were stopped: 0.0002692 seconds, Stopping threads took: 0.0000317 seconds
{Heap before GC invocations=1 (full 0):
 par new generation   total 123520K, used 116059K [0x000000062fe00000, 0x0000000638400000, 0x0000000663e00000)
  eden space 109824K, 100% used [0x000000062fe00000, 0x0000000636940000, 0x0000000636940000)
  from space 13696K,  45% used [0x00000006376a0000, 0x0000000637cb6c28, 0x0000000638400000)
  to   space 13696K,   0% used [0x0000000636940000, 0x0000000636940000, 0x00000006376a0000)
 concurrent mark-sweep generation total 274432K, used 0K [0x0000000663e00000, 0x0000000674a00000, 0x00000007c0000000)
 Metaspace       used 9037K, capacity 9346K, committed 9600K, reserved 1058816K
  class space    used 1012K, capacity 1115K, committed 1152K, reserved 1048576K
2021-05-19T19:14:09.308+0000: 0.798: [GC (Allocation Failure) 2021-05-19T19:14:09.308+0000: 0.798: [ParNew
Desired survivor size 7012352 bytes, new threshold 6 (max 6)
- age   1:    3749016 bytes,    3749016 total
- age   2:    2989640 bytes,    6738656 total
: 116059K->7826K(123520K), 0.0092185 secs] 116059K->7826K(397952K), 0.0096308 secs] [Times: user=0.04 sys=0.00, real=0.01 secs] 
Heap after GC invocations=2 (full 0):
 par new generation   total 123520K, used 7826K [0x000000062fe00000, 0x0000000638400000, 0x0000000663e00000)
  eden space 109824K,   0% used [0x000000062fe00000, 0x000000062fe00000, 0x0000000636940000)
  from space 13696K,  57% used [0x0000000636940000, 0x00000006370e4a70, 0x00000006376a0000)
  to   space 13696K,   0% used [0x00000006376a0000, 0x00000006376a0000, 0x0000000638400000)
 concurrent mark-sweep generation total 274432K, used 0K [0x0000000663e00000, 0x0000000674a00000, 0x00000007c0000000)
 Metaspace       used 9037K, capacity 9346K, committed 9600K, reserved 1058816K
  class space    used 1012K, capacity 1115K, committed 1152K, reserved 1048576K
}
2021-05-19T19:14:09.318+0000: 0.807: Total time for which application threads were stopped: 0.0100520 seconds, Stopping threads took: 0.0000180 seconds
{Heap before GC invocations=2 (full 0):
 par new generation   total 123520K, used 117650K [0x000000062fe00000, 0x0000000638400000, 0x0000000663e00000)
  eden space 109824K, 100% used [0x000000062fe00000, 0x0000000636940000, 0x0000000636940000)
  from space 13696K,  57% used [0x0000000636940000, 0x00000006370e4a70, 0x00000006376a0000)
  to   space 13696K,   0% used [0x00000006376a0000, 0x00000006376a0000, 0x0000000638400000)
 concurrent mark-sweep generation total 274432K, used 0K [0x0000000663e00000, 0x0000000674a00000, 0x00000007c0000000)
 Metaspace       used 11108K, capacity 11412K, committed 11648K, reserved 1058816K
  class space    used 1286K, capacity 1396K, committed 1408K, reserved 1048576K
2021-05-19T19:14:09.480+0000: 0.970: [GC (Allocation Failure) 2021-05-19T19:14:09.480+0000: 0.970: [ParNew
Desired survivor size 7012352 bytes, new threshold 3 (max 6)
- age   1:    4303248 bytes,    4303248 total
- age   2:     677288 bytes,    4980536 total
- age   3:    2967520 bytes,    7948056 total
: 117650K->10355K(123520K), 0.0104801 secs] 117650K->10355K(397952K), 0.0108738 secs] [Times: user=0.04 sys=0.01, real=0.01 secs] 
Heap after GC invocations=3 (full 0):
 par new generation   total 123520K, used 10355K [0x000000062fe00000, 0x0000000638400000, 0x0000000663e00000)
  eden space 109824K,   0% used [0x000000062fe00000, 0x000000062fe00000, 0x0000000636940000)
  from space 13696K,  75% used [0x00000006376a0000, 0x00000006380bcf70, 0x0000000638400000)
  to   space 13696K,   0% used [0x0000000636940000, 0x0000000636940000, 0x00000006376a0000)
 concurrent mark-sweep generation total 274432K, used 0K [0x0000000663e00000, 0x0000000674a00000, 0x00000007c0000000)
 Metaspace       used 11108K, capacity 11412K, committed 11648K, reserved 1058816K
  class space    used 1286K, capacity 1396K, committed 1408K, reserved 1048576K
}
2021-05-19T19:14:09.491+0000: 0.981: Total time for which application threads were stopped: 0.0113930 seconds, Stopping threads took: 0.0000186 seconds
{Heap before GC invocations=3 (full 0):
 par new generation   total 123520K, used 120179K [0x000000062fe00000, 0x0000000638400000, 0x0000000663e00000)
  eden space 109824K, 100% used [0x000000062fe00000, 0x0000000636940000, 0x0000000636940000)
  from space 13696K,  75% used [0x00000006376a0000, 0x00000006380bcf70, 0x0000000638400000)
  to   space 13696K,   0% used [0x0000000636940000, 0x0000000636940000, 0x00000006376a0000)
 concurrent mark-sweep generation total 274432K, used 0K [0x0000000663e00000, 0x0000000674a00000, 0x00000007c0000000)
 Metaspace       used 13124K, capacity 13532K, committed 13824K, reserved 1060864K
  class space    used 1552K, capacity 1684K, committed 1792K, reserved 1048576K
2021-05-19T19:14:09.640+0000: 1.130: [GC (Allocation Failure) 2021-05-19T19:14:09.640+0000: 1.130: [ParNew
Desired survivor size 7012352 bytes, new threshold 6 (max 6)
- age   1:    2201320 bytes,    2201320 total
- age   2:     572240 bytes,    2773560 total
- age   3:     669520 bytes,    3443080 total
: 120179K->5626K(123520K), 0.0119913 secs] 120179K->8559K(397952K), 0.0124215 secs] [Times: user=0.04 sys=0.00, real=0.01 secs] 
Heap after GC invocations=4 (full 0):
 par new generation   total 123520K, used 5626K [0x000000062fe00000, 0x0000000638400000, 0x0000000663e00000)
  eden space 109824K,   0% used [0x000000062fe00000, 0x000000062fe00000, 0x0000000636940000)
  from space 13696K,  41% used [0x0000000636940000, 0x0000000636ebeb58, 0x00000006376a0000)
  to   space 13696K,   0% used [0x00000006376a0000, 0x00000006376a0000, 0x0000000638400000)
 concurrent mark-sweep generation total 274432K, used 2932K [0x0000000663e00000, 0x0000000674a00000, 0x00000007c0000000)
 Metaspace       used 13124K, capacity 13532K, committed 13824K, reserved 1060864K
  class space    used 1552K, capacity 1684K, committed 1792K, reserved 1048576K
}
2021-05-19T19:14:09.652+0000: 1.142: Total time for which application threads were stopped: 0.0128426 seconds, Stopping threads took: 0.0000187 seconds
2021-05-19T19:14:09.693+0000: 1.183: Total time for which application threads were stopped: 0.0002504 seconds, Stopping threads took: 0.0000211 seconds
2021-05-19T19:14:09.792+0000: 1.282: Total time for which application threads were stopped: 0.0003048 seconds, Stopping threads took: 0.0000243 seconds
2021-05-19T19:14:09.806+0000: 1.296: Total time for which application threads were stopped: 0.0002505 seconds, Stopping threads took: 0.0000188 seconds
{Heap before GC invocations=4 (full 0):
 par new generation   total 123520K, used 115450K [0x000000062fe00000, 0x0000000638400000, 0x0000000663e00000)
  eden space 109824K, 100% used [0x000000062fe00000, 0x0000000636940000, 0x0000000636940000)
  from space 13696K,  41% used [0x0000000636940000, 0x0000000636ebeb58, 0x00000006376a0000)
  to   space 13696K,   0% used [0x00000006376a0000, 0x00000006376a0000, 0x0000000638400000)
 concurrent mark-sweep generation total 274432K, used 2932K [0x0000000663e00000, 0x0000000674a00000, 0x00000007c0000000)
 Metaspace       used 14168K, capacity 14688K, committed 14976K, reserved 1062912K
  class space    used 1682K, capacity 1800K, committed 1920K, reserved 1048576K
2021-05-19T19:14:09.823+0000: 1.313: [GC (Allocation Failure) 2021-05-19T19:14:09.823+0000: 1.313: [ParNew
Desired survivor size 7012352 bytes, new threshold 6 (max 6)
- age   1:    2789304 bytes,    2789304 total
- age   2:     635648 bytes,    3424952 total
- age   3:     569912 bytes,    3994864 total
- age   4:     669480 bytes,    4664344 total
: 115450K->5421K(123520K), 0.0060805 secs] 118383K->8353K(397952K), 0.0065470 secs] [Times: user=0.04 sys=0.00, real=0.01 secs] 
Heap after GC invocations=5 (full 0):
 par new generation   total 123520K, used 5421K [0x000000062fe00000, 0x0000000638400000, 0x0000000663e00000)
  eden space 109824K,   0% used [0x000000062fe00000, 0x000000062fe00000, 0x0000000636940000)
  from space 13696K,  39% used [0x00000006376a0000, 0x0000000637beb4c0, 0x0000000638400000)
  to   space 13696K,   0% used [0x0000000636940000, 0x0000000636940000, 0x00000006376a0000)
 concurrent mark-sweep generation total 274432K, used 2932K [0x0000000663e00000, 0x0000000674a00000, 0x00000007c0000000)
 Metaspace       used 14168K, capacity 14688K, committed 14976K, reserved 1062912K
  class space    used 1682K, capacity 1800K, committed 1920K, reserved 1048576K
}
2021-05-19T19:14:09.830+0000: 1.320: Total time for which application threads were stopped: 0.0070608 seconds, Stopping threads took: 0.0000309 seconds
2021-05-19T19:14:09.909+0000: 1.399: Total time for which application threads were stopped: 0.0003930 seconds, Stopping threads took: 0.0000301 seconds
{Heap before GC invocations=5 (full 0):
 par new generation   total 123520K, used 115245K [0x000000062fe00000, 0x0000000638400000, 0x0000000663e00000)
  eden space 109824K, 100% used [0x000000062fe00000, 0x0000000636940000, 0x0000000636940000)
  from space 13696K,  39% used [0x00000006376a0000, 0x0000000637beb4c0, 0x0000000638400000)
  to   space 13696K,   0% used [0x0000000636940000, 0x0000000636940000, 0x00000006376a0000)
 concurrent mark-sweep generation total 274432K, used 2932K [0x0000000663e00000, 0x0000000674a00000, 0x00000007c0000000)
 Metaspace       used 15641K, capacity 16228K, committed 16384K, reserved 1062912K
  class space    used 1865K, capacity 2028K, committed 2048K, reserved 1048576K
2021-05-19T19:14:09.967+0000: 1.456: [GC (Allocation Failure) 2021-05-19T19:14:09.967+0000: 1.457: [ParNew
Desired survivor size 7012352 bytes, new threshold 6 (max 6)
- age   1:    4893464 bytes,    4893464 total
- age   2:     359904 bytes,    5253368 total
- age   3:     527568 bytes,    5780936 total
- age   4:     533560 bytes,    6314496 total
- age   5:     664048 bytes,    6978544 total
: 115245K->7985K(123520K), 0.0098540 secs] 118177K->10917K(397952K), 0.0102507 secs] [Times: user=0.05 sys=0.00, real=0.01 secs] 
Heap after GC invocations=6 (full 0):
 par new generation   total 123520K, used 7985K [0x000000062fe00000, 0x0000000638400000, 0x0000000663e00000)
  eden space 109824K,   0% used [0x000000062fe00000, 0x000000062fe00000, 0x0000000636940000)
  from space 13696K,  58% used [0x0000000636940000, 0x000000063710c548, 0x00000006376a0000)
  to   space 13696K,   0% used [0x00000006376a0000, 0x00000006376a0000, 0x0000000638400000)
 concurrent mark-sweep generation total 274432K, used 2932K [0x0000000663e00000, 0x0000000674a00000, 0x00000007c0000000)
 Metaspace       used 15641K, capacity 16228K, committed 16384K, reserved 1062912K
  class space    used 1865K, capacity 2028K, committed 2048K, reserved 1048576K
}
2021-05-19T19:14:09.977+0000: 1.467: Total time for which application threads were stopped: 0.0109515 seconds, Stopping threads took: 0.0001956 seconds
{Heap before GC invocations=6 (full 0):
 par new generation   total 123520K, used 117809K [0x000000062fe00000, 0x0000000638400000, 0x0000000663e00000)
  eden space 109824K, 100% used [0x000000062fe00000, 0x0000000636940000, 0x0000000636940000)
  from space 13696K,  58% used [0x0000000636940000, 0x000000063710c548, 0x00000006376a0000)
  to   space 13696K,   0% used [0x00000006376a0000, 0x00000006376a0000, 0x0000000638400000)
 concurrent mark-sweep generation total 274432K, used 2932K [0x0000000663e00000, 0x0000000674a00000, 0x00000007c0000000)
 Metaspace       used 17652K, capacity 18228K, committed 18432K, reserved 1064960K
  class space    used 2066K, capacity 2224K, committed 2304K, reserved 1048576K
2021-05-19T19:14:10.057+0000: 1.547: [GC (Allocation Failure) 2021-05-19T19:14:10.058+0000: 1.548: [ParNew
Desired survivor size 7012352 bytes, new threshold 6 (max 6)
- age   1:    4402952 bytes,    4402952 total
- age   2:     880080 bytes,    5283032 total
- age   3:     358104 bytes,    5641136 total
- age   4:     505840 bytes,    6146976 total
- age   5:     526552 bytes,    6673528 total
- age   6:     661456 bytes,    7334984 total
: 117809K->8160K(123520K), 0.0101411 secs] 120741K->11093K(397952K), 0.0106966 secs] [Times: user=0.03 sys=0.01, real=0.02 secs] 
Heap after GC invocations=7 (full 0):
 par new generation   total 123520K, used 8160K [0x000000062fe00000, 0x0000000638400000, 0x0000000663e00000)
  eden space 109824K,   0% used [0x000000062fe00000, 0x000000062fe00000, 0x0000000636940000)
  from space 13696K,  59% used [0x00000006376a0000, 0x0000000637e982d8, 0x0000000638400000)
  to   space 13696K,   0% used [0x0000000636940000, 0x0000000636940000, 0x00000006376a0000)
 concurrent mark-sweep generation total 274432K, used 2932K [0x0000000663e00000, 0x0000000674a00000, 0x00000007c0000000)
 Metaspace       used 17652K, capacity 18228K, committed 18432K, reserved 1064960K
  class space    used 2066K, capacity 2224K, committed 2304K, reserved 1048576K
}
2021-05-19T19:14:10.068+0000: 1.558: Total time for which application threads were stopped: 0.0112731 seconds, Stopping threads took: 0.0001065 seconds
2021-05-19T19:14:10.125+0000: 1.615: Total time for which application threads were stopped: 0.0003832 seconds, Stopping threads took: 0.0000269 seconds
{Heap before GC invocations=7 (full 0):
 par new generation   total 123520K, used 117984K [0x000000062fe00000, 0x0000000638400000, 0x0000000663e00000)
  eden space 109824K, 100% used [0x000000062fe00000, 0x0000000636940000, 0x0000000636940000)
  from space 13696K,  59% used [0x00000006376a0000, 0x0000000637e982d8, 0x0000000638400000)
  to   space 13696K,   0% used [0x0000000636940000, 0x0000000636940000, 0x00000006376a0000)
 concurrent mark-sweep generation total 274432K, used 2932K [0x0000000663e00000, 0x0000000674a00000, 0x00000007c0000000)
 Metaspace       used 19827K, capacity 20378K, committed 20736K, reserved 1067008K
  class space    used 2357K, capacity 2489K, committed 2560K, reserved 1048576K
2021-05-19T19:14:10.153+0000: 1.643: [GC (Allocation Failure) 2021-05-19T19:14:10.153+0000: 1.643: [ParNew
Desired survivor size 7012352 bytes, new threshold 6 (max 6)
- age   1:    2858488 bytes,    2858488 total
- age   2:     342488 bytes,    3200976 total
- age   3:     873960 bytes,    4074936 total
- age   4:     357896 bytes,    4432832 total
- age   5:     503976 bytes,    4936808 total
- age   6:     524384 bytes,    5461192 total
: 117984K->6787K(123520K), 0.0061287 secs] 120917K->10370K(397952K), 0.0065589 secs] [Times: user=0.02 sys=0.00, real=0.01 secs] 
Heap after GC invocations=8 (full 0):
 par new generation   total 123520K, used 6787K [0x000000062fe00000, 0x0000000638400000, 0x0000000663e00000)
  eden space 109824K,   0% used [0x000000062fe00000, 0x000000062fe00000, 0x0000000636940000)
  from space 13696K,  49% used [0x0000000636940000, 0x0000000636fe0e10, 0x00000006376a0000)
  to   space 13696K,   0% used [0x00000006376a0000, 0x00000006376a0000, 0x0000000638400000)
 concurrent mark-sweep generation total 274432K, used 3583K [0x0000000663e00000, 0x0000000674a00000, 0x00000007c0000000)
 Metaspace       used 19827K, capacity 20378K, committed 20736K, reserved 1067008K
  class space    used 2357K, capacity 2489K, committed 2560K, reserved 1048576K
}
2021-05-19T19:14:10.160+0000: 1.650: Total time for which application threads were stopped: 0.0072655 seconds, Stopping threads took: 0.0002913 seconds
2021-05-19T19:14:10.201+0000: 1.691: Total time for which application threads were stopped: 0.0001979 seconds, Stopping threads took: 0.0001129 seconds
2021-05-19T19:14:10.214+0000: 1.704: Total time for which application threads were stopped: 0.0002195 seconds, Stopping threads took: 0.0001301 seconds
2021-05-19T19:14:10.219+0000: 1.709: Total time for which application threads were stopped: 0.0004145 seconds, Stopping threads took: 0.0000718 seconds
2021-05-19T19:14:10.227+0000: 1.717: Total time for which application threads were stopped: 0.0002234 seconds, Stopping threads took: 0.0001400 seconds
2021-05-19T19:14:10.240+0000: 1.730: Total time for which application threads were stopped: 0.0001067 seconds, Stopping threads took: 0.0000329 seconds
2021-05-19T19:14:10.241+0000: 1.731: Total time for which application threads were stopped: 0.0003527 seconds, Stopping threads took: 0.0002923 seconds
{Heap before GC invocations=8 (full 0):
 par new generation   total 123520K, used 116611K [0x000000062fe00000, 0x0000000638400000, 0x0000000663e00000)
  eden space 109824K, 100% used [0x000000062fe00000, 0x0000000636940000, 0x0000000636940000)
  from space 13696K,  49% used [0x0000000636940000, 0x0000000636fe0e10, 0x00000006376a0000)
  to   space 13696K,   0% used [0x00000006376a0000, 0x00000006376a0000, 0x0000000638400000)
 concurrent mark-sweep generation total 274432K, used 3583K [0x0000000663e00000, 0x0000000674a00000, 0x00000007c0000000)
 Metaspace       used 21799K, capacity 22480K, committed 22624K, reserved 1069056K
  class space    used 2578K, capacity 2770K, committed 2816K, reserved 1048576K
2021-05-19T19:14:10.260+0000: 1.750: [GC (Allocation Failure) 2021-05-19T19:14:10.260+0000: 1.750: [ParNew
Desired survivor size 7012352 bytes, new threshold 6 (max 6)
- age   1:    2879744 bytes,    2879744 total
- age   2:     551592 bytes,    3431336 total
- age   3:     336472 bytes,    3767808 total
- age   4:     873304 bytes,    4641112 total
- age   5:     357648 bytes,    4998760 total
- age   6:     495288 bytes,    5494048 total
: 116611K->6947K(123520K), 0.0067725 secs] 120194K->11058K(397952K), 0.0072517 secs] [Times: user=0.03 sys=0.00, real=0.00 secs] 
Heap after GC invocations=9 (full 0):
 par new generation   total 123520K, used 6947K [0x000000062fe00000, 0x0000000638400000, 0x0000000663e00000)
  eden space 109824K,   0% used [0x000000062fe00000, 0x000000062fe00000, 0x0000000636940000)
  from space 13696K,  50% used [0x00000006376a0000, 0x0000000637d68cf8, 0x0000000638400000)
  to   space 13696K,   0% used [0x0000000636940000, 0x0000000636940000, 0x00000006376a0000)
 concurrent mark-sweep generation total 274432K, used 4111K [0x0000000663e00000, 0x0000000674a00000, 0x00000007c0000000)
 Metaspace       used 21799K, capacity 22480K, committed 22624K, reserved 1069056K
  class space    used 2578K, capacity 2770K, committed 2816K, reserved 1048576K
}
2021-05-19T19:14:10.268+0000: 1.758: Total time for which application threads were stopped: 0.0078413 seconds, Stopping threads took: 0.0001319 seconds
2021-05-19T19:14:10.268+0000: 1.758: [GC (CMS Initial Mark) [1 CMS-initial-mark: 4111K(274432K)] 13365K(397952K), 0.0039179 secs] [Times: user=0.03 sys=0.00, real=0.00 secs] 
2021-05-19T19:14:10.273+0000: 1.762: Total time for which application threads were stopped: 0.0045298 seconds, Stopping threads took: 0.0001498 seconds
2021-05-19T19:14:10.273+0000: 1.763: [CMS-concurrent-mark-start]
2021-05-19T19:14:10.276+0000: 1.765: [CMS-concurrent-mark: 0.003/0.003 secs] [Times: user=0.01 sys=0.00, real=0.00 secs] 
2021-05-19T19:14:10.276+0000: 1.766: [CMS-concurrent-preclean-start]
2021-05-19T19:14:10.277+0000: 1.767: [CMS-concurrent-preclean: 0.001/0.001 secs] [Times: user=0.00 sys=0.00, real=0.00 secs] 
2021-05-19T19:14:10.277+0000: 1.767: [CMS-concurrent-abortable-preclean-start]
2021-05-19T19:14:10.278+0000: 1.768: Total time for which application threads were stopped: 0.0001453 seconds, Stopping threads took: 0.0000442 seconds
2021-05-19T19:14:10.278+0000: 1.768: Total time for which application threads were stopped: 0.0000870 seconds, Stopping threads took: 0.0000628 seconds
2021-05-19T19:14:10.304+0000: 1.794: Total time for which application threads were stopped: 0.0001465 seconds, Stopping threads took: 0.0000307 seconds
2021-05-19T19:14:10.362+0000: 1.852: Total time for which application threads were stopped: 0.0002362 seconds, Stopping threads took: 0.0001165 seconds
2021-05-19T19:14:10.394+0000: 1.883: [CMS-concurrent-abortable-preclean: 0.076/0.117 secs] [Times: user=0.50 sys=0.04, real=0.12 secs] 
2021-05-19T19:14:10.394+0000: 1.884: [GC (CMS Final Remark) [YG occupancy: 70740 K (123520 K)]2021-05-19T19:14:10.394+0000: 1.884: [Rescan (parallel) , 0.0049745 secs]2021-05-19T19:14:10.399+0000: 1.889: [weak refs processing, 0.0002748 secs]2021-05-19T19:14:10.400+0000: 1.890: [class unloading, 0.0036644 secs]2021-05-19T19:14:10.404+0000: 1.894: [scrub symbol table, 0.0032736 secs]2021-05-19T19:14:10.407+0000: 1.897: [scrub string table, 0.0003799 secs][1 CMS-remark: 4111K(274432K)] 74851K(397952K), 0.0138522 secs] [Times: user=0.07 sys=0.00, real=0.01 secs] 
2021-05-19T19:14:10.408+0000: 1.898: Total time for which application threads were stopped: 0.0143232 seconds, Stopping threads took: 0.0000342 seconds
2021-05-19T19:14:10.409+0000: 1.898: [CMS-concurrent-sweep-start]
2021-05-19T19:14:10.410+0000: 1.900: [CMS-concurrent-sweep: 0.001/0.001 secs] [Times: user=0.00 sys=0.00, real=0.00 secs] 
2021-05-19T19:14:10.410+0000: 1.900: [CMS-concurrent-reset-start]
2021-05-19T19:14:10.430+0000: 1.920: [CMS-concurrent-reset: 0.020/0.020 secs] [Times: user=0.07 sys=0.02, real=0.02 secs] 
{Heap before GC invocations=9 (full 1):
 par new generation   total 123520K, used 116771K [0x000000062fe00000, 0x0000000638400000, 0x0000000663e00000)
  eden space 109824K, 100% used [0x000000062fe00000, 0x0000000636940000, 0x0000000636940000)
  from space 13696K,  50% used [0x00000006376a0000, 0x0000000637d68cf8, 0x0000000638400000)
  to   space 13696K,   0% used [0x0000000636940000, 0x0000000636940000, 0x00000006376a0000)
 concurrent mark-sweep generation total 274432K, used 4099K [0x0000000663e00000, 0x0000000674a00000, 0x00000007c0000000)
 Metaspace       used 23250K, capacity 23940K, committed 24260K, reserved 1071104K
  class space    used 2790K, capacity 2992K, committed 3020K, reserved 1048576K
2021-05-19T19:14:10.479+0000: 1.968: [GC (Allocation Failure) 2021-05-19T19:14:10.479+0000: 1.969: [ParNew
Desired survivor size 7012352 bytes, new threshold 6 (max 6)
- age   1:    3197576 bytes,    3197576 total
- age   2:     833136 bytes,    4030712 total
- age   3:     529784 bytes,    4560496 total
- age   4:     309584 bytes,    4870080 total
- age   5:     852088 bytes,    5722168 total
- age   6:     342384 bytes,    6064552 total
: 116771K->7649K(123520K), 0.0093543 secs] 120870K->12252K(397952K), 0.0097647 secs] [Times: user=0.04 sys=0.01, real=0.01 secs] 
Heap after GC invocations=10 (full 1):
 par new generation   total 123520K, used 7649K [0x000000062fe00000, 0x0000000638400000, 0x0000000663e00000)
  eden space 109824K,   0% used [0x000000062fe00000, 0x000000062fe00000, 0x0000000636940000)
  from space 13696K,  55% used [0x0000000636940000, 0x00000006370b87a0, 0x00000006376a0000)
  to   space 13696K,   0% used [0x00000006376a0000, 0x00000006376a0000, 0x0000000638400000)
 concurrent mark-sweep generation total 274432K, used 4602K [0x0000000663e00000, 0x0000000674a00000, 0x00000007c0000000)
 Metaspace       used 23250K, capacity 23940K, committed 24260K, reserved 1071104K
  class space    used 2790K, capacity 2992K, committed 3020K, reserved 1048576K
}
2021-05-19T19:14:10.489+0000: 1.979: Total time for which application threads were stopped: 0.0103117 seconds, Stopping threads took: 0.0000337 seconds
2021-05-19T19:14:10.505+0000: 1.995: Total time for which application threads were stopped: 0.0004285 seconds, Stopping threads took: 0.0000298 seconds
2021-05-19T19:14:10.742+0000: 2.232: Total time for which application threads were stopped: 0.0001756 seconds, Stopping threads took: 0.0000271 seconds
{Heap before GC invocations=10 (full 1):
 par new generation   total 123520K, used 117473K [0x000000062fe00000, 0x0000000638400000, 0x0000000663e00000)
  eden space 109824K, 100% used [0x000000062fe00000, 0x0000000636940000, 0x0000000636940000)
  from space 13696K,  55% used [0x0000000636940000, 0x00000006370b87a0, 0x00000006376a0000)
  to   space 13696K,   0% used [0x00000006376a0000, 0x00000006376a0000, 0x0000000638400000)
 concurrent mark-sweep generation total 274432K, used 4602K [0x0000000663e00000, 0x0000000674a00000, 0x00000007c0000000)
 Metaspace       used 24719K, capacity 25472K, committed 25668K, reserved 1071104K
  class space    used 2953K, capacity 3132K, committed 3148K, reserved 1048576K
2021-05-19T19:14:10.777+0000: 2.267: [GC (Allocation Failure) 2021-05-19T19:14:10.778+0000: 2.267: [ParNew
Desired survivor size 7012352 bytes, new threshold 6 (max 6)
- age   1:    3870592 bytes,    3870592 total
- age   2:     925728 bytes,    4796320 total
- age   3:     831408 bytes,    5627728 total
- age   4:     523760 bytes,    6151488 total
- age   5:     297384 bytes,    6448872 total
- age   6:     849392 bytes,    7298264 total
: 117473K->9533K(123520K), 0.0062874 secs] 122076K->14476K(397952K), 0.0066866 secs] [Times: user=0.04 sys=0.00, real=0.01 secs] 
Heap after GC invocations=11 (full 1):
 par new generation   total 123520K, used 9533K [0x000000062fe00000, 0x0000000638400000, 0x0000000663e00000)
  eden space 109824K,   0% used [0x000000062fe00000, 0x000000062fe00000, 0x0000000636940000)
  from space 13696K,  69% used [0x00000006376a0000, 0x0000000637fef740, 0x0000000638400000)
  to   space 13696K,   0% used [0x0000000636940000, 0x0000000636940000, 0x00000006376a0000)
 concurrent mark-sweep generation total 274432K, used 4942K [0x0000000663e00000, 0x0000000674a00000, 0x00000007c0000000)
 Metaspace       used 24719K, capacity 25472K, committed 25668K, reserved 1071104K
  class space    used 2953K, capacity 3132K, committed 3148K, reserved 1048576K
}
2021-05-19T19:14:10.785+0000: 2.274: Total time for which application threads were stopped: 0.0072964 seconds, Stopping threads took: 0.0000319 seconds
{Heap before GC invocations=11 (full 1):
 par new generation   total 123520K, used 119357K [0x000000062fe00000, 0x0000000638400000, 0x0000000663e00000)
  eden space 109824K, 100% used [0x000000062fe00000, 0x0000000636940000, 0x0000000636940000)
  from space 13696K,  69% used [0x00000006376a0000, 0x0000000637fef740, 0x0000000638400000)
  to   space 13696K,   0% used [0x0000000636940000, 0x0000000636940000, 0x00000006376a0000)
 concurrent mark-sweep generation total 274432K, used 4942K [0x0000000663e00000, 0x0000000674a00000, 0x00000007c0000000)
 Metaspace       used 25019K, capacity 25806K, committed 26052K, reserved 1073152K
  class space    used 3009K, capacity 3197K, committed 3276K, reserved 1048576K
2021-05-19T19:14:10.942+0000: 2.431: [GC (Allocation Failure) 2021-05-19T19:14:10.942+0000: 2.432: [ParNew
Desired survivor size 7012352 bytes, new threshold 3 (max 6)
- age   1:    3997312 bytes,    3997312 total
- age   2:    2180064 bytes,    6177376 total
- age   3:     919248 bytes,    7096624 total
- age   4:     831408 bytes,    7928032 total
- age   5:     517304 bytes,    8445336 total
- age   6:     282984 bytes,    8728320 total
: 119357K->10258K(123520K), 0.0079907 secs] 124300K->16047K(397952K), 0.0085132 secs] [Times: user=0.05 sys=0.00, real=0.01 secs] 
Heap after GC invocations=12 (full 1):
 par new generation   total 123520K, used 10258K [0x000000062fe00000, 0x0000000638400000, 0x0000000663e00000)
  eden space 109824K,   0% used [0x000000062fe00000, 0x000000062fe00000, 0x0000000636940000)
  from space 13696K,  74% used [0x0000000636940000, 0x0000000637344af8, 0x00000006376a0000)
  to   space 13696K,   0% used [0x00000006376a0000, 0x00000006376a0000, 0x0000000638400000)
 concurrent mark-sweep generation total 274432K, used 5788K [0x0000000663e00000, 0x0000000674a00000, 0x00000007c0000000)
 Metaspace       used 25019K, capacity 25806K, committed 26052K, reserved 1073152K
  class space    used 3009K, capacity 3197K, committed 3276K, reserved 1048576K
}
2021-05-19T19:14:10.951+0000: 2.440: Total time for which application threads were stopped: 0.0090354 seconds, Stopping threads took: 0.0000329 seconds
{Heap before GC invocations=12 (full 1):
 par new generation   total 123520K, used 120082K [0x000000062fe00000, 0x0000000638400000, 0x0000000663e00000)
  eden space 109824K, 100% used [0x000000062fe00000, 0x0000000636940000, 0x0000000636940000)
  from space 13696K,  74% used [0x0000000636940000, 0x0000000637344af8, 0x00000006376a0000)
  to   space 13696K,   0% used [0x00000006376a0000, 0x00000006376a0000, 0x0000000638400000)
 concurrent mark-sweep generation total 274432K, used 5788K [0x0000000663e00000, 0x0000000674a00000, 0x00000007c0000000)
 Metaspace       used 25347K, capacity 26214K, committed 26308K, reserved 1073152K
  class space    used 3027K, capacity 3231K, committed 3276K, reserved 1048576K
2021-05-19T19:14:11.130+0000: 2.620: [GC (Allocation Failure) 2021-05-19T19:14:11.130+0000: 2.620: [ParNew
Desired survivor size 7012352 bytes, new threshold 3 (max 6)
- age   1:    3431008 bytes,    3431008 total
- age   2:    1749168 bytes,    5180176 total
- age   3:    2138488 bytes,    7318664 total
: 120082K->9895K(123520K), 0.0100430 secs] 125871K->18222K(397952K), 0.0104694 secs] [Times: user=0.06 sys=0.00, real=0.01 secs] 
Heap after GC invocations=13 (full 1):
 par new generation   total 123520K, used 9895K [0x000000062fe00000, 0x0000000638400000, 0x0000000663e00000)
  eden space 109824K,   0% used [0x000000062fe00000, 0x000000062fe00000, 0x0000000636940000)
  from space 13696K,  72% used [0x00000006376a0000, 0x0000000638049d40, 0x0000000638400000)
  to   space 13696K,   0% used [0x0000000636940000, 0x0000000636940000, 0x00000006376a0000)
 concurrent mark-sweep generation total 274432K, used 8327K [0x0000000663e00000, 0x0000000674a00000, 0x00000007c0000000)
 Metaspace       used 25347K, capacity 26214K, committed 26308K, reserved 1073152K
  class space    used 3027K, capacity 3231K, committed 3276K, reserved 1048576K
}
2021-05-19T19:14:11.141+0000: 2.631: Total time for which application threads were stopped: 0.0111105 seconds, Stopping threads took: 0.0000357 seconds
{Heap before GC invocations=13 (full 1):
 par new generation   total 123520K, used 119719K [0x000000062fe00000, 0x0000000638400000, 0x0000000663e00000)
  eden space 109824K, 100% used [0x000000062fe00000, 0x0000000636940000, 0x0000000636940000)
  from space 13696K,  72% used [0x00000006376a0000, 0x0000000638049d40, 0x0000000638400000)
  to   space 13696K,   0% used [0x0000000636940000, 0x0000000636940000, 0x00000006376a0000)
 concurrent mark-sweep generation total 274432K, used 8327K [0x0000000663e00000, 0x0000000674a00000, 0x00000007c0000000)
 Metaspace       used 25520K, capacity 26424K, committed 26564K, reserved 1073152K
  class space    used 3052K, capacity 3234K, committed 3276K, reserved 1048576K
2021-05-19T19:14:11.283+0000: 2.773: [GC (Allocation Failure) 2021-05-19T19:14:11.283+0000: 2.773: [ParNew
Desired survivor size 7012352 bytes, new threshold 3 (max 6)
- age   1:    5611552 bytes,    5611552 total
- age   2:    1380088 bytes,    6991640 total
- age   3:    1743688 bytes,    8735328 total
: 119719K->10993K(123520K), 0.0086732 secs] 128046K->21430K(397952K), 0.0090948 secs] [Times: user=0.03 sys=0.01, real=0.01 secs] 
Heap after GC invocations=14 (full 1):
 par new generation   total 123520K, used 10993K [0x000000062fe00000, 0x0000000638400000, 0x0000000663e00000)
  eden space 109824K,   0% used [0x000000062fe00000, 0x000000062fe00000, 0x0000000636940000)
  from space 13696K,  80% used [0x0000000636940000, 0x00000006373fc5d0, 0x00000006376a0000)
  to   space 13696K,   0% used [0x00000006376a0000, 0x00000006376a0000, 0x0000000638400000)
 concurrent mark-sweep generation total 274432K, used 10437K [0x0000000663e00000, 0x0000000674a00000, 0x00000007c0000000)
 Metaspace       used 25520K, capacity 26424K, committed 26564K, reserved 1073152K
  class space    used 3052K, capacity 3234K, committed 3276K, reserved 1048576K
}
2021-05-19T19:14:11.293+0000: 2.783: Total time for which application threads were stopped: 0.0095817 seconds, Stopping threads took: 0.0000202 seconds
{Heap before GC invocations=14 (full 1):
 par new generation   total 123520K, used 120817K [0x000000062fe00000, 0x0000000638400000, 0x0000000663e00000)
  eden space 109824K, 100% used [0x000000062fe00000, 0x0000000636940000, 0x0000000636940000)
  from space 13696K,  80% used [0x0000000636940000, 0x00000006373fc5d0, 0x00000006376a0000)
  to   space 13696K,   0% used [0x00000006376a0000, 0x00000006376a0000, 0x0000000638400000)
 concurrent mark-sweep generation total 274432K, used 10437K [0x0000000663e00000, 0x0000000674a00000, 0x00000007c0000000)
 Metaspace       used 25702K, capacity 26652K, committed 26948K, reserved 1073152K
  class space    used 3077K, capacity 3278K, committed 3404K, reserved 1048576K
2021-05-19T19:14:11.397+0000: 2.887: [GC (Allocation Failure) 2021-05-19T19:14:11.397+0000: 2.887: [ParNew
Desired survivor size 7012352 bytes, new threshold 3 (max 6)
- age   1:    3328192 bytes,    3328192 total
- age   2:    2716520 bytes,    6044712 total
- age   3:    1375472 bytes,    7420184 total
: 120817K->9869K(123520K), 0.0074718 secs] 131254K->22034K(397952K), 0.0080278 secs] [Times: user=0.03 sys=0.00, real=0.01 secs] 
Heap after GC invocations=15 (full 1):
 par new generation   total 123520K, used 9869K [0x000000062fe00000, 0x0000000638400000, 0x0000000663e00000)
  eden space 109824K,   0% used [0x000000062fe00000, 0x000000062fe00000, 0x0000000636940000)
  from space 13696K,  72% used [0x00000006376a0000, 0x00000006380435f8, 0x0000000638400000)
  to   space 13696K,   0% used [0x0000000636940000, 0x0000000636940000, 0x00000006376a0000)
 concurrent mark-sweep generation total 274432K, used 12164K [0x0000000663e00000, 0x0000000674a00000, 0x00000007c0000000)
 Metaspace       used 25702K, capacity 26652K, committed 26948K, reserved 1073152K
  class space    used 3077K, capacity 3278K, committed 3404K, reserved 1048576K
}
2021-05-19T19:14:11.405+0000: 2.895: Total time for which application threads were stopped: 0.0085538 seconds, Stopping threads took: 0.0000817 seconds
{Heap before GC invocations=15 (full 1):
 par new generation   total 123520K, used 119693K [0x000000062fe00000, 0x0000000638400000, 0x0000000663e00000)
  eden space 109824K, 100% used [0x000000062fe00000, 0x0000000636940000, 0x0000000636940000)
  from space 13696K,  72% used [0x00000006376a0000, 0x00000006380435f8, 0x0000000638400000)
  to   space 13696K,   0% used [0x0000000636940000, 0x0000000636940000, 0x00000006376a0000)
 concurrent mark-sweep generation total 274432K, used 12164K [0x0000000663e00000, 0x0000000674a00000, 0x00000007c0000000)
 Metaspace       used 26208K, capacity 27132K, committed 27460K, reserved 1073152K
  class space    used 3119K, capacity 3310K, committed 3404K, reserved 1048576K
2021-05-19T19:14:11.480+0000: 2.970: [GC (Allocation Failure) 2021-05-19T19:14:11.480+0000: 2.970: [ParNew
Desired survivor size 7012352 bytes, new threshold 1 (max 6)
- age   1:    7910464 bytes,    7910464 total
- age   2:     776304 bytes,    8686768 total
- age   3:    2714392 bytes,   11401160 total
: 119693K->13696K(123520K), 0.0356257 secs] 131858K->31816K(397952K), 0.0361039 secs] [Times: user=0.10 sys=0.00, real=0.03 secs] 
Heap after GC invocations=16 (full 1):
 par new generation   total 123520K, used 13696K [0x000000062fe00000, 0x0000000638400000, 0x0000000663e00000)
  eden space 109824K,   0% used [0x000000062fe00000, 0x000000062fe00000, 0x0000000636940000)
  from space 13696K, 100% used [0x0000000636940000, 0x00000006376a0000, 0x00000006376a0000)
  to   space 13696K,   0% used [0x00000006376a0000, 0x00000006376a0000, 0x0000000638400000)
 concurrent mark-sweep generation total 274432K, used 18120K [0x0000000663e00000, 0x0000000674a00000, 0x00000007c0000000)
 Metaspace       used 26208K, capacity 27132K, committed 27460K, reserved 1073152K
  class space    used 3119K, capacity 3310K, committed 3404K, reserved 1048576K
}
2021-05-19T19:14:11.516+0000: 3.006: Total time for which application threads were stopped: 0.0366665 seconds, Stopping threads took: 0.0001048 seconds
{Heap before GC invocations=16 (full 1):
 par new generation   total 123520K, used 123520K [0x000000062fe00000, 0x0000000638400000, 0x0000000663e00000)
  eden space 109824K, 100% used [0x000000062fe00000, 0x0000000636940000, 0x0000000636940000)
  from space 13696K, 100% used [0x0000000636940000, 0x00000006376a0000, 0x00000006376a0000)
  to   space 13696K,   0% used [0x00000006376a0000, 0x00000006376a0000, 0x0000000638400000)
 concurrent mark-sweep generation total 274432K, used 18120K [0x0000000663e00000, 0x0000000674a00000, 0x00000007c0000000)
 Metaspace       used 26733K, capacity 27644K, committed 27716K, reserved 1073152K
  class space    used 3166K, capacity 3374K, committed 3404K, reserved 1048576K
2021-05-19T19:14:11.626+0000: 3.116: [GC (Allocation Failure) 2021-05-19T19:14:11.626+0000: 3.116: [ParNew
Desired survivor size 7012352 bytes, new threshold 1 (max 6)
- age   1:    9856960 bytes,    9856960 total
: 123520K->13695K(123520K), 0.0300263 secs] 141640K->38278K(397952K), 0.0304673 secs] [Times: user=0.08 sys=0.00, real=0.03 secs] 
Heap after GC invocations=17 (full 1):
 par new generation   total 123520K, used 13695K [0x000000062fe00000, 0x0000000638400000, 0x0000000663e00000)
  eden space 109824K,   0% used [0x000000062fe00000, 0x000000062fe00000, 0x0000000636940000)
  from space 13696K,  99% used [0x00000006376a0000, 0x00000006383ffff8, 0x0000000638400000)
  to   space 13696K,   0% used [0x0000000636940000, 0x0000000636940000, 0x00000006376a0000)
 concurrent mark-sweep generation total 274432K, used 24582K [0x0000000663e00000, 0x0000000674a00000, 0x00000007c0000000)
 Metaspace       used 26733K, capacity 27644K, committed 27716K, reserved 1073152K
  class space    used 3166K, capacity 3374K, committed 3404K, reserved 1048576K
}
2021-05-19T19:14:11.657+0000: 3.146: Total time for which application threads were stopped: 0.0308797 seconds, Stopping threads took: 0.0000295 seconds
{Heap before GC invocations=17 (full 1):
 par new generation   total 123520K, used 123519K [0x000000062fe00000, 0x0000000638400000, 0x0000000663e00000)
  eden space 109824K, 100% used [0x000000062fe00000, 0x0000000636940000, 0x0000000636940000)
  from space 13696K,  99% used [0x00000006376a0000, 0x00000006383ffff8, 0x0000000638400000)
  to   space 13696K,   0% used [0x0000000636940000, 0x0000000636940000, 0x00000006376a0000)
 concurrent mark-sweep generation total 274432K, used 24582K [0x0000000663e00000, 0x0000000674a00000, 0x00000007c0000000)
 Metaspace       used 26740K, capacity 27644K, committed 27716K, reserved 1073152K
  class space    used 3166K, capacity 3374K, committed 3404K, reserved 1048576K
2021-05-19T19:14:11.750+0000: 3.240: [GC (Allocation Failure) 2021-05-19T19:14:11.750+0000: 3.240: [ParNew
Desired survivor size 7012352 bytes, new threshold 1 (max 6)
- age   1:   13292280 bytes,   13292280 total
: 123519K->13695K(123520K), 0.0302676 secs] 148102K->39313K(397952K), 0.0306701 secs] [Times: user=0.07 sys=0.01, real=0.03 secs] 
Heap after GC invocations=18 (full 1):
 par new generation   total 123520K, used 13695K [0x000000062fe00000, 0x0000000638400000, 0x0000000663e00000)
  eden space 109824K,   0% used [0x000000062fe00000, 0x000000062fe00000, 0x0000000636940000)
  from space 13696K,  99% used [0x0000000636940000, 0x000000063769fff8, 0x00000006376a0000)
  to   space 13696K,   0% used [0x00000006376a0000, 0x00000006376a0000, 0x0000000638400000)
 concurrent mark-sweep generation total 274432K, used 25617K [0x0000000663e00000, 0x0000000674a00000, 0x00000007c0000000)
 Metaspace       used 26740K, capacity 27644K, committed 27716K, reserved 1073152K
  class space    used 3166K, capacity 3374K, committed 3404K, reserved 1048576K
}
2021-05-19T19:14:11.781+0000: 3.271: Total time for which application threads were stopped: 0.0311757 seconds, Stopping threads took: 0.0000948 seconds
{Heap before GC invocations=18 (full 1):
 par new generation   total 123520K, used 123519K [0x000000062fe00000, 0x0000000638400000, 0x0000000663e00000)
  eden space 109824K, 100% used [0x000000062fe00000, 0x0000000636940000, 0x0000000636940000)
  from space 13696K,  99% used [0x0000000636940000, 0x000000063769fff8, 0x00000006376a0000)
  to   space 13696K,   0% used [0x00000006376a0000, 0x00000006376a0000, 0x0000000638400000)
 concurrent mark-sweep generation total 274432K, used 25617K [0x0000000663e00000, 0x0000000674a00000, 0x00000007c0000000)
 Metaspace       used 26742K, capacity 27644K, committed 27716K, reserved 1073152K
  class space    used 3166K, capacity 3374K, committed 3404K, reserved 1048576K
2021-05-19T19:14:11.866+0000: 3.355: [GC (Allocation Failure) 2021-05-19T19:14:11.866+0000: 3.356: [ParNew
Desired survivor size 7012352 bytes, new threshold 1 (max 6)
- age   1:   13100184 bytes,   13100184 total
: 123519K->13696K(123520K), 0.0298761 secs] 149137K->40431K(397952K), 0.0302373 secs] [Times: user=0.07 sys=0.00, real=0.03 secs] 
Heap after GC invocations=19 (full 1):
 par new generation   total 123520K, used 13696K [0x000000062fe00000, 0x0000000638400000, 0x0000000663e00000)
  eden space 109824K,   0% used [0x000000062fe00000, 0x000000062fe00000, 0x0000000636940000)
  from space 13696K, 100% used [0x00000006376a0000, 0x0000000638400000, 0x0000000638400000)
  to   space 13696K,   0% used [0x0000000636940000, 0x0000000636940000, 0x00000006376a0000)
 concurrent mark-sweep generation total 274432K, used 26735K [0x0000000663e00000, 0x0000000674a00000, 0x00000007c0000000)
 Metaspace       used 26742K, capacity 27644K, committed 27716K, reserved 1073152K
  class space    used 3166K, capacity 3374K, committed 3404K, reserved 1048576K
}
2021-05-19T19:14:11.896+0000: 3.386: Total time for which application threads were stopped: 0.0307033 seconds, Stopping threads took: 0.0000177 seconds
{Heap before GC invocations=19 (full 1):
 par new generation   total 123520K, used 123520K [0x000000062fe00000, 0x0000000638400000, 0x0000000663e00000)
  eden space 109824K, 100% used [0x000000062fe00000, 0x0000000636940000, 0x0000000636940000)
  from space 13696K, 100% used [0x00000006376a0000, 0x0000000638400000, 0x0000000638400000)
  to   space 13696K,   0% used [0x0000000636940000, 0x0000000636940000, 0x00000006376a0000)
 concurrent mark-sweep generation total 274432K, used 26735K [0x0000000663e00000, 0x0000000674a00000, 0x00000007c0000000)
 Metaspace       used 26746K, capacity 27648K, committed 27716K, reserved 1073152K
  class space    used 3166K, capacity 3374K, committed 3404K, reserved 1048576K
2021-05-19T19:14:11.973+0000: 3.463: [GC (Allocation Failure) 2021-05-19T19:14:11.973+0000: 3.463: [ParNew
Desired survivor size 7012352 bytes, new threshold 1 (max 6)
- age   1:   13406920 bytes,   13406920 total
: 123520K->13696K(123520K), 0.0290449 secs] 150255K->41125K(397952K), 0.0294430 secs] [Times: user=0.07 sys=0.00, real=0.03 secs] 
Heap after GC invocations=20 (full 1):
 par new generation   total 123520K, used 13696K [0x000000062fe00000, 0x0000000638400000, 0x0000000663e00000)
  eden space 109824K,   0% used [0x000000062fe00000, 0x000000062fe00000, 0x0000000636940000)
  from space 13696K, 100% used [0x0000000636940000, 0x00000006376a0000, 0x00000006376a0000)
  to   space 13696K,   0% used [0x00000006376a0000, 0x00000006376a0000, 0x0000000638400000)
 concurrent mark-sweep generation total 274432K, used 27429K [0x0000000663e00000, 0x0000000674a00000, 0x00000007c0000000)
 Metaspace       used 26746K, capacity 27648K, committed 27716K, reserved 1073152K
  class space    used 3166K, capacity 3374K, committed 3404K, reserved 1048576K
}
2021-05-19T19:14:12.003+0000: 3.493: Total time for which application threads were stopped: 0.0298286 seconds, Stopping threads took: 0.0000227 seconds
{Heap before GC invocations=20 (full 1):
 par new generation   total 123520K, used 123520K [0x000000062fe00000, 0x0000000638400000, 0x0000000663e00000)
  eden space 109824K, 100% used [0x000000062fe00000, 0x0000000636940000, 0x0000000636940000)
  from space 13696K, 100% used [0x0000000636940000, 0x00000006376a0000, 0x00000006376a0000)
  to   space 13696K,   0% used [0x00000006376a0000, 0x00000006376a0000, 0x0000000638400000)
 concurrent mark-sweep generation total 274432K, used 27429K [0x0000000663e00000, 0x0000000674a00000, 0x00000007c0000000)
 Metaspace       used 26748K, capacity 27648K, committed 27716K, reserved 1073152K
  class space    used 3166K, capacity 3374K, committed 3404K, reserved 1048576K
2021-05-19T19:14:12.088+0000: 3.578: [GC (Allocation Failure) 2021-05-19T19:14:12.088+0000: 3.578: [ParNew
Desired survivor size 7012352 bytes, new threshold 1 (max 6)
- age   1:   13254352 bytes,   13254352 total
: 123520K->13696K(123520K), 0.0286026 secs] 150949K->42172K(397952K), 0.0289896 secs] [Times: user=0.06 sys=0.00, real=0.03 secs] 
Heap after GC invocations=21 (full 1):
 par new generation   total 123520K, used 13696K [0x000000062fe00000, 0x0000000638400000, 0x0000000663e00000)
  eden space 109824K,   0% used [0x000000062fe00000, 0x000000062fe00000, 0x0000000636940000)
  from space 13696K, 100% used [0x00000006376a0000, 0x0000000638400000, 0x0000000638400000)
  to   space 13696K,   0% used [0x0000000636940000, 0x0000000636940000, 0x00000006376a0000)
 concurrent mark-sweep generation total 274432K, used 28476K [0x0000000663e00000, 0x0000000674a00000, 0x00000007c0000000)
 Metaspace       used 26748K, capacity 27648K, committed 27716K, reserved 1073152K
  class space    used 3166K, capacity 3374K, committed 3404K, reserved 1048576K
}
2021-05-19T19:14:12.117+0000: 3.607: Total time for which application threads were stopped: 0.0294299 seconds, Stopping threads took: 0.0000842 seconds
{Heap before GC invocations=21 (full 1):
 par new generation   total 123520K, used 123520K [0x000000062fe00000, 0x0000000638400000, 0x0000000663e00000)
  eden space 109824K, 100% used [0x000000062fe00000, 0x0000000636940000, 0x0000000636940000)
  from space 13696K, 100% used [0x00000006376a0000, 0x0000000638400000, 0x0000000638400000)
  to   space 13696K,   0% used [0x0000000636940000, 0x0000000636940000, 0x00000006376a0000)
 concurrent mark-sweep generation total 274432K, used 28476K [0x0000000663e00000, 0x0000000674a00000, 0x00000007c0000000)
 Metaspace       used 28136K, capacity 29066K, committed 29252K, reserved 1075200K
  class space    used 3324K, capacity 3547K, committed 3660K, reserved 1048576K
2021-05-19T19:14:12.276+0000: 3.766: [GC (Allocation Failure) 2021-05-19T19:14:12.276+0000: 3.766: [ParNew
Desired survivor size 7012352 bytes, new threshold 1 (max 6)
- age   1:    9225312 bytes,    9225312 total
: 123520K->9527K(123520K), 0.0162361 secs] 151996K->38508K(397952K), 0.0166173 secs] [Times: user=0.04 sys=0.00, real=0.02 secs] 
Heap after GC invocations=22 (full 1):
 par new generation   total 123520K, used 9527K [0x000000062fe00000, 0x0000000638400000, 0x0000000663e00000)
  eden space 109824K,   0% used [0x000000062fe00000, 0x000000062fe00000, 0x0000000636940000)
  from space 13696K,  69% used [0x0000000636940000, 0x000000063728de98, 0x00000006376a0000)
  to   space 13696K,   0% used [0x00000006376a0000, 0x00000006376a0000, 0x0000000638400000)
 concurrent mark-sweep generation total 274432K, used 28981K [0x0000000663e00000, 0x0000000674a00000, 0x00000007c0000000)
 Metaspace       used 28136K, capacity 29066K, committed 29252K, reserved 1075200K
  class space    used 3324K, capacity 3547K, committed 3660K, reserved 1048576K
}
2021-05-19T19:14:12.293+0000: 3.783: Total time for which application threads were stopped: 0.0170653 seconds, Stopping threads took: 0.0000191 seconds
{Heap before GC invocations=22 (full 1):
 par new generation   total 123520K, used 119351K [0x000000062fe00000, 0x0000000638400000, 0x0000000663e00000)
  eden space 109824K, 100% used [0x000000062fe00000, 0x0000000636940000, 0x0000000636940000)
  from space 13696K,  69% used [0x0000000636940000, 0x000000063728de98, 0x00000006376a0000)
  to   space 13696K,   0% used [0x00000006376a0000, 0x00000006376a0000, 0x0000000638400000)
 concurrent mark-sweep generation total 274432K, used 28981K [0x0000000663e00000, 0x0000000674a00000, 0x00000007c0000000)
 Metaspace       used 29279K, capacity 30186K, committed 30404K, reserved 1075200K
  class space    used 3471K, capacity 3707K, committed 3788K, reserved 1048576K
2021-05-19T19:14:12.404+0000: 3.893: [GC (Allocation Failure) 2021-05-19T19:14:12.404+0000: 3.894: [ParNew
Desired survivor size 7012352 bytes, new threshold 6 (max 6)
- age   1:    4055944 bytes,    4055944 total
: 119351K->5051K(123520K), 0.0091194 secs] 148332K->35083K(397952K), 0.0095022 secs] [Times: user=0.03 sys=0.00, real=0.01 secs] 
Heap after GC invocations=23 (full 1):
 par new generation   total 123520K, used 5051K [0x000000062fe00000, 0x0000000638400000, 0x0000000663e00000)
  eden space 109824K,   0% used [0x000000062fe00000, 0x000000062fe00000, 0x0000000636940000)
  from space 13696K,  36% used [0x00000006376a0000, 0x0000000637b8ecd0, 0x0000000638400000)
  to   space 13696K,   0% used [0x0000000636940000, 0x0000000636940000, 0x00000006376a0000)
 concurrent mark-sweep generation total 274432K, used 30032K [0x0000000663e00000, 0x0000000674a00000, 0x00000007c0000000)
 Metaspace       used 29279K, capacity 30186K, committed 30404K, reserved 1075200K
  class space    used 3471K, capacity 3707K, committed 3788K, reserved 1048576K
}
2021-05-19T19:14:12.413+0000: 3.903: Total time for which application threads were stopped: 0.0099369 seconds, Stopping threads took: 0.0000187 seconds
{Heap before GC invocations=23 (full 1):
 par new generation   total 123520K, used 114875K [0x000000062fe00000, 0x0000000638400000, 0x0000000663e00000)
  eden space 109824K, 100% used [0x000000062fe00000, 0x0000000636940000, 0x0000000636940000)
  from space 13696K,  36% used [0x00000006376a0000, 0x0000000637b8ecd0, 0x0000000638400000)
  to   space 13696K,   0% used [0x0000000636940000, 0x0000000636940000, 0x00000006376a0000)
 concurrent mark-sweep generation total 274432K, used 30032K [0x0000000663e00000, 0x0000000674a00000, 0x00000007c0000000)
 Metaspace       used 30351K, capacity 31400K, committed 31556K, reserved 1077248K
  class space    used 3587K, capacity 3820K, committed 3916K, reserved 1048576K
2021-05-19T19:14:12.564+0000: 4.054: [GC (Allocation Failure) 2021-05-19T19:14:12.564+0000: 4.054: [ParNew
Desired survivor size 7012352 bytes, new threshold 6 (max 6)
- age   1:    5181216 bytes,    5181216 total
- age   2:     345048 bytes,    5526264 total
: 114875K->5627K(123520K), 0.0103354 secs] 144907K->35660K(397952K), 0.0108872 secs] [Times: user=0.05 sys=0.00, real=0.01 secs] 
Heap after GC invocations=24 (full 1):
 par new generation   total 123520K, used 5627K [0x000000062fe00000, 0x0000000638400000, 0x0000000663e00000)
  eden space 109824K,   0% used [0x000000062fe00000, 0x000000062fe00000, 0x0000000636940000)
  from space 13696K,  41% used [0x0000000636940000, 0x0000000636ebee10, 0x00000006376a0000)
  to   space 13696K,   0% used [0x00000006376a0000, 0x00000006376a0000, 0x0000000638400000)
 concurrent mark-sweep generation total 274432K, used 30032K [0x0000000663e00000, 0x0000000674a00000, 0x00000007c0000000)
 Metaspace       used 30351K, capacity 31400K, committed 31556K, reserved 1077248K
  class space    used 3587K, capacity 3820K, committed 3916K, reserved 1048576K
}
2021-05-19T19:14:12.575+0000: 4.065: Total time for which application threads were stopped: 0.0114171 seconds, Stopping threads took: 0.0000780 seconds
{Heap before GC invocations=24 (full 1):
 par new generation   total 123520K, used 115451K [0x000000062fe00000, 0x0000000638400000, 0x0000000663e00000)
  eden space 109824K, 100% used [0x000000062fe00000, 0x0000000636940000, 0x0000000636940000)
  from space 13696K,  41% used [0x0000000636940000, 0x0000000636ebee10, 0x00000006376a0000)
  to   space 13696K,   0% used [0x00000006376a0000, 0x00000006376a0000, 0x0000000638400000)
 concurrent mark-sweep generation total 274432K, used 30032K [0x0000000663e00000, 0x0000000674a00000, 0x00000007c0000000)
 Metaspace       used 30633K, capacity 31684K, committed 31812K, reserved 1077248K
  class space    used 3630K, capacity 3866K, committed 3916K, reserved 1048576K
2021-05-19T19:14:12.700+0000: 4.190: [GC (Allocation Failure) 2021-05-19T19:14:12.700+0000: 4.190: [ParNew
Desired survivor size 7012352 bytes, new threshold 6 (max 6)
- age   1:    5251512 bytes,    5251512 total
- age   2:     596704 bytes,    5848216 total
- age   3:     344632 bytes,    6192848 total
: 115451K->6859K(123520K), 0.0102583 secs] 145484K->36892K(397952K), 0.0106566 secs] [Times: user=0.03 sys=0.01, real=0.01 secs] 
Heap after GC invocations=25 (full 1):
 par new generation   total 123520K, used 6859K [0x000000062fe00000, 0x0000000638400000, 0x0000000663e00000)
  eden space 109824K,   0% used [0x000000062fe00000, 0x000000062fe00000, 0x0000000636940000)
  from space 13696K,  50% used [0x00000006376a0000, 0x0000000637d52e90, 0x0000000638400000)
  to   space 13696K,   0% used [0x0000000636940000, 0x0000000636940000, 0x00000006376a0000)
 concurrent mark-sweep generation total 274432K, used 30032K [0x0000000663e00000, 0x0000000674a00000, 0x00000007c0000000)
 Metaspace       used 30633K, capacity 31684K, committed 31812K, reserved 1077248K
  class space    used 3630K, capacity 3866K, committed 3916K, reserved 1048576K
}
2021-05-19T19:14:12.711+0000: 4.201: Total time for which application threads were stopped: 0.0111248 seconds, Stopping threads took: 0.0000204 seconds
2021-05-19T19:14:12.778+0000: 4.268: Total time for which application threads were stopped: 0.0005458 seconds, Stopping threads took: 0.0000323 seconds
{Heap before GC invocations=25 (full 1):
 par new generation   total 123520K, used 116683K [0x000000062fe00000, 0x0000000638400000, 0x0000000663e00000)
  eden space 109824K, 100% used [0x000000062fe00000, 0x0000000636940000, 0x0000000636940000)
  from space 13696K,  50% used [0x00000006376a0000, 0x0000000637d52e90, 0x0000000638400000)
  to   space 13696K,   0% used [0x0000000636940000, 0x0000000636940000, 0x00000006376a0000)
 concurrent mark-sweep generation total 274432K, used 30032K [0x0000000663e00000, 0x0000000674a00000, 0x00000007c0000000)
 Metaspace       used 31095K, capacity 32200K, committed 32452K, reserved 1077248K
  class space    used 3704K, capacity 3942K, committed 4044K, reserved 1048576K
2021-05-19T19:14:12.832+0000: 4.321: [GC (Allocation Failure) 2021-05-19T19:14:12.832+0000: 4.322: [ParNew
Desired survivor size 7012352 bytes, new threshold 4 (max 6)
- age   1:    5495152 bytes,    5495152 total
- age   2:     691944 bytes,    6187096 total
- age   3:     593800 bytes,    6780896 total
- age   4:     344056 bytes,    7124952 total
: 116683K->7987K(123520K), 0.0102134 secs] 146716K->38020K(397952K), 0.0105628 secs] [Times: user=0.03 sys=0.01, real=0.01 secs] 
Heap after GC invocations=26 (full 1):
 par new generation   total 123520K, used 7987K [0x000000062fe00000, 0x0000000638400000, 0x0000000663e00000)
  eden space 109824K,   0% used [0x000000062fe00000, 0x000000062fe00000, 0x0000000636940000)
  from space 13696K,  58% used [0x0000000636940000, 0x000000063710ce08, 0x00000006376a0000)
  to   space 13696K,   0% used [0x00000006376a0000, 0x00000006376a0000, 0x0000000638400000)
 concurrent mark-sweep generation total 274432K, used 30032K [0x0000000663e00000, 0x0000000674a00000, 0x00000007c0000000)
 Metaspace       used 31095K, capacity 32200K, committed 32452K, reserved 1077248K
  class space    used 3704K, capacity 3942K, committed 4044K, reserved 1048576K
}
2021-05-19T19:14:12.843+0000: 4.332: Total time for which application threads were stopped: 0.0109755 seconds, Stopping threads took: 0.0000206 seconds
2021-05-19T19:14:12.885+0000: 4.375: Total time for which application threads were stopped: 0.0005249 seconds, Stopping threads took: 0.0000207 seconds
2021-05-19T19:14:12.907+0000: 4.397: Total time for which application threads were stopped: 0.0004115 seconds, Stopping threads took: 0.0000174 seconds
2021-05-19T19:14:12.941+0000: 4.431: Total time for which application threads were stopped: 0.0003955 seconds, Stopping threads took: 0.0000182 seconds
{Heap before GC invocations=26 (full 1):
 par new generation   total 123520K, used 117811K [0x000000062fe00000, 0x0000000638400000, 0x0000000663e00000)
  eden space 109824K, 100% used [0x000000062fe00000, 0x0000000636940000, 0x0000000636940000)
  from space 13696K,  58% used [0x0000000636940000, 0x000000063710ce08, 0x00000006376a0000)
  to   space 13696K,   0% used [0x00000006376a0000, 0x00000006376a0000, 0x0000000638400000)
 concurrent mark-sweep generation total 274432K, used 30032K [0x0000000663e00000, 0x0000000674a00000, 0x00000007c0000000)
 Metaspace       used 32200K, capacity 33496K, committed 33604K, reserved 1079296K
  class space    used 3852K, capacity 4102K, committed 4172K, reserved 1048576K
2021-05-19T19:14:13.013+0000: 4.503: [GC (Allocation Failure) 2021-05-19T19:14:13.014+0000: 4.503: [ParNew
Desired survivor size 7012352 bytes, new threshold 3 (max 6)
- age   1:    6147584 bytes,    6147584 total
- age   2:     602616 bytes,    6750200 total
- age   3:     684664 bytes,    7434864 total
- age   4:     592936 bytes,    8027800 total
: 117811K->9118K(123520K), 0.0117522 secs] 147844K->39493K(397952K), 0.0121839 secs] [Times: user=0.03 sys=0.01, real=0.01 secs] 
Heap after GC invocations=27 (full 1):
 par new generation   total 123520K, used 9118K [0x000000062fe00000, 0x0000000638400000, 0x0000000663e00000)
  eden space 109824K,   0% used [0x000000062fe00000, 0x000000062fe00000, 0x0000000636940000)
  from space 13696K,  66% used [0x00000006376a0000, 0x0000000637f879d0, 0x0000000638400000)
  to   space 13696K,   0% used [0x0000000636940000, 0x0000000636940000, 0x00000006376a0000)
 concurrent mark-sweep generation total 274432K, used 30375K [0x0000000663e00000, 0x0000000674a00000, 0x00000007c0000000)
 Metaspace       used 32200K, capacity 33496K, committed 33604K, reserved 1079296K
  class space    used 3852K, capacity 4102K, committed 4172K, reserved 1048576K
}
2021-05-19T19:14:13.026+0000: 4.516: Total time for which application threads were stopped: 0.0126260 seconds, Stopping threads took: 0.0000228 seconds
{Heap before GC invocations=27 (full 1):
 par new generation   total 123520K, used 118942K [0x000000062fe00000, 0x0000000638400000, 0x0000000663e00000)
  eden space 109824K, 100% used [0x000000062fe00000, 0x0000000636940000, 0x0000000636940000)
  from space 13696K,  66% used [0x00000006376a0000, 0x0000000637f879d0, 0x0000000638400000)
  to   space 13696K,   0% used [0x0000000636940000, 0x0000000636940000, 0x00000006376a0000)
 concurrent mark-sweep generation total 274432K, used 30375K [0x0000000663e00000, 0x0000000674a00000, 0x00000007c0000000)
 Metaspace       used 32733K, capacity 33982K, committed 34116K, reserved 1079296K
  class space    used 3918K, capacity 4171K, committed 4172K, reserved 1048576K
2021-05-19T19:14:13.172+0000: 4.661: [GC (Allocation Failure) 2021-05-19T19:14:13.172+0000: 4.662: [ParNew
Desired survivor size 7012352 bytes, new threshold 1 (max 6)
- age   1:   11468872 bytes,   11468872 total
- age   2:     518456 bytes,   11987328 total
- age   3:     595176 bytes,   12582504 total
: 118942K->13590K(123520K), 0.0231868 secs] 149317K->45234K(397952K), 0.0235698 secs] [Times: user=0.05 sys=0.00, real=0.02 secs] 
Heap after GC invocations=28 (full 1):
 par new generation   total 123520K, used 13590K [0x000000062fe00000, 0x0000000638400000, 0x0000000663e00000)
  eden space 109824K,   0% used [0x000000062fe00000, 0x000000062fe00000, 0x0000000636940000)
  from space 13696K,  99% used [0x0000000636940000, 0x0000000637685ab0, 0x00000006376a0000)
  to   space 13696K,   0% used [0x00000006376a0000, 0x00000006376a0000, 0x0000000638400000)
 concurrent mark-sweep generation total 274432K, used 31643K [0x0000000663e00000, 0x0000000674a00000, 0x00000007c0000000)
 Metaspace       used 32733K, capacity 33982K, committed 34116K, reserved 1079296K
  class space    used 3918K, capacity 4171K, committed 4172K, reserved 1048576K
}
2021-05-19T19:14:13.196+0000: 4.685: Total time for which application threads were stopped: 0.0239756 seconds, Stopping threads took: 0.0000194 seconds
{Heap before GC invocations=28 (full 1):
 par new generation   total 123520K, used 123414K [0x000000062fe00000, 0x0000000638400000, 0x0000000663e00000)
  eden space 109824K, 100% used [0x000000062fe00000, 0x0000000636940000, 0x0000000636940000)
  from space 13696K,  99% used [0x0000000636940000, 0x0000000637685ab0, 0x00000006376a0000)
  to   space 13696K,   0% used [0x00000006376a0000, 0x00000006376a0000, 0x0000000638400000)
 concurrent mark-sweep generation total 274432K, used 31643K [0x0000000663e00000, 0x0000000674a00000, 0x00000007c0000000)
 Metaspace       used 33663K, capacity 34940K, committed 35140K, reserved 1079296K
  class space    used 4034K, capacity 4312K, committed 4428K, reserved 1048576K
2021-05-19T19:14:13.388+0000: 4.878: [GC (Allocation Failure) 2021-05-19T19:14:13.388+0000: 4.878: [ParNew
Desired survivor size 7012352 bytes, new threshold 6 (max 6)
- age   1:    6450792 bytes,    6450792 total
: 123414K->7698K(123520K), 0.0121769 secs] 155058K->40875K(397952K), 0.0126721 secs] [Times: user=0.07 sys=0.01, real=0.02 secs] 
Heap after GC invocations=29 (full 1):
 par new generation   total 123520K, used 7698K [0x000000062fe00000, 0x0000000638400000, 0x0000000663e00000)
  eden space 109824K,   0% used [0x000000062fe00000, 0x000000062fe00000, 0x0000000636940000)
  from space 13696K,  56% used [0x00000006376a0000, 0x0000000637e24b30, 0x0000000638400000)
  to   space 13696K,   0% used [0x0000000636940000, 0x0000000636940000, 0x00000006376a0000)
 concurrent mark-sweep generation total 274432K, used 33177K [0x0000000663e00000, 0x0000000674a00000, 0x00000007c0000000)
 Metaspace       used 33663K, capacity 34940K, committed 35140K, reserved 1079296K
  class space    used 4034K, capacity 4312K, committed 4428K, reserved 1048576K
}
2021-05-19T19:14:13.401+0000: 4.891: Total time for which application threads were stopped: 0.0131555 seconds, Stopping threads took: 0.0000314 seconds
{Heap before GC invocations=29 (full 1):
 par new generation   total 123520K, used 117522K [0x000000062fe00000, 0x0000000638400000, 0x0000000663e00000)
  eden space 109824K, 100% used [0x000000062fe00000, 0x0000000636940000, 0x0000000636940000)
  from space 13696K,  56% used [0x00000006376a0000, 0x0000000637e24b30, 0x0000000638400000)
  to   space 13696K,   0% used [0x0000000636940000, 0x0000000636940000, 0x00000006376a0000)
 concurrent mark-sweep generation total 274432K, used 33177K [0x0000000663e00000, 0x0000000674a00000, 0x00000007c0000000)
 Metaspace       used 34486K, capacity 35884K, committed 35908K, reserved 1081344K
  class space    used 4156K, capacity 4420K, committed 4428K, reserved 1048576K
2021-05-19T19:14:13.619+0000: 5.109: [GC (Allocation Failure) 2021-05-19T19:14:13.619+0000: 5.109: [ParNew
Desired survivor size 7012352 bytes, new threshold 6 (max 6)
- age   1:    4181104 bytes,    4181104 total
- age   2:     992672 bytes,    5173776 total
: 117522K->5755K(123520K), 0.0077759 secs] 150699K->38932K(397952K), 0.0083504 secs] [Times: user=0.02 sys=0.01, real=0.00 secs] 
Heap after GC invocations=30 (full 1):
 par new generation   total 123520K, used 5755K [0x000000062fe00000, 0x0000000638400000, 0x0000000663e00000)
  eden space 109824K,   0% used [0x000000062fe00000, 0x000000062fe00000, 0x0000000636940000)
  from space 13696K,  42% used [0x0000000636940000, 0x0000000636edee48, 0x00000006376a0000)
  to   space 13696K,   0% used [0x00000006376a0000, 0x00000006376a0000, 0x0000000638400000)
 concurrent mark-sweep generation total 274432K, used 33177K [0x0000000663e00000, 0x0000000674a00000, 0x00000007c0000000)
 Metaspace       used 34486K, capacity 35884K, committed 35908K, reserved 1081344K
  class space    used 4156K, capacity 4420K, committed 4428K, reserved 1048576K
}
2021-05-19T19:14:13.628+0000: 5.118: Total time for which application threads were stopped: 0.0088198 seconds, Stopping threads took: 0.0000276 seconds
2021-05-19T19:14:13.703+0000: 5.192: Total time for which application threads were stopped: 0.0005847 seconds, Stopping threads took: 0.0000201 seconds
2021-05-19T19:14:13.703+0000: 5.193: Total time for which application threads were stopped: 0.0001155 seconds, Stopping threads took: 0.0000117 seconds
{Heap before GC invocations=30 (full 1):
 par new generation   total 123520K, used 115579K [0x000000062fe00000, 0x0000000638400000, 0x0000000663e00000)
  eden space 109824K, 100% used [0x000000062fe00000, 0x0000000636940000, 0x0000000636940000)
  from space 13696K,  42% used [0x0000000636940000, 0x0000000636edee48, 0x00000006376a0000)
  to   space 13696K,   0% used [0x00000006376a0000, 0x00000006376a0000, 0x0000000638400000)
 concurrent mark-sweep generation total 274432K, used 33177K [0x0000000663e00000, 0x0000000674a00000, 0x00000007c0000000)
 Metaspace       used 35214K, capacity 36554K, committed 36804K, reserved 1081344K
  class space    used 4258K, capacity 4531K, committed 4556K, reserved 1048576K
2021-05-19T19:14:13.803+0000: 5.293: [GC (Allocation Failure) 2021-05-19T19:14:13.803+0000: 5.293: [ParNew
Desired survivor size 7012352 bytes, new threshold 6 (max 6)
- age   1:    4233144 bytes,    4233144 total
- age   2:     675512 bytes,    4908656 total
- age   3:     975944 bytes,    5884600 total
: 115579K->6805K(123520K), 0.0081598 secs] 148756K->39982K(397952K), 0.0085173 secs] [Times: user=0.02 sys=0.00, real=0.01 secs] 
Heap after GC invocations=31 (full 1):
 par new generation   total 123520K, used 6805K [0x000000062fe00000, 0x0000000638400000, 0x0000000663e00000)
  eden space 109824K,   0% used [0x000000062fe00000, 0x000000062fe00000, 0x0000000636940000)
  from space 13696K,  49% used [0x00000006376a0000, 0x0000000637d45440, 0x0000000638400000)
  to   space 13696K,   0% used [0x0000000636940000, 0x0000000636940000, 0x00000006376a0000)
 concurrent mark-sweep generation total 274432K, used 33177K [0x0000000663e00000, 0x0000000674a00000, 0x00000007c0000000)
 Metaspace       used 35214K, capacity 36554K, committed 36804K, reserved 1081344K
  class space    used 4258K, capacity 4531K, committed 4556K, reserved 1048576K
}
2021-05-19T19:14:13.812+0000: 5.302: Total time for which application threads were stopped: 0.0089914 seconds, Stopping threads took: 0.0000459 seconds
2021-05-19T19:14:13.922+0000: 5.412: Total time for which application threads were stopped: 0.0006134 seconds, Stopping threads took: 0.0000182 seconds
{Heap before GC invocations=31 (full 1):
 par new generation   total 123520K, used 116629K [0x000000062fe00000, 0x0000000638400000, 0x0000000663e00000)
  eden space 109824K, 100% used [0x000000062fe00000, 0x0000000636940000, 0x0000000636940000)
  from space 13696K,  49% used [0x00000006376a0000, 0x0000000637d45440, 0x0000000638400000)
  to   space 13696K,   0% used [0x0000000636940000, 0x0000000636940000, 0x00000006376a0000)
 concurrent mark-sweep generation total 274432K, used 33177K [0x0000000663e00000, 0x0000000674a00000, 0x00000007c0000000)
 Metaspace       used 36234K, capacity 37692K, committed 37828K, reserved 1083392K
  class space    used 4408K, capacity 4694K, committed 4812K, reserved 1048576K
2021-05-19T19:14:13.939+0000: 5.429: [GC (Allocation Failure) 2021-05-19T19:14:13.939+0000: 5.429: [ParNew
Desired survivor size 7012352 bytes, new threshold 6 (max 6)
- age   1:    2421592 bytes,    2421592 total
- age   2:     574832 bytes,    2996424 total
- age   3:     664472 bytes,    3660896 total
- age   4:     968152 bytes,    4629048 total
: 116629K->5635K(123520K), 0.0043421 secs] 149806K->38813K(397952K), 0.0047544 secs] [Times: user=0.02 sys=0.00, real=0.00 secs] 
Heap after GC invocations=32 (full 1):
 par new generation   total 123520K, used 5635K [0x000000062fe00000, 0x0000000638400000, 0x0000000663e00000)
  eden space 109824K,   0% used [0x000000062fe00000, 0x000000062fe00000, 0x0000000636940000)
  from space 13696K,  41% used [0x0000000636940000, 0x0000000636ec0fc8, 0x00000006376a0000)
  to   space 13696K,   0% used [0x00000006376a0000, 0x00000006376a0000, 0x0000000638400000)
 concurrent mark-sweep generation total 274432K, used 33177K [0x0000000663e00000, 0x0000000674a00000, 0x00000007c0000000)
 Metaspace       used 36234K, capacity 37692K, committed 37828K, reserved 1083392K
  class space    used 4408K, capacity 4694K, committed 4812K, reserved 1048576K
}
2021-05-19T19:14:13.944+0000: 5.434: Total time for which application threads were stopped: 0.0051893 seconds, Stopping threads took: 0.0000127 seconds
2021-05-19T19:14:13.984+0000: 5.474: Total time for which application threads were stopped: 0.0005520 seconds, Stopping threads took: 0.0000207 seconds
2021-05-19T19:14:14.036+0000: 5.526: Total time for which application threads were stopped: 0.0006811 seconds, Stopping threads took: 0.0000520 seconds
2021-05-19T19:14:14.037+0000: 5.527: Total time for which application threads were stopped: 0.0003596 seconds, Stopping threads took: 0.0000484 seconds
{Heap before GC invocations=32 (full 1):
 par new generation   total 123520K, used 115459K [0x000000062fe00000, 0x0000000638400000, 0x0000000663e00000)
  eden space 109824K, 100% used [0x000000062fe00000, 0x0000000636940000, 0x0000000636940000)
  from space 13696K,  41% used [0x0000000636940000, 0x0000000636ec0fc8, 0x00000006376a0000)
  to   space 13696K,   0% used [0x00000006376a0000, 0x00000006376a0000, 0x0000000638400000)
 concurrent mark-sweep generation total 274432K, used 33177K [0x0000000663e00000, 0x0000000674a00000, 0x00000007c0000000)
 Metaspace       used 37441K, capacity 38912K, committed 39236K, reserved 1083392K
  class space    used 4565K, capacity 4846K, committed 4940K, reserved 1048576K
2021-05-19T19:14:14.144+0000: 5.634: [GC (Allocation Failure) 2021-05-19T19:14:14.145+0000: 5.635: [ParNew
Desired survivor size 7012352 bytes, new threshold 6 (max 6)
- age   1:    3164456 bytes,    3164456 total
- age   2:     575856 bytes,    3740312 total
- age   3:     529976 bytes,    4270288 total
- age   4:     590584 bytes,    4860872 total
- age   5:     842904 bytes,    5703776 total
: 115459K->7269K(123520K), 0.0061211 secs] 148637K->40446K(397952K), 0.0066316 secs] [Times: user=0.06 sys=0.01, real=0.01 secs] 
Heap after GC invocations=33 (full 1):
 par new generation   total 123520K, used 7269K [0x000000062fe00000, 0x0000000638400000, 0x0000000663e00000)
  eden space 109824K,   0% used [0x000000062fe00000, 0x000000062fe00000, 0x0000000636940000)
  from space 13696K,  53% used [0x00000006376a0000, 0x0000000637db9460, 0x0000000638400000)
  to   space 13696K,   0% used [0x0000000636940000, 0x0000000636940000, 0x00000006376a0000)
 concurrent mark-sweep generation total 274432K, used 33177K [0x0000000663e00000, 0x0000000674a00000, 0x00000007c0000000)
 Metaspace       used 37441K, capacity 38912K, committed 39236K, reserved 1083392K
  class space    used 4565K, capacity 4846K, committed 4940K, reserved 1048576K
}
2021-05-19T19:14:14.152+0000: 5.641: Total time for which application threads were stopped: 0.0071395 seconds, Stopping threads took: 0.0000314 seconds
2021-05-19T19:14:14.245+0000: 5.735: Total time for which application threads were stopped: 0.0002053 seconds, Stopping threads took: 0.0000319 seconds
2021-05-19T19:14:14.307+0000: 5.796: Total time for which application threads were stopped: 0.0001540 seconds, Stopping threads took: 0.0000403 seconds
2021-05-19T19:14:14.325+0000: 5.815: Total time for which application threads were stopped: 0.0006771 seconds, Stopping threads took: 0.0000331 seconds
2021-05-19T19:14:14.374+0000: 5.864: Total time for which application threads were stopped: 0.0007354 seconds, Stopping threads took: 0.0000309 seconds
2021-05-19T19:14:14.409+0000: 5.899: Total time for which application threads were stopped: 0.0001329 seconds, Stopping threads took: 0.0000322 seconds
{Heap before GC invocations=33 (full 1):
 par new generation   total 123520K, used 117093K [0x000000062fe00000, 0x0000000638400000, 0x0000000663e00000)
  eden space 109824K, 100% used [0x000000062fe00000, 0x0000000636940000, 0x0000000636940000)
  from space 13696K,  53% used [0x00000006376a0000, 0x0000000637db9460, 0x0000000638400000)
  to   space 13696K,   0% used [0x0000000636940000, 0x0000000636940000, 0x00000006376a0000)
 concurrent mark-sweep generation total 274432K, used 33177K [0x0000000663e00000, 0x0000000674a00000, 0x00000007c0000000)
 Metaspace       used 38367K, capacity 40032K, committed 40160K, reserved 1085440K
  class space    used 4714K, capacity 5032K, committed 5144K, reserved 1048576K
2021-05-19T19:14:14.419+0000: 5.909: [GC (Allocation Failure) 2021-05-19T19:14:14.419+0000: 5.909: [ParNew
Desired survivor size 7012352 bytes, new threshold 6 (max 6)
- age   1:    3763880 bytes,    3763880 total
- age   2:    1219216 bytes,    4983096 total
- age   3:     558624 bytes,    5541720 total
- age   4:     524096 bytes,    6065816 total
- age   5:     581984 bytes,    6647800 total
- age   6:     832216 bytes,    7480016 total
: 117093K->8526K(123520K), 0.0100775 secs] 150270K->41704K(397952K), 0.0104674 secs] [Times: user=0.08 sys=0.01, real=0.01 secs] 
Heap after GC invocations=34 (full 1):
 par new generation   total 123520K, used 8526K [0x000000062fe00000, 0x0000000638400000, 0x0000000663e00000)
  eden space 109824K,   0% used [0x000000062fe00000, 0x000000062fe00000, 0x0000000636940000)
  from space 13696K,  62% used [0x0000000636940000, 0x0000000637193bf0, 0x00000006376a0000)
  to   space 13696K,   0% used [0x00000006376a0000, 0x00000006376a0000, 0x0000000638400000)
 concurrent mark-sweep generation total 274432K, used 33177K [0x0000000663e00000, 0x0000000674a00000, 0x00000007c0000000)
 Metaspace       used 38367K, capacity 40032K, committed 40160K, reserved 1085440K
  class space    used 4714K, capacity 5032K, committed 5144K, reserved 1048576K
}
2021-05-19T19:14:14.430+0000: 5.920: Total time for which application threads were stopped: 0.0109659 seconds, Stopping threads took: 0.0000308 seconds
2021-05-19T19:14:14.431+0000: 5.920: [GC (CMS Initial Mark) [1 CMS-initial-mark: 33177K(274432K)] 43894K(397952K), 0.0024199 secs] [Times: user=0.01 sys=0.00, real=0.00 secs] 
2021-05-19T19:14:14.433+0000: 5.923: Total time for which application threads were stopped: 0.0031561 seconds, Stopping threads took: 0.0002106 seconds
2021-05-19T19:14:14.434+0000: 5.923: [CMS-concurrent-mark-start]
2021-05-19T19:14:14.443+0000: 5.933: [CMS-concurrent-mark: 0.010/0.010 secs] [Times: user=0.06 sys=0.00, real=0.01 secs] 
2021-05-19T19:14:14.443+0000: 5.933: [CMS-concurrent-preclean-start]
2021-05-19T19:14:14.445+0000: 5.935: [CMS-concurrent-preclean: 0.001/0.001 secs] [Times: user=0.00 sys=0.00, real=0.00 secs] 
2021-05-19T19:14:14.445+0000: 5.935: [CMS-concurrent-abortable-preclean-start]
2021-05-19T19:14:14.463+0000: 5.953: Total time for which application threads were stopped: 0.0007750 seconds, Stopping threads took: 0.0000372 seconds
2021-05-19T19:14:14.494+0000: 5.984: Total time for which application threads were stopped: 0.0001137 seconds, Stopping threads took: 0.0000325 seconds
2021-05-19T19:14:14.537+0000: 6.027: Total time for which application threads were stopped: 0.0001166 seconds, Stopping threads took: 0.0000316 seconds
2021-05-19T19:14:14.572+0000: 6.062: [CMS-concurrent-abortable-preclean: 0.126/0.127 secs] [Times: user=0.65 sys=0.01, real=0.13 secs] 
2021-05-19T19:14:14.573+0000: 6.063: [GC (CMS Final Remark) [YG occupancy: 66209 K (123520 K)]2021-05-19T19:14:14.573+0000: 6.063: [Rescan (parallel) , 0.0053992 secs]2021-05-19T19:14:14.579+0000: 6.069: [weak refs processing, 0.0003209 secs]2021-05-19T19:14:14.579+0000: 6.069: [class unloading, 0.0067389 secs]2021-05-19T19:14:14.586+0000: 6.076: [scrub symbol table, 0.0066376 secs]2021-05-19T19:14:14.593+0000: 6.083: [scrub string table, 0.0005108 secs][1 CMS-remark: 33177K(274432K)] 99386K(397952K), 0.0209027 secs] [Times: user=0.08 sys=0.01, real=0.02 secs] 
2021-05-19T19:14:14.594+0000: 6.084: Total time for which application threads were stopped: 0.0213631 seconds, Stopping threads took: 0.0000975 seconds
2021-05-19T19:14:14.594+0000: 6.084: [CMS-concurrent-sweep-start]
2021-05-19T19:14:14.610+0000: 6.100: [CMS-concurrent-sweep: 0.016/0.016 secs] [Times: user=0.09 sys=0.00, real=0.02 secs] 
2021-05-19T19:14:14.610+0000: 6.100: [CMS-concurrent-reset-start]
2021-05-19T19:14:14.620+0000: 6.110: [CMS-concurrent-reset: 0.010/0.010 secs] [Times: user=0.04 sys=0.00, real=0.01 secs] 
2021-05-19T19:14:14.719+0000: 6.209: Total time for which application threads were stopped: 0.0008295 seconds, Stopping threads took: 0.0000326 seconds
{Heap before GC invocations=34 (full 2):
 par new generation   total 123520K, used 118350K [0x000000062fe00000, 0x0000000638400000, 0x0000000663e00000)
  eden space 109824K, 100% used [0x000000062fe00000, 0x0000000636940000, 0x0000000636940000)
  from space 13696K,  62% used [0x0000000636940000, 0x0000000637193bf0, 0x00000006376a0000)
  to   space 13696K,   0% used [0x00000006376a0000, 0x00000006376a0000, 0x0000000638400000)
 concurrent mark-sweep generation total 274432K, used 18123K [0x0000000663e00000, 0x0000000674a00000, 0x00000007c0000000)
 Metaspace       used 40178K, capacity 42306K, committed 42564K, reserved 1087488K
  class space    used 4975K, capacity 5375K, committed 5476K, reserved 1048576K
2021-05-19T19:14:14.752+0000: 6.242: [GC (Allocation Failure) 2021-05-19T19:14:14.752+0000: 6.242: [ParNew
Desired survivor size 7012352 bytes, new threshold 4 (max 6)
- age   1:    3847472 bytes,    3847472 total
- age   2:    1467656 bytes,    5315128 total
- age   3:    1194304 bytes,    6509432 total
- age   4:     516744 bytes,    7026176 total
- age   5:     510008 bytes,    7536184 total
- age   6:     560152 bytes,    8096336 total
: 118350K->10644K(123520K), 0.0073135 secs] 136474K->29588K(397952K), 0.0077366 secs] [Times: user=0.05 sys=0.01, real=0.01 secs] 
Heap after GC invocations=35 (full 2):
 par new generation   total 123520K, used 10644K [0x000000062fe00000, 0x0000000638400000, 0x0000000663e00000)
  eden space 109824K,   0% used [0x000000062fe00000, 0x000000062fe00000, 0x0000000636940000)
  from space 13696K,  77% used [0x00000006376a0000, 0x0000000638105170, 0x0000000638400000)
  to   space 13696K,   0% used [0x0000000636940000, 0x0000000636940000, 0x00000006376a0000)
 concurrent mark-sweep generation total 274432K, used 18944K [0x0000000663e00000, 0x0000000674a00000, 0x00000007c0000000)
 Metaspace       used 40178K, capacity 42306K, committed 42564K, reserved 1087488K
  class space    used 4975K, capacity 5375K, committed 5476K, reserved 1048576K
}
2021-05-19T19:14:14.760+0000: 6.250: Total time for which application threads were stopped: 0.0082222 seconds, Stopping threads took: 0.0000244 seconds
2021-05-19T19:14:14.791+0000: 6.281: Total time for which application threads were stopped: 0.0008618 seconds, Stopping threads took: 0.0000323 seconds
2021-05-19T19:14:14.839+0000: 6.329: Total time for which application threads were stopped: 0.0006877 seconds, Stopping threads took: 0.0000288 seconds
2021-05-19T19:14:14.891+0000: 6.381: Total time for which application threads were stopped: 0.0006768 seconds, Stopping threads took: 0.0000301 seconds
{Heap before GC invocations=35 (full 2):
 par new generation   total 123520K, used 120468K [0x000000062fe00000, 0x0000000638400000, 0x0000000663e00000)
  eden space 109824K, 100% used [0x000000062fe00000, 0x0000000636940000, 0x0000000636940000)
  from space 13696K,  77% used [0x00000006376a0000, 0x0000000638105170, 0x0000000638400000)
  to   space 13696K,   0% used [0x0000000636940000, 0x0000000636940000, 0x00000006376a0000)
 concurrent mark-sweep generation total 274432K, used 18944K [0x0000000663e00000, 0x0000000674a00000, 0x00000007c0000000)
 Metaspace       used 41911K, capacity 44008K, committed 44228K, reserved 1087488K
  class space    used 5148K, capacity 5510K, committed 5604K, reserved 1048576K
2021-05-19T19:14:14.953+0000: 6.443: [GC (Allocation Failure) 2021-05-19T19:14:14.953+0000: 6.443: [ParNew
Desired survivor size 7012352 bytes, new threshold 3 (max 6)
- age   1:    3912304 bytes,    3912304 total
- age   2:    1710176 bytes,    5622480 total
- age   3:    1465544 bytes,    7088024 total
- age   4:    1194192 bytes,    8282216 total
: 120468K->10297K(123520K), 0.0098372 secs] 139412K->30842K(397952K), 0.0102166 secs] [Times: user=0.05 sys=0.00, real=0.01 secs] 
Heap after GC invocations=36 (full 2):
 par new generation   total 123520K, used 10297K [0x000000062fe00000, 0x0000000638400000, 0x0000000663e00000)
  eden space 109824K,   0% used [0x000000062fe00000, 0x000000062fe00000, 0x0000000636940000)
  from space 13696K,  75% used [0x0000000636940000, 0x000000063734e7d8, 0x00000006376a0000)
  to   space 13696K,   0% used [0x00000006376a0000, 0x00000006376a0000, 0x0000000638400000)
 concurrent mark-sweep generation total 274432K, used 20544K [0x0000000663e00000, 0x0000000674a00000, 0x00000007c0000000)
 Metaspace       used 41911K, capacity 44008K, committed 44228K, reserved 1087488K
  class space    used 5148K, capacity 5510K, committed 5604K, reserved 1048576K
}
2021-05-19T19:14:14.964+0000: 6.453: Total time for which application threads were stopped: 0.0107253 seconds, Stopping threads took: 0.0000280 seconds
2021-05-19T19:14:15.084+0000: 6.573: Total time for which application threads were stopped: 0.0008354 seconds, Stopping threads took: 0.0000569 seconds
2021-05-19T19:14:15.262+0000: 6.752: Total time for which application threads were stopped: 0.0002376 seconds, Stopping threads took: 0.0000913 seconds
{Heap before GC invocations=36 (full 2):
 par new generation   total 123520K, used 120121K [0x000000062fe00000, 0x0000000638400000, 0x0000000663e00000)
  eden space 109824K, 100% used [0x000000062fe00000, 0x0000000636940000, 0x0000000636940000)
  from space 13696K,  75% used [0x0000000636940000, 0x000000063734e7d8, 0x00000006376a0000)
  to   space 13696K,   0% used [0x00000006376a0000, 0x00000006376a0000, 0x0000000638400000)
 concurrent mark-sweep generation total 274432K, used 20544K [0x0000000663e00000, 0x0000000674a00000, 0x00000007c0000000)
 Metaspace       used 43319K, capacity 45676K, committed 45764K, reserved 1089536K
  class space    used 5383K, capacity 5820K, committed 5860K, reserved 1048576K
2021-05-19T19:14:15.283+0000: 6.773: [GC (Allocation Failure) 2021-05-19T19:14:15.283+0000: 6.773: [ParNew
Desired survivor size 7012352 bytes, new threshold 6 (max 6)
- age   1:    3283296 bytes,    3283296 total
- age   2:     701264 bytes,    3984560 total
- age   3:    1672528 bytes,    5657088 total
: 120121K->8352K(123520K), 0.0085107 secs] 140666K->31514K(397952K), 0.0089099 secs] [Times: user=0.04 sys=0.02, real=0.01 secs] 
Heap after GC invocations=37 (full 2):
 par new generation   total 123520K, used 8352K [0x000000062fe00000, 0x0000000638400000, 0x0000000663e00000)
  eden space 109824K,   0% used [0x000000062fe00000, 0x000000062fe00000, 0x0000000636940000)
  from space 13696K,  60% used [0x00000006376a0000, 0x0000000637ec8300, 0x0000000638400000)
  to   space 13696K,   0% used [0x0000000636940000, 0x0000000636940000, 0x00000006376a0000)
 concurrent mark-sweep generation total 274432K, used 23161K [0x0000000663e00000, 0x0000000674a00000, 0x00000007c0000000)
 Metaspace       used 43319K, capacity 45676K, committed 45764K, reserved 1089536K
  class space    used 5383K, capacity 5820K, committed 5860K, reserved 1048576K
}
2021-05-19T19:14:15.292+0000: 6.782: Total time for which application threads were stopped: 0.0093898 seconds, Stopping threads took: 0.0000341 seconds
2021-05-19T19:14:15.501+0000: 6.991: Total time for which application threads were stopped: 0.0007821 seconds, Stopping threads took: 0.0000335 seconds
{Heap before GC invocations=37 (full 2):
 par new generation   total 123520K, used 118176K [0x000000062fe00000, 0x0000000638400000, 0x0000000663e00000)
  eden space 109824K, 100% used [0x000000062fe00000, 0x0000000636940000, 0x0000000636940000)
  from space 13696K,  60% used [0x00000006376a0000, 0x0000000637ec8300, 0x0000000638400000)
  to   space 13696K,   0% used [0x0000000636940000, 0x0000000636940000, 0x00000006376a0000)
 concurrent mark-sweep generation total 274432K, used 23161K [0x0000000663e00000, 0x0000000674a00000, 0x00000007c0000000)
 Metaspace       used 44384K, capacity 46790K, committed 46916K, reserved 1089536K
  class space    used 5523K, capacity 5951K, committed 5988K, reserved 1048576K
2021-05-19T19:14:15.528+0000: 7.018: [GC (Allocation Failure) 2021-05-19T19:14:15.528+0000: 7.018: [ParNew
Desired survivor size 7012352 bytes, new threshold 4 (max 6)
- age   1:    4166664 bytes,    4166664 total
- age   2:    1718040 bytes,    5884704 total
- age   3:     694096 bytes,    6578800 total
- age   4:    1664184 bytes,    8242984 total
: 118176K->9427K(123520K), 0.0087122 secs] 141338K->32589K(397952K), 0.0091170 secs] [Times: user=0.05 sys=0.00, real=0.01 secs] 
Heap after GC invocations=38 (full 2):
 par new generation   total 123520K, used 9427K [0x000000062fe00000, 0x0000000638400000, 0x0000000663e00000)
  eden space 109824K,   0% used [0x000000062fe00000, 0x000000062fe00000, 0x0000000636940000)
  from space 13696K,  68% used [0x0000000636940000, 0x0000000637274e90, 0x00000006376a0000)
  to   space 13696K,   0% used [0x00000006376a0000, 0x00000006376a0000, 0x0000000638400000)
 concurrent mark-sweep generation total 274432K, used 23161K [0x0000000663e00000, 0x0000000674a00000, 0x00000007c0000000)
 Metaspace       used 44384K, capacity 46790K, committed 46916K, reserved 1089536K
  class space    used 5523K, capacity 5951K, committed 5988K, reserved 1048576K
}
2021-05-19T19:14:15.538+0000: 7.027: Total time for which application threads were stopped: 0.0095909 seconds, Stopping threads took: 0.0000310 seconds
{Heap before GC invocations=38 (full 2):
 par new generation   total 123520K, used 119251K [0x000000062fe00000, 0x0000000638400000, 0x0000000663e00000)
  eden space 109824K, 100% used [0x000000062fe00000, 0x0000000636940000, 0x0000000636940000)
  from space 13696K,  68% used [0x0000000636940000, 0x0000000637274e90, 0x00000006376a0000)
  to   space 13696K,   0% used [0x00000006376a0000, 0x00000006376a0000, 0x0000000638400000)
 concurrent mark-sweep generation total 274432K, used 23161K [0x0000000663e00000, 0x0000000674a00000, 0x00000007c0000000)
 Metaspace       used 46363K, capacity 48810K, committed 48964K, reserved 1091584K
  class space    used 5731K, capacity 6149K, committed 6244K, reserved 1048576K
2021-05-19T19:14:15.725+0000: 7.214: [GC (Allocation Failure) 2021-05-19T19:14:15.725+0000: 7.215: [ParNew
Desired survivor size 7012352 bytes, new threshold 4 (max 6)
- age   1:    3825912 bytes,    3825912 total
- age   2:    1134752 bytes,    4960664 total
- age   3:    1712736 bytes,    6673400 total
- age   4:     693864 bytes,    7367264 total
: 119251K->9464K(123520K), 0.0093191 secs] 142413K->34277K(397952K), 0.0097119 secs] [Times: user=0.04 sys=0.01, real=0.01 secs] 
Heap after GC invocations=39 (full 2):
 par new generation   total 123520K, used 9464K [0x000000062fe00000, 0x0000000638400000, 0x0000000663e00000)
  eden space 109824K,   0% used [0x000000062fe00000, 0x000000062fe00000, 0x0000000636940000)
  from space 13696K,  69% used [0x00000006376a0000, 0x0000000637fde228, 0x0000000638400000)
  to   space 13696K,   0% used [0x0000000636940000, 0x0000000636940000, 0x00000006376a0000)
 concurrent mark-sweep generation total 274432K, used 24812K [0x0000000663e00000, 0x0000000674a00000, 0x00000007c0000000)
 Metaspace       used 46363K, capacity 48810K, committed 48964K, reserved 1091584K
  class space    used 5731K, capacity 6149K, committed 6244K, reserved 1048576K
}
2021-05-19T19:14:15.735+0000: 7.224: Total time for which application threads were stopped: 0.0101817 seconds, Stopping threads took: 0.0000311 seconds
{Heap before GC invocations=39 (full 2):
 par new generation   total 123520K, used 119288K [0x000000062fe00000, 0x0000000638400000, 0x0000000663e00000)
  eden space 109824K, 100% used [0x000000062fe00000, 0x0000000636940000, 0x0000000636940000)
  from space 13696K,  69% used [0x00000006376a0000, 0x0000000637fde228, 0x0000000638400000)
  to   space 13696K,   0% used [0x0000000636940000, 0x0000000636940000, 0x00000006376a0000)
 concurrent mark-sweep generation total 274432K, used 24812K [0x0000000663e00000, 0x0000000674a00000, 0x00000007c0000000)
 Metaspace       used 47088K, capacity 49528K, committed 49860K, reserved 1093632K
  class space    used 5849K, capacity 6280K, committed 6372K, reserved 1048576K
2021-05-19T19:14:15.866+0000: 7.356: [GC (Allocation Failure) 2021-05-19T19:14:15.866+0000: 7.356: [ParNew
Desired survivor size 7012352 bytes, new threshold 4 (max 6)
- age   1:    5135752 bytes,    5135752 total
- age   2:     567016 bytes,    5702768 total
- age   3:    1132272 bytes,    6835040 total
- age   4:    1712472 bytes,    8547512 total
: 119288K->10578K(123520K), 0.0144735 secs] 144101K->36080K(397952K), 0.0149436 secs] [Times: user=0.09 sys=0.00, real=0.02 secs] 
Heap after GC invocations=40 (full 2):
 par new generation   total 123520K, used 10578K [0x000000062fe00000, 0x0000000638400000, 0x0000000663e00000)
  eden space 109824K,   0% used [0x000000062fe00000, 0x000000062fe00000, 0x0000000636940000)
  from space 13696K,  77% used [0x0000000636940000, 0x0000000637394a40, 0x00000006376a0000)
  to   space 13696K,   0% used [0x00000006376a0000, 0x00000006376a0000, 0x0000000638400000)
 concurrent mark-sweep generation total 274432K, used 25502K [0x0000000663e00000, 0x0000000674a00000, 0x00000007c0000000)
 Metaspace       used 47088K, capacity 49528K, committed 49860K, reserved 1093632K
  class space    used 5849K, capacity 6280K, committed 6372K, reserved 1048576K
}
2021-05-19T19:14:15.882+0000: 7.371: Total time for which application threads were stopped: 0.0154965 seconds, Stopping threads took: 0.0000321 seconds
{Heap before GC invocations=40 (full 2):
 par new generation   total 123520K, used 120402K [0x000000062fe00000, 0x0000000638400000, 0x0000000663e00000)
  eden space 109824K, 100% used [0x000000062fe00000, 0x0000000636940000, 0x0000000636940000)
  from space 13696K,  77% used [0x0000000636940000, 0x0000000637394a40, 0x00000006376a0000)
  to   space 13696K,   0% used [0x00000006376a0000, 0x00000006376a0000, 0x0000000638400000)
 concurrent mark-sweep generation total 274432K, used 25502K [0x0000000663e00000, 0x0000000674a00000, 0x00000007c0000000)
 Metaspace       used 47802K, capacity 50234K, committed 50500K, reserved 1093632K
  class space    used 5983K, capacity 6409K, committed 6500K, reserved 1048576K
2021-05-19T19:14:15.977+0000: 7.467: [GC (Allocation Failure) 2021-05-19T19:14:15.978+0000: 7.467: [ParNew
Desired survivor size 7012352 bytes, new threshold 6 (max 6)
- age   1:    1101280 bytes,    1101280 total
- age   2:     158808 bytes,    1260088 total
- age   3:     565992 bytes,    1826080 total
- age   4:    1132352 bytes,    2958432 total
: 120402K->4948K(123520K), 0.0052217 secs] 145904K->32146K(397952K), 0.0055906 secs] [Times: user=0.04 sys=0.00, real=0.01 secs] 
Heap after GC invocations=41 (full 2):
 par new generation   total 123520K, used 4948K [0x000000062fe00000, 0x0000000638400000, 0x0000000663e00000)
  eden space 109824K,   0% used [0x000000062fe00000, 0x000000062fe00000, 0x0000000636940000)
  from space 13696K,  36% used [0x00000006376a0000, 0x0000000637b75380, 0x0000000638400000)
  to   space 13696K,   0% used [0x0000000636940000, 0x0000000636940000, 0x00000006376a0000)
 concurrent mark-sweep generation total 274432K, used 27197K [0x0000000663e00000, 0x0000000674a00000, 0x00000007c0000000)
 Metaspace       used 47802K, capacity 50234K, committed 50500K, reserved 1093632K
  class space    used 5983K, capacity 6409K, committed 6500K, reserved 1048576K
}
2021-05-19T19:14:15.983+0000: 7.473: Total time for which application threads were stopped: 0.0060454 seconds, Stopping threads took: 0.0000281 seconds
{Heap before GC invocations=41 (full 2):
 par new generation   total 123520K, used 114772K [0x000000062fe00000, 0x0000000638400000, 0x0000000663e00000)
  eden space 109824K, 100% used [0x000000062fe00000, 0x0000000636940000, 0x0000000636940000)
  from space 13696K,  36% used [0x00000006376a0000, 0x0000000637b75380, 0x0000000638400000)
  to   space 13696K,   0% used [0x0000000636940000, 0x0000000636940000, 0x00000006376a0000)
 concurrent mark-sweep generation total 274432K, used 27197K [0x0000000663e00000, 0x0000000674a00000, 0x00000007c0000000)
 Metaspace       used 48758K, capacity 51260K, committed 51396K, reserved 1093632K
  class space    used 6161K, capacity 6612K, committed 6628K, reserved 1048576K
2021-05-19T19:14:16.107+0000: 7.597: [GC (Allocation Failure) 2021-05-19T19:14:16.107+0000: 7.597: [ParNew
Desired survivor size 7012352 bytes, new threshold 6 (max 6)
- age   1:    2635888 bytes,    2635888 total
- age   2:     104632 bytes,    2740520 total
- age   3:     148784 bytes,    2889304 total
- age   4:     565816 bytes,    3455120 total
- age   5:    1131536 bytes,    4586656 total
: 114772K->5347K(123520K), 0.0059592 secs] 141970K->32545K(397952K), 0.0062694 secs] [Times: user=0.03 sys=0.00, real=0.01 secs] 
Heap after GC invocations=42 (full 2):
 par new generation   total 123520K, used 5347K [0x000000062fe00000, 0x0000000638400000, 0x0000000663e00000)
  eden space 109824K,   0% used [0x000000062fe00000, 0x000000062fe00000, 0x0000000636940000)
  from space 13696K,  39% used [0x0000000636940000, 0x0000000636e78f80, 0x00000006376a0000)
  to   space 13696K,   0% used [0x00000006376a0000, 0x00000006376a0000, 0x0000000638400000)
 concurrent mark-sweep generation total 274432K, used 27197K [0x0000000663e00000, 0x0000000674a00000, 0x00000007c0000000)
 Metaspace       used 48758K, capacity 51260K, committed 51396K, reserved 1093632K
  class space    used 6161K, capacity 6612K, committed 6628K, reserved 1048576K
}
2021-05-19T19:14:16.114+0000: 7.604: Total time for which application threads were stopped: 0.0067245 seconds, Stopping threads took: 0.0000176 seconds
2021-05-19T19:14:16.263+0000: 7.753: Total time for which application threads were stopped: 0.0007672 seconds, Stopping threads took: 0.0000210 seconds
{Heap before GC invocations=42 (full 2):
 par new generation   total 123520K, used 115171K [0x000000062fe00000, 0x0000000638400000, 0x0000000663e00000)
  eden space 109824K, 100% used [0x000000062fe00000, 0x0000000636940000, 0x0000000636940000)
  from space 13696K,  39% used [0x0000000636940000, 0x0000000636e78f80, 0x00000006376a0000)
  to   space 13696K,   0% used [0x00000006376a0000, 0x00000006376a0000, 0x0000000638400000)
 concurrent mark-sweep generation total 274432K, used 27197K [0x0000000663e00000, 0x0000000674a00000, 0x00000007c0000000)
 Metaspace       used 50730K, capacity 53280K, committed 53572K, reserved 1095680K
  class space    used 6484K, capacity 6944K, committed 7012K, reserved 1048576K
2021-05-19T19:14:17.296+0000: 8.786: [GC (Allocation Failure) 2021-05-19T19:14:17.296+0000: 8.786: [ParNew
Desired survivor size 7012352 bytes, new threshold 6 (max 6)
- age   1:    2493016 bytes,    2493016 total
- age   2:     224344 bytes,    2717360 total
- age   3:     103800 bytes,    2821160 total
- age   4:     148040 bytes,    2969200 total
- age   5:     554312 bytes,    3523512 total
- age   6:    1127224 bytes,    4650736 total
: 115171K->5849K(123520K), 0.0051888 secs] 142369K->33047K(397952K), 0.0056209 secs] [Times: user=0.02 sys=0.00, real=0.01 secs] 
Heap after GC invocations=43 (full 2):
 par new generation   total 123520K, used 5849K [0x000000062fe00000, 0x0000000638400000, 0x0000000663e00000)
  eden space 109824K,   0% used [0x000000062fe00000, 0x000000062fe00000, 0x0000000636940000)
  from space 13696K,  42% used [0x00000006376a0000, 0x0000000637c56650, 0x0000000638400000)
  to   space 13696K,   0% used [0x0000000636940000, 0x0000000636940000, 0x00000006376a0000)
 concurrent mark-sweep generation total 274432K, used 27197K [0x0000000663e00000, 0x0000000674a00000, 0x00000007c0000000)
 Metaspace       used 50730K, capacity 53280K, committed 53572K, reserved 1095680K
  class space    used 6484K, capacity 6944K, committed 7012K, reserved 1048576K
}
2021-05-19T19:14:17.302+0000: 8.792: Total time for which application threads were stopped: 0.0060646 seconds, Stopping threads took: 0.0000177 seconds
{Heap before GC invocations=43 (full 2):
 par new generation   total 123520K, used 115673K [0x000000062fe00000, 0x0000000638400000, 0x0000000663e00000)
  eden space 109824K, 100% used [0x000000062fe00000, 0x0000000636940000, 0x0000000636940000)
  from space 13696K,  42% used [0x00000006376a0000, 0x0000000637c56650, 0x0000000638400000)
  to   space 13696K,   0% used [0x0000000636940000, 0x0000000636940000, 0x00000006376a0000)
 concurrent mark-sweep generation total 274432K, used 27197K [0x0000000663e00000, 0x0000000674a00000, 0x00000007c0000000)
 Metaspace       used 52346K, capacity 54854K, committed 55108K, reserved 1097728K
  class space    used 6707K, capacity 7169K, committed 7268K, reserved 1048576K
2021-05-19T19:14:17.436+0000: 8.926: [GC (Allocation Failure) 2021-05-19T19:14:17.436+0000: 8.926: [ParNew
Desired survivor size 7012352 bytes, new threshold 6 (max 6)
- age   1:    1023088 bytes,    1023088 total
- age   2:     330488 bytes,    1353576 total
- age   3:     212648 bytes,    1566224 total
- age   4:     103968 bytes,    1670192 total
- age   5:     148136 bytes,    1818328 total
- age   6:     548736 bytes,    2367064 total
: 115673K->3648K(123520K), 0.0044305 secs] 142871K->31963K(397952K), 0.0049331 secs] [Times: user=0.02 sys=0.00, real=0.01 secs] 
Heap after GC invocations=44 (full 2):
 par new generation   total 123520K, used 3648K [0x000000062fe00000, 0x0000000638400000, 0x0000000663e00000)
  eden space 109824K,   0% used [0x000000062fe00000, 0x000000062fe00000, 0x0000000636940000)
  from space 13696K,  26% used [0x0000000636940000, 0x0000000636cd0210, 0x00000006376a0000)
  to   space 13696K,   0% used [0x00000006376a0000, 0x00000006376a0000, 0x0000000638400000)
 concurrent mark-sweep generation total 274432K, used 28315K [0x0000000663e00000, 0x0000000674a00000, 0x00000007c0000000)
 Metaspace       used 52346K, capacity 54854K, committed 55108K, reserved 1097728K
  class space    used 6707K, capacity 7169K, committed 7268K, reserved 1048576K
}
2021-05-19T19:14:17.441+0000: 8.931: Total time for which application threads were stopped: 0.0053814 seconds, Stopping threads took: 0.0000205 seconds
2021-05-19T19:14:17.531+0000: 9.021: Total time for which application threads were stopped: 0.0008004 seconds, Stopping threads took: 0.0000326 seconds
{Heap before GC invocations=44 (full 2):
 par new generation   total 123520K, used 113472K [0x000000062fe00000, 0x0000000638400000, 0x0000000663e00000)
  eden space 109824K, 100% used [0x000000062fe00000, 0x0000000636940000, 0x0000000636940000)
  from space 13696K,  26% used [0x0000000636940000, 0x0000000636cd0210, 0x00000006376a0000)
  to   space 13696K,   0% used [0x00000006376a0000, 0x00000006376a0000, 0x0000000638400000)
 concurrent mark-sweep generation total 274432K, used 28315K [0x0000000663e00000, 0x0000000674a00000, 0x00000007c0000000)
 Metaspace       used 53926K, capacity 56486K, committed 56900K, reserved 1099776K
  class space    used 6937K, capacity 7405K, committed 7524K, reserved 1048576K
2021-05-19T19:14:17.659+0000: 9.149: [GC (Allocation Failure) 2021-05-19T19:14:17.660+0000: 9.149: [ParNew
Desired survivor size 7012352 bytes, new threshold 6 (max 6)
- age   1:    2279712 bytes,    2279712 total
- age   2:     306552 bytes,    2586264 total
- age   3:     327440 bytes,    2913704 total
- age   4:     212088 bytes,    3125792 total
- age   5:     104016 bytes,    3229808 total
- age   6:     148144 bytes,    3377952 total
: 113472K->4018K(123520K), 0.0114919 secs] 141787K->32879K(397952K), 0.0120718 secs] [Times: user=0.11 sys=0.00, real=0.01 secs] 
Heap after GC invocations=45 (full 2):
 par new generation   total 123520K, used 4018K [0x000000062fe00000, 0x0000000638400000, 0x0000000663e00000)
  eden space 109824K,   0% used [0x000000062fe00000, 0x000000062fe00000, 0x0000000636940000)
  from space 13696K,  29% used [0x00000006376a0000, 0x0000000637a8caa0, 0x0000000638400000)
  to   space 13696K,   0% used [0x0000000636940000, 0x0000000636940000, 0x00000006376a0000)
 concurrent mark-sweep generation total 274432K, used 28861K [0x0000000663e00000, 0x0000000674a00000, 0x00000007c0000000)
 Metaspace       used 53926K, capacity 56486K, committed 56900K, reserved 1099776K
  class space    used 6937K, capacity 7405K, committed 7524K, reserved 1048576K
}
2021-05-19T19:14:17.672+0000: 9.161: Total time for which application threads were stopped: 0.0125149 seconds, Stopping threads took: 0.0000294 seconds
{Heap before GC invocations=45 (full 2):
 par new generation   total 123520K, used 113842K [0x000000062fe00000, 0x0000000638400000, 0x0000000663e00000)
  eden space 109824K, 100% used [0x000000062fe00000, 0x0000000636940000, 0x0000000636940000)
  from space 13696K,  29% used [0x00000006376a0000, 0x0000000637a8caa0, 0x0000000638400000)
  to   space 13696K,   0% used [0x0000000636940000, 0x0000000636940000, 0x00000006376a0000)
 concurrent mark-sweep generation total 274432K, used 28861K [0x0000000663e00000, 0x0000000674a00000, 0x00000007c0000000)
 Metaspace       used 55418K, capacity 58010K, committed 58308K, reserved 1099776K
  class space    used 7127K, capacity 7569K, committed 7652K, reserved 1048576K
2021-05-19T19:14:17.810+0000: 9.299: [GC (Allocation Failure) 2021-05-19T19:14:17.810+0000: 9.300: [ParNew
Desired survivor size 7012352 bytes, new threshold 6 (max 6)
- age   1:    2534856 bytes,    2534856 total
- age   2:    1170152 bytes,    3705008 total
- age   3:     300440 bytes,    4005448 total
- age   4:     326744 bytes,    4332192 total
- age   5:     199928 bytes,    4532120 total
- age   6:     103800 bytes,    4635920 total
: 113842K->5277K(123520K), 0.0058754 secs] 142703K->34289K(397952K), 0.0064007 secs] [Times: user=0.03 sys=0.01, real=0.00 secs] 
Heap after GC invocations=46 (full 2):
 par new generation   total 123520K, used 5277K [0x000000062fe00000, 0x0000000638400000, 0x0000000663e00000)
  eden space 109824K,   0% used [0x000000062fe00000, 0x000000062fe00000, 0x0000000636940000)
  from space 13696K,  38% used [0x0000000636940000, 0x0000000636e675b8, 0x00000006376a0000)
  to   space 13696K,   0% used [0x00000006376a0000, 0x00000006376a0000, 0x0000000638400000)
 concurrent mark-sweep generation total 274432K, used 29012K [0x0000000663e00000, 0x0000000674a00000, 0x00000007c0000000)
 Metaspace       used 55418K, capacity 58010K, committed 58308K, reserved 1099776K
  class space    used 7127K, capacity 7569K, committed 7652K, reserved 1048576K
}
2021-05-19T19:14:17.816+0000: 9.306: Total time for which application threads were stopped: 0.0068135 seconds, Stopping threads took: 0.0000198 seconds
{Heap before GC invocations=46 (full 2):
 par new generation   total 123520K, used 115101K [0x000000062fe00000, 0x0000000638400000, 0x0000000663e00000)
  eden space 109824K, 100% used [0x000000062fe00000, 0x0000000636940000, 0x0000000636940000)
  from space 13696K,  38% used [0x0000000636940000, 0x0000000636e675b8, 0x00000006376a0000)
  to   space 13696K,   0% used [0x00000006376a0000, 0x00000006376a0000, 0x0000000638400000)
 concurrent mark-sweep generation total 274432K, used 29012K [0x0000000663e00000, 0x0000000674a00000, 0x00000007c0000000)
 Metaspace       used 56209K, capacity 58720K, committed 58948K, reserved 1099776K
  class space    used 7315K, capacity 7762K, committed 7780K, reserved 1048576K
2021-05-19T19:14:17.911+0000: 9.401: [GC (Allocation Failure) 2021-05-19T19:14:17.912+0000: 9.401: [ParNew
Desired survivor size 7012352 bytes, new threshold 6 (max 6)
- age   1:     398184 bytes,     398184 total
- age   2:     533192 bytes,     931376 total
- age   3:    1169320 bytes,    2100696 total
- age   4:     300536 bytes,    2401232 total
- age   5:     326816 bytes,    2728048 total
- age   6:     199520 bytes,    2927568 total
: 115101K->3592K(123520K), 0.0030623 secs] 144113K->32711K(397952K), 0.0035822 secs] [Times: user=0.02 sys=0.01, real=0.00 secs] 
Heap after GC invocations=47 (full 2):
 par new generation   total 123520K, used 3592K [0x000000062fe00000, 0x0000000638400000, 0x0000000663e00000)
  eden space 109824K,   0% used [0x000000062fe00000, 0x000000062fe00000, 0x0000000636940000)
  from space 13696K,  26% used [0x00000006376a0000, 0x0000000637a221c0, 0x0000000638400000)
  to   space 13696K,   0% used [0x0000000636940000, 0x0000000636940000, 0x00000006376a0000)
 concurrent mark-sweep generation total 274432K, used 29118K [0x0000000663e00000, 0x0000000674a00000, 0x00000007c0000000)
 Metaspace       used 56209K, capacity 58720K, committed 58948K, reserved 1099776K
  class space    used 7315K, capacity 7762K, committed 7780K, reserved 1048576K
}
2021-05-19T19:14:17.915+0000: 9.405: Total time for which application threads were stopped: 0.0040597 seconds, Stopping threads took: 0.0000856 seconds
{Heap before GC invocations=47 (full 2):
 par new generation   total 123520K, used 113416K [0x000000062fe00000, 0x0000000638400000, 0x0000000663e00000)
  eden space 109824K, 100% used [0x000000062fe00000, 0x0000000636940000, 0x0000000636940000)
  from space 13696K,  26% used [0x00000006376a0000, 0x0000000637a221c0, 0x0000000638400000)
  to   space 13696K,   0% used [0x0000000636940000, 0x0000000636940000, 0x00000006376a0000)
 concurrent mark-sweep generation total 274432K, used 29118K [0x0000000663e00000, 0x0000000674a00000, 0x00000007c0000000)
 Metaspace       used 57014K, capacity 59536K, committed 59844K, reserved 1101824K
  class space    used 7450K, capacity 7898K, committed 7908K, reserved 1048576K
2021-05-19T19:14:18.031+0000: 9.521: [GC (Allocation Failure) 2021-05-19T19:14:18.031+0000: 9.521: [ParNew
Desired survivor size 7012352 bytes, new threshold 6 (max 6)
- age   1:     780304 bytes,     780304 total
- age   2:     153632 bytes,     933936 total
- age   3:     532392 bytes,    1466328 total
- age   4:    1169392 bytes,    2635720 total
- age   5:     300632 bytes,    2936352 total
- age   6:     326864 bytes,    3263216 total
: 113416K->3972K(123520K), 0.0040865 secs] 142535K->33293K(397952K), 0.0047977 secs] [Times: user=0.02 sys=0.00, real=0.00 secs] 
Heap after GC invocations=48 (full 2):
 par new generation   total 123520K, used 3972K [0x000000062fe00000, 0x0000000638400000, 0x0000000663e00000)
  eden space 109824K,   0% used [0x000000062fe00000, 0x000000062fe00000, 0x0000000636940000)
  from space 13696K,  29% used [0x0000000636940000, 0x0000000636d21140, 0x00000006376a0000)
  to   space 13696K,   0% used [0x00000006376a0000, 0x00000006376a0000, 0x0000000638400000)
 concurrent mark-sweep generation total 274432K, used 29321K [0x0000000663e00000, 0x0000000674a00000, 0x00000007c0000000)
 Metaspace       used 57014K, capacity 59536K, committed 59844K, reserved 1101824K
  class space    used 7450K, capacity 7898K, committed 7908K, reserved 1048576K
}
2021-05-19T19:14:18.036+0000: 9.526: Total time for which application threads were stopped: 0.0052334 seconds, Stopping threads took: 0.0000197 seconds
2021-05-19T19:14:18.112+0000: 9.602: Total time for which application threads were stopped: 0.0001698 seconds, Stopping threads took: 0.0000194 seconds
2021-05-19T19:14:18.170+0000: 9.660: Total time for which application threads were stopped: 0.0001838 seconds, Stopping threads took: 0.0000261 seconds
2021-05-19T19:14:18.236+0000: 9.725: Total time for which application threads were stopped: 0.0001810 seconds, Stopping threads took: 0.0000357 seconds
{Heap before GC invocations=48 (full 2):
 par new generation   total 123520K, used 113796K [0x000000062fe00000, 0x0000000638400000, 0x0000000663e00000)
  eden space 109824K, 100% used [0x000000062fe00000, 0x0000000636940000, 0x0000000636940000)
  from space 13696K,  29% used [0x0000000636940000, 0x0000000636d21140, 0x00000006376a0000)
  to   space 13696K,   0% used [0x00000006376a0000, 0x00000006376a0000, 0x0000000638400000)
 concurrent mark-sweep generation total 274432K, used 29321K [0x0000000663e00000, 0x0000000674a00000, 0x00000007c0000000)
 Metaspace       used 58168K, capacity 60830K, committed 61124K, reserved 1101824K
  class space    used 7581K, capacity 8069K, committed 8164K, reserved 1048576K
2021-05-19T19:14:18.292+0000: 9.782: [GC (Allocation Failure) 2021-05-19T19:14:18.292+0000: 9.782: [ParNew
Desired survivor size 7012352 bytes, new threshold 6 (max 6)
- age   1:    1867104 bytes,    1867104 total
- age   2:      97432 bytes,    1964536 total
- age   3:     104520 bytes,    2069056 total
- age   4:     519960 bytes,    2589016 total
- age   5:    1169176 bytes,    3758192 total
- age   6:     300416 bytes,    4058608 total
: 113796K->5294K(123520K), 0.0048112 secs] 143117K->34946K(397952K), 0.0053036 secs] [Times: user=0.03 sys=0.00, real=0.00 secs] 
Heap after GC invocations=49 (full 2):
 par new generation   total 123520K, used 5294K [0x000000062fe00000, 0x0000000638400000, 0x0000000663e00000)
  eden space 109824K,   0% used [0x000000062fe00000, 0x000000062fe00000, 0x0000000636940000)
  from space 13696K,  38% used [0x00000006376a0000, 0x0000000637bcbb48, 0x0000000638400000)
  to   space 13696K,   0% used [0x0000000636940000, 0x0000000636940000, 0x00000006376a0000)
 concurrent mark-sweep generation total 274432K, used 29651K [0x0000000663e00000, 0x0000000674a00000, 0x00000007c0000000)
 Metaspace       used 58168K, capacity 60830K, committed 61124K, reserved 1101824K
  class space    used 7581K, capacity 8069K, committed 8164K, reserved 1048576K
}
2021-05-19T19:14:18.298+0000: 9.788: Total time for which application threads were stopped: 0.0057453 seconds, Stopping threads took: 0.0000264 seconds
{Heap before GC invocations=49 (full 2):
 par new generation   total 123520K, used 115118K [0x000000062fe00000, 0x0000000638400000, 0x0000000663e00000)
  eden space 109824K, 100% used [0x000000062fe00000, 0x0000000636940000, 0x0000000636940000)
  from space 13696K,  38% used [0x00000006376a0000, 0x0000000637bcbb48, 0x0000000638400000)
  to   space 13696K,   0% used [0x0000000636940000, 0x0000000636940000, 0x00000006376a0000)
 concurrent mark-sweep generation total 274432K, used 29651K [0x0000000663e00000, 0x0000000674a00000, 0x00000007c0000000)
 Metaspace       used 58957K, capacity 61574K, committed 62020K, reserved 1103872K
  class space    used 7694K, capacity 8167K, committed 8292K, reserved 1048576K
2021-05-19T19:14:18.428+0000: 9.918: [GC (Allocation Failure) 2021-05-19T19:14:18.429+0000: 9.918: [ParNew
Desired survivor size 7012352 bytes, new threshold 6 (max 6)
- age   1:    1310280 bytes,    1310280 total
- age   2:     970888 bytes,    2281168 total
- age   3:      97016 bytes,    2378184 total
- age   4:     104088 bytes,    2482272 total
- age   5:     514568 bytes,    2996840 total
- age   6:    1169096 bytes,    4165936 total
: 115118K->5452K(123520K), 0.0038826 secs] 144770K->35410K(397952K), 0.0043836 secs] [Times: user=0.03 sys=0.00, real=0.00 secs] 
Heap after GC invocations=50 (full 2):
 par new generation   total 123520K, used 5452K [0x000000062fe00000, 0x0000000638400000, 0x0000000663e00000)
  eden space 109824K,   0% used [0x000000062fe00000, 0x000000062fe00000, 0x0000000636940000)
  from space 13696K,  39% used [0x0000000636940000, 0x0000000636e93280, 0x00000006376a0000)
  to   space 13696K,   0% used [0x00000006376a0000, 0x00000006376a0000, 0x0000000638400000)
 concurrent mark-sweep generation total 274432K, used 29957K [0x0000000663e00000, 0x0000000674a00000, 0x00000007c0000000)
 Metaspace       used 58957K, capacity 61574K, committed 62020K, reserved 1103872K
  class space    used 7694K, capacity 8167K, committed 8292K, reserved 1048576K
}
2021-05-19T19:14:18.433+0000: 9.923: Total time for which application threads were stopped: 0.0048170 seconds, Stopping threads took: 0.0000187 seconds
{Heap before GC invocations=50 (full 2):
 par new generation   total 123520K, used 115276K [0x000000062fe00000, 0x0000000638400000, 0x0000000663e00000)
  eden space 109824K, 100% used [0x000000062fe00000, 0x0000000636940000, 0x0000000636940000)
  from space 13696K,  39% used [0x0000000636940000, 0x0000000636e93280, 0x00000006376a0000)
  to   space 13696K,   0% used [0x00000006376a0000, 0x00000006376a0000, 0x0000000638400000)
 concurrent mark-sweep generation total 274432K, used 29957K [0x0000000663e00000, 0x0000000674a00000, 0x00000007c0000000)
 Metaspace       used 60866K, capacity 63840K, committed 64068K, reserved 1105920K
  class space    used 7964K, capacity 8480K, committed 8548K, reserved 1048576K
2021-05-19T19:14:18.628+0000: 10.118: [GC (Allocation Failure) 2021-05-19T19:14:18.629+0000: 10.118: [ParNew
Desired survivor size 7012352 bytes, new threshold 6 (max 6)
- age   1:    2445792 bytes,    2445792 total
- age   2:     658496 bytes,    3104288 total
- age   3:     966304 bytes,    4070592 total
- age   4:      97112 bytes,    4167704 total
- age   5:     104304 bytes,    4272008 total
- age   6:     511080 bytes,    4783088 total
: 115276K->6782K(123520K), 0.0072820 secs] 145234K->37907K(397952K), 0.0078725 secs] [Times: user=0.06 sys=0.01, real=0.01 secs] 
Heap after GC invocations=51 (full 2):
 par new generation   total 123520K, used 6782K [0x000000062fe00000, 0x0000000638400000, 0x0000000663e00000)
  eden space 109824K,   0% used [0x000000062fe00000, 0x000000062fe00000, 0x0000000636940000)
  from space 13696K,  49% used [0x00000006376a0000, 0x0000000637d3fba0, 0x0000000638400000)
  to   space 13696K,   0% used [0x0000000636940000, 0x0000000636940000, 0x00000006376a0000)
 concurrent mark-sweep generation total 274432K, used 31124K [0x0000000663e00000, 0x0000000674a00000, 0x00000007c0000000)
 Metaspace       used 60866K, capacity 63840K, committed 64068K, reserved 1105920K
  class space    used 7964K, capacity 8480K, committed 8548K, reserved 1048576K
}
2021-05-19T19:14:18.636+0000: 10.126: Total time for which application threads were stopped: 0.0085048 seconds, Stopping threads took: 0.0001029 seconds
2021-05-19T19:14:18.649+0000: 10.139: Total time for which application threads were stopped: 0.0009091 seconds, Stopping threads took: 0.0000321 seconds
2021-05-19T19:14:18.699+0000: 10.189: Total time for which application threads were stopped: 0.0009047 seconds, Stopping threads took: 0.0000594 seconds
{Heap before GC invocations=51 (full 2):
 par new generation   total 123520K, used 116606K [0x000000062fe00000, 0x0000000638400000, 0x0000000663e00000)
  eden space 109824K, 100% used [0x000000062fe00000, 0x0000000636940000, 0x0000000636940000)
  from space 13696K,  49% used [0x00000006376a0000, 0x0000000637d3fba0, 0x0000000638400000)
  to   space 13696K,   0% used [0x0000000636940000, 0x0000000636940000, 0x00000006376a0000)
 concurrent mark-sweep generation total 274432K, used 31124K [0x0000000663e00000, 0x0000000674a00000, 0x00000007c0000000)
 Metaspace       used 62571K, capacity 65860K, committed 66116K, reserved 1105920K
  class space    used 8188K, capacity 8764K, committed 8804K, reserved 1048576K
2021-05-19T19:14:18.893+0000: 10.383: [GC (Allocation Failure) 2021-05-19T19:14:18.894+0000: 10.383: [ParNew
Desired survivor size 7012352 bytes, new threshold 6 (max 6)
- age   1:    1977824 bytes,    1977824 total
- age   2:     859904 bytes,    2837728 total
- age   3:     651776 bytes,    3489504 total
- age   4:     966112 bytes,    4455616 total
- age   5:      97016 bytes,    4552632 total
- age   6:     104088 bytes,    4656720 total
: 116606K->6348K(123520K), 0.0103500 secs] 147731K->37983K(397952K), 0.0109580 secs] [Times: user=0.12 sys=0.00, real=0.01 secs] 
Heap after GC invocations=52 (full 2):
 par new generation   total 123520K, used 6348K [0x000000062fe00000, 0x0000000638400000, 0x0000000663e00000)
  eden space 109824K,   0% used [0x000000062fe00000, 0x000000062fe00000, 0x0000000636940000)
  from space 13696K,  46% used [0x0000000636940000, 0x0000000636f73248, 0x00000006376a0000)
  to   space 13696K,   0% used [0x00000006376a0000, 0x00000006376a0000, 0x0000000638400000)
 concurrent mark-sweep generation total 274432K, used 31634K [0x0000000663e00000, 0x0000000674a00000, 0x00000007c0000000)
 Metaspace       used 62571K, capacity 65860K, committed 66116K, reserved 1105920K
  class space    used 8188K, capacity 8764K, committed 8804K, reserved 1048576K
}
2021-05-19T19:14:18.905+0000: 10.394: Total time for which application threads were stopped: 0.0116027 seconds, Stopping threads took: 0.0000325 seconds
2021-05-19T19:14:18.944+0000: 10.434: Total time for which application threads were stopped: 0.0007628 seconds, Stopping threads took: 0.0000351 seconds
2021-05-19T19:14:19.147+0000: 10.637: Total time for which application threads were stopped: 0.0002437 seconds, Stopping threads took: 0.0000429 seconds
{Heap before GC invocations=52 (full 2):
 par new generation   total 123520K, used 116172K [0x000000062fe00000, 0x0000000638400000, 0x0000000663e00000)
  eden space 109824K, 100% used [0x000000062fe00000, 0x0000000636940000, 0x0000000636940000)
  from space 13696K,  46% used [0x0000000636940000, 0x0000000636f73248, 0x00000006376a0000)
  to   space 13696K,   0% used [0x00000006376a0000, 0x00000006376a0000, 0x0000000638400000)
 concurrent mark-sweep generation total 274432K, used 31634K [0x0000000663e00000, 0x0000000674a00000, 0x00000007c0000000)
 Metaspace       used 64234K, capacity 67598K, committed 67780K, reserved 1107968K
  class space    used 8343K, capacity 8915K, committed 8932K, reserved 1048576K
2021-05-19T19:14:19.211+0000: 10.701: [GC (Allocation Failure) 2021-05-19T19:14:19.211+0000: 10.701: [ParNew
Desired survivor size 7012352 bytes, new threshold 6 (max 6)
- age   1:    2411200 bytes,    2411200 total
- age   2:    1190568 bytes,    3601768 total
- age   3:     856144 bytes,    4457912 total
- age   4:     651656 bytes,    5109568 total
- age   5:     966080 bytes,    6075648 total
- age   6:      97016 bytes,    6172664 total
: 116172K->8084K(123520K), 0.0102202 secs] 147807K->39826K(397952K), 0.0107452 secs] [Times: user=0.11 sys=0.00, real=0.01 secs] 
Heap after GC invocations=53 (full 2):
 par new generation   total 123520K, used 8084K [0x000000062fe00000, 0x0000000638400000, 0x0000000663e00000)
  eden space 109824K,   0% used [0x000000062fe00000, 0x000000062fe00000, 0x0000000636940000)
  from space 13696K,  59% used [0x00000006376a0000, 0x0000000637e85340, 0x0000000638400000)
  to   space 13696K,   0% used [0x0000000636940000, 0x0000000636940000, 0x00000006376a0000)
 concurrent mark-sweep generation total 274432K, used 31741K [0x0000000663e00000, 0x0000000674a00000, 0x00000007c0000000)
 Metaspace       used 64234K, capacity 67598K, committed 67780K, reserved 1107968K
  class space    used 8343K, capacity 8915K, committed 8932K, reserved 1048576K
}
2021-05-19T19:14:19.222+0000: 10.712: Total time for which application threads were stopped: 0.0111362 seconds, Stopping threads took: 0.0000311 seconds
2021-05-19T19:14:19.332+0000: 10.822: Total time for which application threads were stopped: 0.0001633 seconds, Stopping threads took: 0.0000313 seconds
2021-05-19T19:14:19.455+0000: 10.945: Total time for which application threads were stopped: 0.0001748 seconds, Stopping threads took: 0.0000337 seconds
2021-05-19T19:14:19.547+0000: 11.037: Total time for which application threads were stopped: 0.0001641 seconds, Stopping threads took: 0.0000334 seconds
2021-05-19T19:14:19.549+0000: 11.039: Total time for which application threads were stopped: 0.0009796 seconds, Stopping threads took: 0.0000433 seconds
2021-05-19T19:14:19.549+0000: 11.039: Total time for which application threads were stopped: 0.0002160 seconds, Stopping threads took: 0.0000287 seconds
2021-05-19T19:14:19.568+0000: 11.058: Total time for which application threads were stopped: 0.0000994 seconds, Stopping threads took: 0.0000293 seconds
{Heap before GC invocations=53 (full 2):
 par new generation   total 123520K, used 117908K [0x000000062fe00000, 0x0000000638400000, 0x0000000663e00000)
  eden space 109824K, 100% used [0x000000062fe00000, 0x0000000636940000, 0x0000000636940000)
  from space 13696K,  59% used [0x00000006376a0000, 0x0000000637e85340, 0x0000000638400000)
  to   space 13696K,   0% used [0x0000000636940000, 0x0000000636940000, 0x00000006376a0000)
 concurrent mark-sweep generation total 274432K, used 31741K [0x0000000663e00000, 0x0000000674a00000, 0x00000007c0000000)
 Metaspace       used 65890K, capacity 69332K, committed 69504K, reserved 1110016K
  class space    used 8496K, capacity 9080K, committed 9188K, reserved 1048576K
2021-05-19T19:14:19.573+0000: 11.062: [GC (Allocation Failure) 2021-05-19T19:14:19.573+0000: 11.063: [ParNew
Desired survivor size 7012352 bytes, new threshold 3 (max 6)
- age   1:    4137792 bytes,    4137792 total
- age   2:    1718200 bytes,    5855992 total
- age   3:    1178936 bytes,    7034928 total
- age   4:     854464 bytes,    7889392 total
- age   5:     651656 bytes,    8541048 total
- age   6:     966080 bytes,    9507128 total
: 117908K->11178K(123520K), 0.0065063 secs] 149650K->43019K(397952K), 0.0070966 secs] [Times: user=0.07 sys=0.00, real=0.01 secs] 
Heap after GC invocations=54 (full 2):
 par new generation   total 123520K, used 11178K [0x000000062fe00000, 0x0000000638400000, 0x0000000663e00000)
  eden space 109824K,   0% used [0x000000062fe00000, 0x000000062fe00000, 0x0000000636940000)
  from space 13696K,  81% used [0x0000000636940000, 0x000000063742abc8, 0x00000006376a0000)
  to   space 13696K,   0% used [0x00000006376a0000, 0x00000006376a0000, 0x0000000638400000)
 concurrent mark-sweep generation total 274432K, used 31840K [0x0000000663e00000, 0x0000000674a00000, 0x00000007c0000000)
 Metaspace       used 65890K, capacity 69332K, committed 69504K, reserved 1110016K
  class space    used 8496K, capacity 9080K, committed 9188K, reserved 1048576K
}
2021-05-19T19:14:19.580+0000: 11.070: Total time for which application threads were stopped: 0.0075435 seconds, Stopping threads took: 0.0000213 seconds
2021-05-19T19:14:19.580+0000: 11.070: [GC (CMS Initial Mark) [1 CMS-initial-mark: 31840K(274432K)] 45219K(397952K), 0.0027932 secs] [Times: user=0.02 sys=0.00, real=0.00 secs] 
2021-05-19T19:14:19.584+0000: 11.073: Total time for which application threads were stopped: 0.0033966 seconds, Stopping threads took: 0.0001587 seconds
2021-05-19T19:14:19.584+0000: 11.074: [CMS-concurrent-mark-start]
2021-05-19T19:14:19.603+0000: 11.093: [CMS-concurrent-mark: 0.019/0.019 secs] [Times: user=0.12 sys=0.01, real=0.02 secs] 
2021-05-19T19:14:19.603+0000: 11.093: [CMS-concurrent-preclean-start]
2021-05-19T19:14:19.606+0000: 11.095: [CMS-concurrent-preclean: 0.002/0.002 secs] [Times: user=0.01 sys=0.00, real=0.00 secs] 
2021-05-19T19:14:19.606+0000: 11.096: [CMS-concurrent-abortable-preclean-start]
2021-05-19T19:14:19.617+0000: 11.107: Total time for which application threads were stopped: 0.0002992 seconds, Stopping threads took: 0.0002056 seconds
2021-05-19T19:14:19.648+0000: 11.138: Total time for which application threads were stopped: 0.0001087 seconds, Stopping threads took: 0.0000172 seconds
2021-05-19T19:14:19.652+0000: 11.142: Total time for which application threads were stopped: 0.0000562 seconds, Stopping threads took: 0.0000131 seconds
2021-05-19T19:14:19.676+0000: 11.166: Total time for which application threads were stopped: 0.0001133 seconds, Stopping threads took: 0.0000223 seconds
2021-05-19T19:14:19.705+0000: 11.195: Total time for which application threads were stopped: 0.0000865 seconds, Stopping threads took: 0.0000201 seconds
2021-05-19T19:14:19.715+0000: 11.204: [CMS-concurrent-abortable-preclean: 0.108/0.109 secs] [Times: user=0.29 sys=0.00, real=0.11 secs] 
2021-05-19T19:14:19.715+0000: 11.205: [GC (CMS Final Remark) [YG occupancy: 66116 K (123520 K)]2021-05-19T19:14:19.715+0000: 11.205: [Rescan (parallel) , 0.0054954 secs]2021-05-19T19:14:19.721+0000: 11.211: [weak refs processing, 0.0003493 secs]2021-05-19T19:14:19.722+0000: 11.211: [class unloading, 0.0099674 secs]2021-05-19T19:14:19.732+0000: 11.222: [scrub symbol table, 0.0116122 secs]2021-05-19T19:14:19.744+0000: 11.233: [scrub string table, 0.0008217 secs][1 CMS-remark: 31840K(274432K)] 97956K(397952K), 0.0297701 secs] [Times: user=0.08 sys=0.00, real=0.03 secs] 
2021-05-19T19:14:19.745+0000: 11.235: Total time for which application threads were stopped: 0.0301586 seconds, Stopping threads took: 0.0000389 seconds
2021-05-19T19:14:19.745+0000: 11.235: [CMS-concurrent-sweep-start]
2021-05-19T19:14:19.754+0000: 11.244: [CMS-concurrent-sweep: 0.009/0.009 secs] [Times: user=0.01 sys=0.01, real=0.01 secs] 
2021-05-19T19:14:19.755+0000: 11.244: [CMS-concurrent-reset-start]
2021-05-19T19:14:19.762+0000: 11.252: [CMS-concurrent-reset: 0.008/0.008 secs] [Times: user=0.02 sys=0.00, real=0.01 secs] 
2021-05-19T19:14:19.861+0000: 11.351: Total time for which application threads were stopped: 0.0011957 seconds, Stopping threads took: 0.0000288 seconds
{Heap before GC invocations=54 (full 3):
 par new generation   total 123520K, used 121002K [0x000000062fe00000, 0x0000000638400000, 0x0000000663e00000)
  eden space 109824K, 100% used [0x000000062fe00000, 0x0000000636940000, 0x0000000636940000)
  from space 13696K,  81% used [0x0000000636940000, 0x000000063742abc8, 0x00000006376a0000)
  to   space 13696K,   0% used [0x00000006376a0000, 0x00000006376a0000, 0x0000000638400000)
 concurrent mark-sweep generation total 274432K, used 30845K [0x0000000663e00000, 0x0000000674a00000, 0x00000007c0000000)
 Metaspace       used 68592K, capacity 72096K, committed 72188K, reserved 1112064K
  class space    used 8796K, capacity 9392K, committed 9444K, reserved 1048576K
2021-05-19T19:14:19.959+0000: 11.449: [GC (Allocation Failure) 2021-05-19T19:14:19.959+0000: 11.449: [ParNew
Desired survivor size 7012352 bytes, new threshold 3 (max 6)
- age   1:    2493752 bytes,    2493752 total
- age   2:    3373504 bytes,    5867256 total
- age   3:    1712408 bytes,    7579664 total
: 121002K->11873K(123520K), 0.0112459 secs] 151848K->46345K(397952K), 0.0118151 secs] [Times: user=0.08 sys=0.00, real=0.01 secs] 
Heap after GC invocations=55 (full 3):
 par new generation   total 123520K, used 11873K [0x000000062fe00000, 0x0000000638400000, 0x0000000663e00000)
  eden space 109824K,   0% used [0x000000062fe00000, 0x000000062fe00000, 0x0000000636940000)
  from space 13696K,  86% used [0x00000006376a0000, 0x0000000638238598, 0x0000000638400000)
  to   space 13696K,   0% used [0x0000000636940000, 0x0000000636940000, 0x00000006376a0000)
 concurrent mark-sweep generation total 274432K, used 34472K [0x0000000663e00000, 0x0000000674a00000, 0x00000007c0000000)
 Metaspace       used 68592K, capacity 72096K, committed 72188K, reserved 1112064K
  class space    used 8796K, capacity 9392K, committed 9444K, reserved 1048576K
}
2021-05-19T19:14:19.971+0000: 11.461: Total time for which application threads were stopped: 0.0124052 seconds, Stopping threads took: 0.0000323 seconds
2021-05-19T19:14:20.201+0000: 11.690: Total time for which application threads were stopped: 0.0002259 seconds, Stopping threads took: 0.0000346 seconds
{Heap before GC invocations=55 (full 3):
 par new generation   total 123520K, used 121697K [0x000000062fe00000, 0x0000000638400000, 0x0000000663e00000)
  eden space 109824K, 100% used [0x000000062fe00000, 0x0000000636940000, 0x0000000636940000)
  from space 13696K,  86% used [0x00000006376a0000, 0x0000000638238598, 0x0000000638400000)
  to   space 13696K,   0% used [0x0000000636940000, 0x0000000636940000, 0x00000006376a0000)
 concurrent mark-sweep generation total 274432K, used 34472K [0x0000000663e00000, 0x0000000674a00000, 0x00000007c0000000)
 Metaspace       used 69490K, capacity 73130K, committed 73244K, reserved 1114112K
  class space    used 8862K, capacity 9499K, committed 9572K, reserved 1048576K
2021-05-19T19:14:20.285+0000: 11.775: [GC (Allocation Failure) 2021-05-19T19:14:20.285+0000: 11.775: [ParNew
Desired survivor size 7012352 bytes, new threshold 3 (max 6)
- age   1:    2607432 bytes,    2607432 total
- age   2:    1273696 bytes,    3881128 total
- age   3:    3356272 bytes,    7237400 total
: 121697K->8663K(123520K), 0.0050791 secs] 156169K->44852K(397952K), 0.0055960 secs] [Times: user=0.06 sys=0.00, real=0.01 secs] 
Heap after GC invocations=56 (full 3):
 par new generation   total 123520K, used 8663K [0x000000062fe00000, 0x0000000638400000, 0x0000000663e00000)
  eden space 109824K,   0% used [0x000000062fe00000, 0x000000062fe00000, 0x0000000636940000)
  from space 13696K,  63% used [0x0000000636940000, 0x00000006371b5c48, 0x00000006376a0000)
  to   space 13696K,   0% used [0x00000006376a0000, 0x00000006376a0000, 0x0000000638400000)
 concurrent mark-sweep generation total 274432K, used 36189K [0x0000000663e00000, 0x0000000674a00000, 0x00000007c0000000)
 Metaspace       used 69490K, capacity 73130K, committed 73244K, reserved 1114112K
  class space    used 8862K, capacity 9499K, committed 9572K, reserved 1048576K
}
2021-05-19T19:14:20.291+0000: 11.781: Total time for which application threads were stopped: 0.0061443 seconds, Stopping threads took: 0.0000594 seconds
2021-05-19T19:14:20.546+0000: 12.036: Total time for which application threads were stopped: 0.0011942 seconds, Stopping threads took: 0.0000355 seconds
{Heap before GC invocations=56 (full 3):
 par new generation   total 123520K, used 118487K [0x000000062fe00000, 0x0000000638400000, 0x0000000663e00000)
  eden space 109824K, 100% used [0x000000062fe00000, 0x0000000636940000, 0x0000000636940000)
  from space 13696K,  63% used [0x0000000636940000, 0x00000006371b5c48, 0x00000006376a0000)
  to   space 13696K,   0% used [0x00000006376a0000, 0x00000006376a0000, 0x0000000638400000)
 concurrent mark-sweep generation total 274432K, used 36189K [0x0000000663e00000, 0x0000000674a00000, 0x00000007c0000000)
 Metaspace       used 70345K, capacity 74056K, committed 74268K, reserved 1114112K
  class space    used 8929K, capacity 9556K, committed 9572K, reserved 1048576K
2021-05-19T19:14:20.570+0000: 12.060: [GC (Allocation Failure) 2021-05-19T19:14:20.570+0000: 12.060: [ParNew
Desired survivor size 7012352 bytes, new threshold 6 (max 6)
- age   1:    2828944 bytes,    2828944 total
- age   2:    2539200 bytes,    5368144 total
- age   3:    1269616 bytes,    6637760 total
: 118487K->9615K(123520K), 0.0071186 secs] 154676K->49166K(397952K), 0.0076628 secs] [Times: user=0.06 sys=0.00, real=0.00 secs] 
Heap after GC invocations=57 (full 3):
 par new generation   total 123520K, used 9615K [0x000000062fe00000, 0x0000000638400000, 0x0000000663e00000)
  eden space 109824K,   0% used [0x000000062fe00000, 0x000000062fe00000, 0x0000000636940000)
  from space 13696K,  70% used [0x00000006376a0000, 0x0000000638003d70, 0x0000000638400000)
  to   space 13696K,   0% used [0x0000000636940000, 0x0000000636940000, 0x00000006376a0000)
 concurrent mark-sweep generation total 274432K, used 39551K [0x0000000663e00000, 0x0000000674a00000, 0x00000007c0000000)
 Metaspace       used 70345K, capacity 74056K, committed 74268K, reserved 1114112K
  class space    used 8929K, capacity 9556K, committed 9572K, reserved 1048576K
}
2021-05-19T19:14:20.578+0000: 12.068: Total time for which application threads were stopped: 0.0081474 seconds, Stopping threads took: 0.0000369 seconds
{Heap before GC invocations=57 (full 3):
 par new generation   total 123520K, used 119439K [0x000000062fe00000, 0x0000000638400000, 0x0000000663e00000)
  eden space 109824K, 100% used [0x000000062fe00000, 0x0000000636940000, 0x0000000636940000)
  from space 13696K,  70% used [0x00000006376a0000, 0x0000000638003d70, 0x0000000638400000)
  to   space 13696K,   0% used [0x0000000636940000, 0x0000000636940000, 0x00000006376a0000)
 concurrent mark-sweep generation total 274432K, used 39551K [0x0000000663e00000, 0x0000000674a00000, 0x00000007c0000000)
 Metaspace       used 71781K, capacity 75522K, committed 75804K, reserved 1116160K
  class space    used 9059K, capacity 9707K, committed 9828K, reserved 1048576K
2021-05-19T19:14:20.887+0000: 12.376: [GC (Allocation Failure) 2021-05-19T19:14:20.887+0000: 12.377: [ParNew
Desired survivor size 7012352 bytes, new threshold 3 (max 6)
- age   1:    2400512 bytes,    2400512 total
- age   2:    2721368 bytes,    5121880 total
- age   3:    2532896 bytes,    7654776 total
- age   4:    1267232 bytes,    8922008 total
: 119439K->12715K(123520K), 0.0058032 secs] 158990K->52266K(397952K), 0.0063925 secs] [Times: user=0.06 sys=0.00, real=0.01 secs] 
Heap after GC invocations=58 (full 3):
 par new generation   total 123520K, used 12715K [0x000000062fe00000, 0x0000000638400000, 0x0000000663e00000)
  eden space 109824K,   0% used [0x000000062fe00000, 0x000000062fe00000, 0x0000000636940000)
  from space 13696K,  92% used [0x0000000636940000, 0x00000006375aac00, 0x00000006376a0000)
  to   space 13696K,   0% used [0x00000006376a0000, 0x00000006376a0000, 0x0000000638400000)
 concurrent mark-sweep generation total 274432K, used 39551K [0x0000000663e00000, 0x0000000674a00000, 0x00000007c0000000)
 Metaspace       used 71781K, capacity 75522K, committed 75804K, reserved 1116160K
  class space    used 9059K, capacity 9707K, committed 9828K, reserved 1048576K
}
2021-05-19T19:14:20.893+0000: 12.383: Total time for which application threads were stopped: 0.0070642 seconds, Stopping threads took: 0.0000398 seconds
2021-05-19T19:14:20.990+0000: 12.480: Total time for which application threads were stopped: 0.0014166 seconds, Stopping threads took: 0.0000432 seconds
2021-05-19T19:14:21.065+0000: 12.555: Total time for which application threads were stopped: 0.0013194 seconds, Stopping threads took: 0.0000439 seconds
{Heap before GC invocations=58 (full 3):
 par new generation   total 123520K, used 122539K [0x000000062fe00000, 0x0000000638400000, 0x0000000663e00000)
  eden space 109824K, 100% used [0x000000062fe00000, 0x0000000636940000, 0x0000000636940000)
  from space 13696K,  92% used [0x0000000636940000, 0x00000006375aac00, 0x00000006376a0000)
  to   space 13696K,   0% used [0x00000006376a0000, 0x00000006376a0000, 0x0000000638400000)
 concurrent mark-sweep generation total 274432K, used 39551K [0x0000000663e00000, 0x0000000674a00000, 0x00000007c0000000)
 Metaspace       used 73323K, capacity 77272K, committed 77468K, reserved 1116160K
  class space    used 9267K, capacity 9940K, committed 9956K, reserved 1048576K
2021-05-19T19:14:21.153+0000: 12.643: [GC (Allocation Failure) 2021-05-19T19:14:21.154+0000: 12.644: [ParNew
Desired survivor size 7012352 bytes, new threshold 3 (max 6)
- age   1:    3830992 bytes,    3830992 total
- age   2:    1786584 bytes,    5617576 total
- age   3:    2717072 bytes,    8334648 total
: 122539K->13696K(123520K), 0.0247427 secs] 162090K->57542K(397952K), 0.0254149 secs] [Times: user=0.24 sys=0.00, real=0.03 secs] 
Heap after GC invocations=59 (full 3):
 par new generation   total 123520K, used 13696K [0x000000062fe00000, 0x0000000638400000, 0x0000000663e00000)
  eden space 109824K,   0% used [0x000000062fe00000, 0x000000062fe00000, 0x0000000636940000)
  from space 13696K, 100% used [0x00000006376a0000, 0x0000000638400000, 0x0000000638400000)
  to   space 13696K,   0% used [0x0000000636940000, 0x0000000636940000, 0x00000006376a0000)
 concurrent mark-sweep generation total 274432K, used 43846K [0x0000000663e00000, 0x0000000674a00000, 0x00000007c0000000)
 Metaspace       used 73323K, capacity 77272K, committed 77468K, reserved 1116160K
  class space    used 9267K, capacity 9940K, committed 9956K, reserved 1048576K
}
2021-05-19T19:14:21.179+0000: 12.669: Total time for which application threads were stopped: 0.0260030 seconds, Stopping threads took: 0.0000400 seconds
2021-05-19T19:14:21.407+0000: 12.897: Total time for which application threads were stopped: 0.0012560 seconds, Stopping threads took: 0.0000350 seconds
2021-05-19T19:14:21.468+0000: 12.958: Total time for which application threads were stopped: 0.0013159 seconds, Stopping threads took: 0.0000370 seconds
2021-05-19T19:14:21.498+0000: 12.988: Total time for which application threads were stopped: 0.0013133 seconds, Stopping threads took: 0.0000332 seconds
{Heap before GC invocations=59 (full 3):
 par new generation   total 123520K, used 123520K [0x000000062fe00000, 0x0000000638400000, 0x0000000663e00000)
  eden space 109824K, 100% used [0x000000062fe00000, 0x0000000636940000, 0x0000000636940000)
  from space 13696K, 100% used [0x00000006376a0000, 0x0000000638400000, 0x0000000638400000)
  to   space 13696K,   0% used [0x0000000636940000, 0x0000000636940000, 0x00000006376a0000)
 concurrent mark-sweep generation total 274432K, used 43846K [0x0000000663e00000, 0x0000000674a00000, 0x00000007c0000000)
 Metaspace       used 75485K, capacity 79484K, committed 79772K, reserved 1118208K
  class space    used 9498K, capacity 10180K, committed 10212K, reserved 1048576K
2021-05-19T19:14:21.566+0000: 13.056: [GC (Allocation Failure) 2021-05-19T19:14:21.566+0000: 13.056: [ParNew
Desired survivor size 7012352 bytes, new threshold 6 (max 6)
- age   1:    2305056 bytes,    2305056 total
- age   2:    1308232 bytes,    3613288 total
- age   3:    1775016 bytes,    5388304 total
: 123520K->7731K(123520K), 0.0081842 secs] 167366K->54290K(397952K), 0.0086916 secs] [Times: user=0.07 sys=0.00, real=0.01 secs] 
Heap after GC invocations=60 (full 3):
 par new generation   total 123520K, used 7731K [0x000000062fe00000, 0x0000000638400000, 0x0000000663e00000)
  eden space 109824K,   0% used [0x000000062fe00000, 0x000000062fe00000, 0x0000000636940000)
  from space 13696K,  56% used [0x0000000636940000, 0x00000006370ccf50, 0x00000006376a0000)
  to   space 13696K,   0% used [0x00000006376a0000, 0x00000006376a0000, 0x0000000638400000)
 concurrent mark-sweep generation total 274432K, used 46558K [0x0000000663e00000, 0x0000000674a00000, 0x00000007c0000000)
 Metaspace       used 75485K, capacity 79484K, committed 79772K, reserved 1118208K
  class space    used 9498K, capacity 10180K, committed 10212K, reserved 1048576K
}
2021-05-19T19:14:21.575+0000: 13.065: Total time for which application threads were stopped: 0.0093233 seconds, Stopping threads took: 0.0000524 seconds
2021-05-19T19:14:21.722+0000: 13.212: Total time for which application threads were stopped: 0.0014639 seconds, Stopping threads took: 0.0000544 seconds
2021-05-19T19:14:21.730+0000: 13.219: Total time for which application threads were stopped: 0.0013573 seconds, Stopping threads took: 0.0000799 seconds
2021-05-19T19:14:21.756+0000: 13.246: Total time for which application threads were stopped: 0.0012933 seconds, Stopping threads took: 0.0000368 seconds
2021-05-19T19:14:21.770+0000: 13.260: Total time for which application threads were stopped: 0.0011988 seconds, Stopping threads took: 0.0000348 seconds
{Heap before GC invocations=60 (full 3):
 par new generation   total 123520K, used 117555K [0x000000062fe00000, 0x0000000638400000, 0x0000000663e00000)
  eden space 109824K, 100% used [0x000000062fe00000, 0x0000000636940000, 0x0000000636940000)
  from space 13696K,  56% used [0x0000000636940000, 0x00000006370ccf50, 0x00000006376a0000)
  to   space 13696K,   0% used [0x00000006376a0000, 0x00000006376a0000, 0x0000000638400000)
 concurrent mark-sweep generation total 274432K, used 46558K [0x0000000663e00000, 0x0000000674a00000, 0x00000007c0000000)
 Metaspace       used 76445K, capacity 80450K, committed 80668K, reserved 1120256K
  class space    used 9617K, capacity 10327K, committed 10340K, reserved 1048576K
2021-05-19T19:14:21.892+0000: 13.382: [GC (Allocation Failure) 2021-05-19T19:14:21.893+0000: 13.383: [ParNew
Desired survivor size 7012352 bytes, new threshold 4 (max 6)
- age   1:    3974728 bytes,    3974728 total
- age   2:    1530048 bytes,    5504776 total
- age   3:    1304616 bytes,    6809392 total
- age   4:    1767384 bytes,    8576776 total
: 117555K->10668K(123520K), 0.0062654 secs] 164114K->57226K(397952K), 0.0068668 secs] [Times: user=0.06 sys=0.00, real=0.01 secs] 
Heap after GC invocations=61 (full 3):
 par new generation   total 123520K, used 10668K [0x000000062fe00000, 0x0000000638400000, 0x0000000663e00000)
  eden space 109824K,   0% used [0x000000062fe00000, 0x000000062fe00000, 0x0000000636940000)
  from space 13696K,  77% used [0x00000006376a0000, 0x000000063810b020, 0x0000000638400000)
  to   space 13696K,   0% used [0x0000000636940000, 0x0000000636940000, 0x00000006376a0000)
 concurrent mark-sweep generation total 274432K, used 46558K [0x0000000663e00000, 0x0000000674a00000, 0x00000007c0000000)
 Metaspace       used 76445K, capacity 80450K, committed 80668K, reserved 1120256K
  class space    used 9617K, capacity 10327K, committed 10340K, reserved 1048576K
}
2021-05-19T19:14:21.900+0000: 13.390: Total time for which application threads were stopped: 0.0074898 seconds, Stopping threads took: 0.0000359 seconds
{Heap before GC invocations=61 (full 3):
 par new generation   total 123520K, used 120492K [0x000000062fe00000, 0x0000000638400000, 0x0000000663e00000)
  eden space 109824K, 100% used [0x000000062fe00000, 0x0000000636940000, 0x0000000636940000)
  from space 13696K,  77% used [0x00000006376a0000, 0x000000063810b020, 0x0000000638400000)
  to   space 13696K,   0% used [0x0000000636940000, 0x0000000636940000, 0x00000006376a0000)
 concurrent mark-sweep generation total 274432K, used 46558K [0x0000000663e00000, 0x0000000674a00000, 0x00000007c0000000)
 Metaspace       used 78616K, capacity 82696K, committed 82844K, reserved 1122304K
  class space    used 9889K, capacity 10612K, committed 10724K, reserved 1048576K
2021-05-19T19:14:22.281+0000: 13.771: [GC (Allocation Failure) 2021-05-19T19:14:22.282+0000: 13.772: [ParNew
Desired survivor size 7012352 bytes, new threshold 4 (max 6)
- age   1:    2571424 bytes,    2571424 total
- age   2:    2674040 bytes,    5245464 total
- age   3:    1510528 bytes,    6755992 total
- age   4:    1302912 bytes,    8058904 total
: 120492K->11193K(123520K), 0.0067275 secs] 167050K->59521K(397952K), 0.0073205 secs] [Times: user=0.06 sys=0.00, real=0.01 secs] 
Heap after GC invocations=62 (full 3):
 par new generation   total 123520K, used 11193K [0x000000062fe00000, 0x0000000638400000, 0x0000000663e00000)
  eden space 109824K,   0% used [0x000000062fe00000, 0x000000062fe00000, 0x0000000636940000)
  from space 13696K,  81% used [0x0000000636940000, 0x000000063742e498, 0x00000006376a0000)
  to   space 13696K,   0% used [0x00000006376a0000, 0x00000006376a0000, 0x0000000638400000)
 concurrent mark-sweep generation total 274432K, used 48328K [0x0000000663e00000, 0x0000000674a00000, 0x00000007c0000000)
 Metaspace       used 78616K, capacity 82696K, committed 82844K, reserved 1122304K
  class space    used 9889K, capacity 10612K, committed 10724K, reserved 1048576K
}
2021-05-19T19:14:22.289+0000: 13.779: Total time for which application threads were stopped: 0.0078470 seconds, Stopping threads took: 0.0000587 seconds
2021-05-19T19:14:22.472+0000: 13.962: Total time for which application threads were stopped: 0.0012532 seconds, Stopping threads took: 0.0000258 seconds
2021-05-19T19:14:22.691+0000: 14.180: Total time for which application threads were stopped: 0.0013871 seconds, Stopping threads took: 0.0000503 seconds
2021-05-19T19:14:22.895+0000: 14.385: Total time for which application threads were stopped: 0.0015072 seconds, Stopping threads took: 0.0000955 seconds
{Heap before GC invocations=62 (full 3):
 par new generation   total 123520K, used 121017K [0x000000062fe00000, 0x0000000638400000, 0x0000000663e00000)
  eden space 109824K, 100% used [0x000000062fe00000, 0x0000000636940000, 0x0000000636940000)
  from space 13696K,  81% used [0x0000000636940000, 0x000000063742e498, 0x00000006376a0000)
  to   space 13696K,   0% used [0x00000006376a0000, 0x00000006376a0000, 0x0000000638400000)
 concurrent mark-sweep generation total 274432K, used 48328K [0x0000000663e00000, 0x0000000674a00000, 0x00000007c0000000)
 Metaspace       used 83960K, capacity 88354K, committed 88732K, reserved 1126400K
  class space    used 10560K, capacity 11407K, committed 11492K, reserved 1048576K
2021-05-19T19:14:22.912+0000: 14.402: [GC (Allocation Failure) 2021-05-19T19:14:22.912+0000: 14.402: [ParNew
Desired survivor size 7012352 bytes, new threshold 3 (max 6)
- age   1:    5295192 bytes,    5295192 total
- age   2:    1367608 bytes,    6662800 total
- age   3:    2657096 bytes,    9319896 total
- age   4:    1499648 bytes,   10819544 total
: 121017K->13696K(123520K), 0.0115075 secs] 169345K->66502K(397952K), 0.0121004 secs] [Times: user=0.06 sys=0.00, real=0.01 secs] 
Heap after GC invocations=63 (full 3):
 par new generation   total 123520K, used 13696K [0x000000062fe00000, 0x0000000638400000, 0x0000000663e00000)
  eden space 109824K,   0% used [0x000000062fe00000, 0x000000062fe00000, 0x0000000636940000)
  from space 13696K, 100% used [0x00000006376a0000, 0x0000000638400000, 0x0000000638400000)
  to   space 13696K,   0% used [0x0000000636940000, 0x0000000636940000, 0x00000006376a0000)
 concurrent mark-sweep generation total 274432K, used 52806K [0x0000000663e00000, 0x0000000674a00000, 0x00000007c0000000)
 Metaspace       used 83960K, capacity 88354K, committed 88732K, reserved 1126400K
  class space    used 10560K, capacity 11407K, committed 11492K, reserved 1048576K
}
2021-05-19T19:14:22.924+0000: 14.414: Total time for which application threads were stopped: 0.0124985 seconds, Stopping threads took: 0.0000290 seconds
{Heap before GC invocations=63 (full 3):
 par new generation   total 123520K, used 123520K [0x000000062fe00000, 0x0000000638400000, 0x0000000663e00000)
  eden space 109824K, 100% used [0x000000062fe00000, 0x0000000636940000, 0x0000000636940000)
  from space 13696K, 100% used [0x00000006376a0000, 0x0000000638400000, 0x0000000638400000)
  to   space 13696K,   0% used [0x0000000636940000, 0x0000000636940000, 0x00000006376a0000)
 concurrent mark-sweep generation total 274432K, used 52806K [0x0000000663e00000, 0x0000000674a00000, 0x00000007c0000000)
 Metaspace       used 86036K, capacity 90538K, committed 90652K, reserved 1128448K
  class space    used 10719K, capacity 11595K, committed 11620K, reserved 1048576K
2021-05-19T19:14:23.247+0000: 14.737: [GC (Allocation Failure) 2021-05-19T19:14:23.248+0000: 14.738: [ParNew
Desired survivor size 7012352 bytes, new threshold 2 (max 6)
- age   1:    5769128 bytes,    5769128 total
- age   2:    4992832 bytes,   10761960 total
- age   3:    1359016 bytes,   12120976 total
: 123520K->13696K(123520K), 0.0172467 secs] 176326K->72596K(397952K), 0.0178427 secs] [Times: user=0.09 sys=0.02, real=0.02 secs] 
Heap after GC invocations=64 (full 3):
 par new generation   total 123520K, used 13696K [0x000000062fe00000, 0x0000000638400000, 0x0000000663e00000)
  eden space 109824K,   0% used [0x000000062fe00000, 0x000000062fe00000, 0x0000000636940000)
  from space 13696K, 100% used [0x0000000636940000, 0x00000006376a0000, 0x00000006376a0000)
  to   space 13696K,   0% used [0x00000006376a0000, 0x00000006376a0000, 0x0000000638400000)
 concurrent mark-sweep generation total 274432K, used 58900K [0x0000000663e00000, 0x0000000674a00000, 0x00000007c0000000)
 Metaspace       used 86036K, capacity 90538K, committed 90652K, reserved 1128448K
  class space    used 10719K, capacity 11595K, committed 11620K, reserved 1048576K
}
2021-05-19T19:14:23.266+0000: 14.755: Total time for which application threads were stopped: 0.0184411 seconds, Stopping threads took: 0.0000376 seconds
2021-05-19T19:14:23.442+0000: 14.932: Total time for which application threads were stopped: 0.0015023 seconds, Stopping threads took: 0.0000399 seconds
{Heap before GC invocations=64 (full 3):
 par new generation   total 123520K, used 123520K [0x000000062fe00000, 0x0000000638400000, 0x0000000663e00000)
  eden space 109824K, 100% used [0x000000062fe00000, 0x0000000636940000, 0x0000000636940000)
  from space 13696K, 100% used [0x0000000636940000, 0x00000006376a0000, 0x00000006376a0000)
  to   space 13696K,   0% used [0x00000006376a0000, 0x00000006376a0000, 0x0000000638400000)
 concurrent mark-sweep generation total 274432K, used 58900K [0x0000000663e00000, 0x0000000674a00000, 0x00000007c0000000)
 Metaspace       used 89413K, capacity 93932K, committed 94108K, reserved 1132544K
  class space    used 11074K, capacity 11966K, committed 12004K, reserved 1048576K
2021-05-19T19:14:23.590+0000: 15.080: [GC (Allocation Failure) 2021-05-19T19:14:23.591+0000: 15.080: [ParNew
Desired survivor size 7012352 bytes, new threshold 2 (max 6)
- age   1:    3390424 bytes,    3390424 total
- age   2:    5448808 bytes,    8839232 total
: 123520K->13696K(123520K), 0.0140452 secs] 182420K->80193K(397952K), 0.0146624 secs] [Times: user=0.07 sys=0.01, real=0.01 secs] 
Heap after GC invocations=65 (full 3):
 par new generation   total 123520K, used 13696K [0x000000062fe00000, 0x0000000638400000, 0x0000000663e00000)
  eden space 109824K,   0% used [0x000000062fe00000, 0x000000062fe00000, 0x0000000636940000)
  from space 13696K, 100% used [0x00000006376a0000, 0x0000000638400000, 0x0000000638400000)
  to   space 13696K,   0% used [0x0000000636940000, 0x0000000636940000, 0x00000006376a0000)
 concurrent mark-sweep generation total 274432K, used 66497K [0x0000000663e00000, 0x0000000674a00000, 0x00000007c0000000)
 Metaspace       used 89413K, capacity 93932K, committed 94108K, reserved 1132544K
  class space    used 11074K, capacity 11966K, committed 12004K, reserved 1048576K
}
2021-05-19T19:14:23.605+0000: 15.095: Total time for which application threads were stopped: 0.0151573 seconds, Stopping threads took: 0.0000375 seconds
2021-05-19T19:14:23.783+0000: 15.273: Total time for which application threads were stopped: 0.0014988 seconds, Stopping threads took: 0.0000416 seconds
2021-05-19T19:14:23.784+0000: 15.274: Total time for which application threads were stopped: 0.0008569 seconds, Stopping threads took: 0.0000229 seconds
2021-05-19T19:14:23.785+0000: 15.275: Total time for which application threads were stopped: 0.0003061 seconds, Stopping threads took: 0.0000222 seconds
2021-05-19T19:14:23.802+0000: 15.292: Total time for which application threads were stopped: 0.0014283 seconds, Stopping threads took: 0.0001002 seconds
2021-05-19T19:14:23.803+0000: 15.293: Total time for which application threads were stopped: 0.0005113 seconds, Stopping threads took: 0.0000222 seconds
{Heap before GC invocations=65 (full 3):
 par new generation   total 123520K, used 123520K [0x000000062fe00000, 0x0000000638400000, 0x0000000663e00000)
  eden space 109824K, 100% used [0x000000062fe00000, 0x0000000636940000, 0x0000000636940000)
  from space 13696K, 100% used [0x00000006376a0000, 0x0000000638400000, 0x0000000638400000)
  to   space 13696K,   0% used [0x0000000636940000, 0x0000000636940000, 0x00000006376a0000)
 concurrent mark-sweep generation total 274432K, used 66497K [0x0000000663e00000, 0x0000000674a00000, 0x00000007c0000000)
 Metaspace       used 90466K, capacity 95090K, committed 95260K, reserved 1132544K
  class space    used 11218K, capacity 12083K, committed 12132K, reserved 1048576K
2021-05-19T19:14:23.831+0000: 15.321: [GC (Allocation Failure) 2021-05-19T19:14:23.832+0000: 15.321: [ParNew
Desired survivor size 7012352 bytes, new threshold 6 (max 6)
- age   1:    2494088 bytes,    2494088 total
- age   2:    3217120 bytes,    5711208 total
: 123520K->12206K(123520K), 0.0097630 secs] 190017K->84064K(397952K), 0.0103252 secs] [Times: user=0.07 sys=0.00, real=0.01 secs] 
Heap after GC invocations=66 (full 3):
 par new generation   total 123520K, used 12206K [0x000000062fe00000, 0x0000000638400000, 0x0000000663e00000)
  eden space 109824K,   0% used [0x000000062fe00000, 0x000000062fe00000, 0x0000000636940000)
  from space 13696K,  89% used [0x0000000636940000, 0x000000063752ba08, 0x00000006376a0000)
  to   space 13696K,   0% used [0x00000006376a0000, 0x00000006376a0000, 0x0000000638400000)
 concurrent mark-sweep generation total 274432K, used 71858K [0x0000000663e00000, 0x0000000674a00000, 0x00000007c0000000)
 Metaspace       used 90466K, capacity 95090K, committed 95260K, reserved 1132544K
  class space    used 11218K, capacity 12083K, committed 12132K, reserved 1048576K
}
2021-05-19T19:14:23.842+0000: 15.332: Total time for which application threads were stopped: 0.0109837 seconds, Stopping threads took: 0.0001177 seconds
2021-05-19T19:14:23.902+0000: 15.392: Total time for which application threads were stopped: 0.0015247 seconds, Stopping threads took: 0.0000481 seconds
2021-05-19T19:14:23.915+0000: 15.405: Total time for which application threads were stopped: 0.0013856 seconds, Stopping threads took: 0.0000587 seconds
{Heap before GC invocations=66 (full 3):
 par new generation   total 123520K, used 122030K [0x000000062fe00000, 0x0000000638400000, 0x0000000663e00000)
  eden space 109824K, 100% used [0x000000062fe00000, 0x0000000636940000, 0x0000000636940000)
  from space 13696K,  89% used [0x0000000636940000, 0x000000063752ba08, 0x00000006376a0000)
  to   space 13696K,   0% used [0x00000006376a0000, 0x00000006376a0000, 0x0000000638400000)
 concurrent mark-sweep generation total 274432K, used 71858K [0x0000000663e00000, 0x0000000674a00000, 0x00000007c0000000)
 Metaspace       used 91303K, capacity 95972K, committed 96156K, reserved 1132544K
  class space    used 11354K, capacity 12236K, committed 12260K, reserved 1048576K
2021-05-19T19:14:24.069+0000: 15.559: [GC (Allocation Failure) 2021-05-19T19:14:24.069+0000: 15.559: [ParNew
Desired survivor size 7012352 bytes, new threshold 3 (max 6)
- age   1:    3482776 bytes,    3482776 total
- age   2:    1266112 bytes,    4748888 total
- age   3:    3211864 bytes,    7960752 total
: 122030K->10184K(123520K), 0.0088151 secs] 193888K->82042K(397952K), 0.0093623 secs] [Times: user=0.05 sys=0.00, real=0.00 secs] 
Heap after GC invocations=67 (full 3):
 par new generation   total 123520K, used 10184K [0x000000062fe00000, 0x0000000638400000, 0x0000000663e00000)
  eden space 109824K,   0% used [0x000000062fe00000, 0x000000062fe00000, 0x0000000636940000)
  from space 13696K,  74% used [0x00000006376a0000, 0x00000006380920b0, 0x0000000638400000)
  to   space 13696K,   0% used [0x0000000636940000, 0x0000000636940000, 0x00000006376a0000)
 concurrent mark-sweep generation total 274432K, used 71858K [0x0000000663e00000, 0x0000000674a00000, 0x00000007c0000000)
 Metaspace       used 91303K, capacity 95972K, committed 96156K, reserved 1132544K
  class space    used 11354K, capacity 12236K, committed 12260K, reserved 1048576K
}
2021-05-19T19:14:24.078+0000: 15.568: Total time for which application threads were stopped: 0.0098128 seconds, Stopping threads took: 0.0000390 seconds
{Heap before GC invocations=67 (full 3):
 par new generation   total 123520K, used 120008K [0x000000062fe00000, 0x0000000638400000, 0x0000000663e00000)
  eden space 109824K, 100% used [0x000000062fe00000, 0x0000000636940000, 0x0000000636940000)
  from space 13696K,  74% used [0x00000006376a0000, 0x00000006380920b0, 0x0000000638400000)
  to   space 13696K,   0% used [0x0000000636940000, 0x0000000636940000, 0x00000006376a0000)
 concurrent mark-sweep generation total 274432K, used 71858K [0x0000000663e00000, 0x0000000674a00000, 0x00000007c0000000)
 Metaspace       used 92011K, capacity 96670K, committed 96796K, reserved 1134592K
  class space    used 11460K, capacity 12341K, committed 12388K, reserved 1048576K
2021-05-19T19:14:24.225+0000: 15.715: [GC (Allocation Failure) 2021-05-19T19:14:24.225+0000: 15.715: [ParNew
Desired survivor size 7012352 bytes, new threshold 6 (max 6)
- age   1:    4022112 bytes,    4022112 total
- age   2:    1188712 bytes,    5210824 total
- age   3:    1262040 bytes,    6472864 total
: 120008K->8904K(123520K), 0.0116296 secs] 191866K->83930K(397952K), 0.0121473 secs] [Times: user=0.05 sys=0.00, real=0.01 secs] 
Heap after GC invocations=68 (full 3):
 par new generation   total 123520K, used 8904K [0x000000062fe00000, 0x0000000638400000, 0x0000000663e00000)
  eden space 109824K,   0% used [0x000000062fe00000, 0x000000062fe00000, 0x0000000636940000)
  from space 13696K,  65% used [0x0000000636940000, 0x00000006371f2020, 0x00000006376a0000)
  to   space 13696K,   0% used [0x00000006376a0000, 0x00000006376a0000, 0x0000000638400000)
 concurrent mark-sweep generation total 274432K, used 75026K [0x0000000663e00000, 0x0000000674a00000, 0x00000007c0000000)
 Metaspace       used 92011K, capacity 96670K, committed 96796K, reserved 1134592K
  class space    used 11460K, capacity 12341K, committed 12388K, reserved 1048576K
}
2021-05-19T19:14:24.237+0000: 15.727: Total time for which application threads were stopped: 0.0125792 seconds, Stopping threads took: 0.0000345 seconds
{Heap before GC invocations=68 (full 3):
 par new generation   total 123520K, used 118728K [0x000000062fe00000, 0x0000000638400000, 0x0000000663e00000)
  eden space 109824K, 100% used [0x000000062fe00000, 0x0000000636940000, 0x0000000636940000)
  from space 13696K,  65% used [0x0000000636940000, 0x00000006371f2020, 0x00000006376a0000)
  to   space 13696K,   0% used [0x00000006376a0000, 0x00000006376a0000, 0x0000000638400000)
 concurrent mark-sweep generation total 274432K, used 75026K [0x0000000663e00000, 0x0000000674a00000, 0x00000007c0000000)
 Metaspace       used 92476K, capacity 97228K, committed 97436K, reserved 1134592K
  class space    used 11541K, capacity 12432K, committed 12516K, reserved 1048576K
2021-05-19T19:14:24.420+0000: 15.910: [GC (Allocation Failure) 2021-05-19T19:14:24.420+0000: 15.910: [ParNew
Desired survivor size 7012352 bytes, new threshold 3 (max 6)
- age   1:    6408472 bytes,    6408472 total
- age   2:     421552 bytes,    6830024 total
- age   3:    1178808 bytes,    8008832 total
- age   4:    1259160 bytes,    9267992 total
: 118728K->10330K(123520K), 0.0124345 secs] 193754K->85356K(397952K), 0.0129217 secs] [Times: user=0.04 sys=0.00, real=0.01 secs] 
Heap after GC invocations=69 (full 3):
 par new generation   total 123520K, used 10330K [0x000000062fe00000, 0x0000000638400000, 0x0000000663e00000)
  eden space 109824K,   0% used [0x000000062fe00000, 0x000000062fe00000, 0x0000000636940000)
  from space 13696K,  75% used [0x00000006376a0000, 0x00000006380b6a58, 0x0000000638400000)
  to   space 13696K,   0% used [0x0000000636940000, 0x0000000636940000, 0x00000006376a0000)
 concurrent mark-sweep generation total 274432K, used 75026K [0x0000000663e00000, 0x0000000674a00000, 0x00000007c0000000)
 Metaspace       used 92476K, capacity 97228K, committed 97436K, reserved 1134592K
  class space    used 11541K, capacity 12432K, committed 12516K, reserved 1048576K
}
2021-05-19T19:14:24.433+0000: 15.923: Total time for which application threads were stopped: 0.0133780 seconds, Stopping threads took: 0.0000285 seconds
2021-05-19T19:14:24.511+0000: 16.001: Total time for which application threads were stopped: 0.0014091 seconds, Stopping threads took: 0.0000281 seconds
2021-05-19T19:14:24.529+0000: 16.019: Total time for which application threads were stopped: 0.0012244 seconds, Stopping threads took: 0.0000876 seconds
2021-05-19T19:14:24.553+0000: 16.043: Total time for which application threads were stopped: 0.0014329 seconds, Stopping threads took: 0.0000418 seconds
{Heap before GC invocations=69 (full 3):
 par new generation   total 123520K, used 120154K [0x000000062fe00000, 0x0000000638400000, 0x0000000663e00000)
  eden space 109824K, 100% used [0x000000062fe00000, 0x0000000636940000, 0x0000000636940000)
  from space 13696K,  75% used [0x00000006376a0000, 0x00000006380b6a58, 0x0000000638400000)
  to   space 13696K,   0% used [0x0000000636940000, 0x0000000636940000, 0x00000006376a0000)
 concurrent mark-sweep generation total 274432K, used 75026K [0x0000000663e00000, 0x0000000674a00000, 0x00000007c0000000)
 Metaspace       used 93231K, capacity 98066K, committed 98332K, reserved 1134592K
  class space    used 11644K, capacity 12557K, committed 12644K, reserved 1048576K
2021-05-19T19:14:24.602+0000: 16.092: [GC (Allocation Failure) 2021-05-19T19:14:24.602+0000: 16.092: [ParNew
Desired survivor size 7012352 bytes, new threshold 6 (max 6)
- age   1:    4449136 bytes,    4449136 total
- age   2:     906672 bytes,    5355808 total
- age   3:     418896 bytes,    5774704 total
: 120154K->7493K(123520K), 0.0117948 secs] 195180K->84935K(397952K), 0.0124581 secs] [Times: user=0.05 sys=0.00, real=0.01 secs] 
Heap after GC invocations=70 (full 3):
 par new generation   total 123520K, used 7493K [0x000000062fe00000, 0x0000000638400000, 0x0000000663e00000)
  eden space 109824K,   0% used [0x000000062fe00000, 0x000000062fe00000, 0x0000000636940000)
  from space 13696K,  54% used [0x0000000636940000, 0x00000006370915b0, 0x00000006376a0000)
  to   space 13696K,   0% used [0x00000006376a0000, 0x00000006376a0000, 0x0000000638400000)
 concurrent mark-sweep generation total 274432K, used 77442K [0x0000000663e00000, 0x0000000674a00000, 0x00000007c0000000)
 Metaspace       used 93231K, capacity 98066K, committed 98332K, reserved 1134592K
  class space    used 11644K, capacity 12557K, committed 12644K, reserved 1048576K
}
2021-05-19T19:14:24.615+0000: 16.105: Total time for which application threads were stopped: 0.0129123 seconds, Stopping threads took: 0.0000417 seconds
2021-05-19T19:14:24.770+0000: 16.259: Total time for which application threads were stopped: 0.0013216 seconds, Stopping threads took: 0.0000368 seconds
{Heap before GC invocations=70 (full 3):
 par new generation   total 123520K, used 117317K [0x000000062fe00000, 0x0000000638400000, 0x0000000663e00000)
  eden space 109824K, 100% used [0x000000062fe00000, 0x0000000636940000, 0x0000000636940000)
  from space 13696K,  54% used [0x0000000636940000, 0x00000006370915b0, 0x00000006376a0000)
  to   space 13696K,   0% used [0x00000006376a0000, 0x00000006376a0000, 0x0000000638400000)
 concurrent mark-sweep generation total 274432K, used 77442K [0x0000000663e00000, 0x0000000674a00000, 0x00000007c0000000)
 Metaspace       used 94766K, capacity 99730K, committed 99996K, reserved 1136640K
  class space    used 11843K, capacity 12757K, committed 12772K, reserved 1048576K
2021-05-19T19:14:24.798+0000: 16.288: [GC (Allocation Failure) 2021-05-19T19:14:24.798+0000: 16.288: [ParNew
Desired survivor size 7012352 bytes, new threshold 6 (max 6)
- age   1:    2709696 bytes,    2709696 total
- age   2:     650792 bytes,    3360488 total
- age   3:     900344 bytes,    4260832 total
- age   4:     418944 bytes,    4679776 total
: 117317K->5550K(123520K), 0.0082349 secs] 194759K->82992K(397952K), 0.0087318 secs] [Times: user=0.08 sys=0.01, real=0.01 secs] 
Heap after GC invocations=71 (full 3):
 par new generation   total 123520K, used 5550K [0x000000062fe00000, 0x0000000638400000, 0x0000000663e00000)
  eden space 109824K,   0% used [0x000000062fe00000, 0x000000062fe00000, 0x0000000636940000)
  from space 13696K,  40% used [0x00000006376a0000, 0x0000000637c0b990, 0x0000000638400000)
  to   space 13696K,   0% used [0x0000000636940000, 0x0000000636940000, 0x00000006376a0000)
 concurrent mark-sweep generation total 274432K, used 77442K [0x0000000663e00000, 0x0000000674a00000, 0x00000007c0000000)
 Metaspace       used 94766K, capacity 99730K, committed 99996K, reserved 1136640K
  class space    used 11843K, capacity 12757K, committed 12772K, reserved 1048576K
}
2021-05-19T19:14:24.807+0000: 16.297: Total time for which application threads were stopped: 0.0091562 seconds, Stopping threads took: 0.0000355 seconds
2021-05-19T19:14:24.897+0000: 16.387: Total time for which application threads were stopped: 0.0013257 seconds, Stopping threads took: 0.0000340 seconds
2021-05-19T19:14:24.904+0000: 16.394: Total time for which application threads were stopped: 0.0007654 seconds, Stopping threads took: 0.0000263 seconds
2021-05-19T19:14:24.921+0000: 16.411: Total time for which application threads were stopped: 0.0011861 seconds, Stopping threads took: 0.0000302 seconds
{Heap before GC invocations=71 (full 3):
 par new generation   total 123520K, used 115374K [0x000000062fe00000, 0x0000000638400000, 0x0000000663e00000)
  eden space 109824K, 100% used [0x000000062fe00000, 0x0000000636940000, 0x0000000636940000)
  from space 13696K,  40% used [0x00000006376a0000, 0x0000000637c0b990, 0x0000000638400000)
  to   space 13696K,   0% used [0x0000000636940000, 0x0000000636940000, 0x00000006376a0000)
 concurrent mark-sweep generation total 274432K, used 77442K [0x0000000663e00000, 0x0000000674a00000, 0x00000007c0000000)
 Metaspace       used 96787K, capacity 101890K, committed 102172K, reserved 1138688K
  class space    used 12110K, capacity 13071K, committed 13156K, reserved 1048576K
2021-05-19T19:14:25.071+0000: 16.561: [GC (Allocation Failure) 2021-05-19T19:14:25.071+0000: 16.561: [ParNew
Desired survivor size 7012352 bytes, new threshold 2 (max 6)
- age   1:    6195368 bytes,    6195368 total
- age   2:     912864 bytes,    7108232 total
- age   3:     649056 bytes,    7757288 total
- age   4:     899792 bytes,    8657080 total
- age   5:     418896 bytes,    9075976 total
: 115374K->10255K(123520K), 0.0093482 secs] 192816K->87698K(397952K), 0.0098774 secs] [Times: user=0.05 sys=0.00, real=0.01 secs] 
Heap after GC invocations=72 (full 3):
 par new generation   total 123520K, used 10255K [0x000000062fe00000, 0x0000000638400000, 0x0000000663e00000)
  eden space 109824K,   0% used [0x000000062fe00000, 0x000000062fe00000, 0x0000000636940000)
  from space 13696K,  74% used [0x0000000636940000, 0x0000000637343fc8, 0x00000006376a0000)
  to   space 13696K,   0% used [0x00000006376a0000, 0x00000006376a0000, 0x0000000638400000)
 concurrent mark-sweep generation total 274432K, used 77442K [0x0000000663e00000, 0x0000000674a00000, 0x00000007c0000000)
 Metaspace       used 96787K, capacity 101890K, committed 102172K, reserved 1138688K
  class space    used 12110K, capacity 13071K, committed 13156K, reserved 1048576K
}
2021-05-19T19:14:25.081+0000: 16.571: Total time for which application threads were stopped: 0.0103169 seconds, Stopping threads took: 0.0000319 seconds
2021-05-19T19:14:25.135+0000: 16.625: Total time for which application threads were stopped: 0.0013126 seconds, Stopping threads took: 0.0000399 seconds
{Heap before GC invocations=72 (full 3):
 par new generation   total 123520K, used 120079K [0x000000062fe00000, 0x0000000638400000, 0x0000000663e00000)
  eden space 109824K, 100% used [0x000000062fe00000, 0x0000000636940000, 0x0000000636940000)
  from space 13696K,  74% used [0x0000000636940000, 0x0000000637343fc8, 0x00000006376a0000)
  to   space 13696K,   0% used [0x00000006376a0000, 0x00000006376a0000, 0x0000000638400000)
 concurrent mark-sweep generation total 274432K, used 77442K [0x0000000663e00000, 0x0000000674a00000, 0x00000007c0000000)
 Metaspace       used 98549K, capacity 103956K, committed 104220K, reserved 1140736K
  class space    used 12353K, capacity 13364K, committed 13412K, reserved 1048576K
2021-05-19T19:14:25.333+0000: 16.822: [GC (Allocation Failure) 2021-05-19T19:14:25.333+0000: 16.823: [ParNew
Desired survivor size 7012352 bytes, new threshold 6 (max 6)
- age   1:    3815240 bytes,    3815240 total
- age   2:    2832976 bytes,    6648216 total
: 120079K->8648K(123520K), 0.0087583 secs] 197522K->88955K(397952K), 0.0093393 secs] [Times: user=0.06 sys=0.00, real=0.01 secs] 
Heap after GC invocations=73 (full 3):
 par new generation   total 123520K, used 8648K [0x000000062fe00000, 0x0000000638400000, 0x0000000663e00000)
  eden space 109824K,   0% used [0x000000062fe00000, 0x000000062fe00000, 0x0000000636940000)
  from space 13696K,  63% used [0x00000006376a0000, 0x0000000637f12310, 0x0000000638400000)
  to   space 13696K,   0% used [0x0000000636940000, 0x0000000636940000, 0x00000006376a0000)
 concurrent mark-sweep generation total 274432K, used 80306K [0x0000000663e00000, 0x0000000674a00000, 0x00000007c0000000)
 Metaspace       used 98549K, capacity 103956K, committed 104220K, reserved 1140736K
  class space    used 12353K, capacity 13364K, committed 13412K, reserved 1048576K
}
2021-05-19T19:14:25.342+0000: 16.832: Total time for which application threads were stopped: 0.0098640 seconds, Stopping threads took: 0.0000438 seconds
2021-05-19T19:14:25.445+0000: 16.935: Total time for which application threads were stopped: 0.0015138 seconds, Stopping threads took: 0.0000423 seconds
{Heap before GC invocations=73 (full 3):
 par new generation   total 123520K, used 118472K [0x000000062fe00000, 0x0000000638400000, 0x0000000663e00000)
  eden space 109824K, 100% used [0x000000062fe00000, 0x0000000636940000, 0x0000000636940000)
  from space 13696K,  63% used [0x00000006376a0000, 0x0000000637f12310, 0x0000000638400000)
  to   space 13696K,   0% used [0x0000000636940000, 0x0000000636940000, 0x00000006376a0000)
 concurrent mark-sweep generation total 274432K, used 80306K [0x0000000663e00000, 0x0000000674a00000, 0x00000007c0000000)
 Metaspace       used 100161K, capacity 105630K, committed 105756K, reserved 1140736K
  class space    used 12544K, capacity 13573K, committed 13668K, reserved 1048576K
2021-05-19T19:14:25.606+0000: 17.095: [GC (Allocation Failure) 2021-05-19T19:14:25.606+0000: 17.096: [ParNew
Desired survivor size 7012352 bytes, new threshold 3 (max 6)
- age   1:    2317600 bytes,    2317600 total
- age   2:    2384696 bytes,    4702296 total
- age   3:    2829528 bytes,    7531824 total
: 118472K->10404K(123520K), 0.0065647 secs] 198779K->90710K(397952K), 0.0071953 secs] [Times: user=0.07 sys=0.00, real=0.01 secs] 
Heap after GC invocations=74 (full 3):
 par new generation   total 123520K, used 10404K [0x000000062fe00000, 0x0000000638400000, 0x0000000663e00000)
  eden space 109824K,   0% used [0x000000062fe00000, 0x000000062fe00000, 0x0000000636940000)
  from space 13696K,  75% used [0x0000000636940000, 0x0000000637369100, 0x00000006376a0000)
  to   space 13696K,   0% used [0x00000006376a0000, 0x00000006376a0000, 0x0000000638400000)
 concurrent mark-sweep generation total 274432K, used 80306K [0x0000000663e00000, 0x0000000674a00000, 0x00000007c0000000)
 Metaspace       used 100161K, capacity 105630K, committed 105756K, reserved 1140736K
  class space    used 12544K, capacity 13573K, committed 13668K, reserved 1048576K
}
2021-05-19T19:14:25.613+0000: 17.103: Total time for which application threads were stopped: 0.0077332 seconds, Stopping threads took: 0.0000505 seconds
2021-05-19T19:14:25.891+0000: 17.381: Total time for which application threads were stopped: 0.0003155 seconds, Stopping threads took: 0.0000471 seconds
{Heap before GC invocations=74 (full 3):
 par new generation   total 123520K, used 120228K [0x000000062fe00000, 0x0000000638400000, 0x0000000663e00000)
  eden space 109824K, 100% used [0x000000062fe00000, 0x0000000636940000, 0x0000000636940000)
  from space 13696K,  75% used [0x0000000636940000, 0x0000000637369100, 0x00000006376a0000)
  to   space 13696K,   0% used [0x00000006376a0000, 0x00000006376a0000, 0x0000000638400000)
 concurrent mark-sweep generation total 274432K, used 80306K [0x0000000663e00000, 0x0000000674a00000, 0x00000007c0000000)
 Metaspace       used 100966K, capacity 106430K, committed 106652K, reserved 1142784K
  class space    used 12652K, capacity 13679K, committed 13796K, reserved 1048576K
2021-05-19T19:14:25.934+0000: 17.424: [GC (Allocation Failure) 2021-05-19T19:14:25.934+0000: 17.424: [ParNew
Desired survivor size 7012352 bytes, new threshold 6 (max 6)
- age   1:     701792 bytes,     701792 total
- age   2:    1110496 bytes,    1812288 total
- age   3:    2381192 bytes,    4193480 total
: 120228K->6205K(123520K), 0.0065820 secs] 200534K->89295K(397952K), 0.0071655 secs] [Times: user=0.06 sys=0.01, real=0.01 secs] 
Heap after GC invocations=75 (full 3):
 par new generation   total 123520K, used 6205K [0x000000062fe00000, 0x0000000638400000, 0x0000000663e00000)
  eden space 109824K,   0% used [0x000000062fe00000, 0x000000062fe00000, 0x0000000636940000)
  from space 13696K,  45% used [0x00000006376a0000, 0x0000000637caf638, 0x0000000638400000)
  to   space 13696K,   0% used [0x0000000636940000, 0x0000000636940000, 0x00000006376a0000)
 concurrent mark-sweep generation total 274432K, used 83090K [0x0000000663e00000, 0x0000000674a00000, 0x00000007c0000000)
 Metaspace       used 100966K, capacity 106430K, committed 106652K, reserved 1142784K
  class space    used 12652K, capacity 13679K, committed 13796K, reserved 1048576K
}
2021-05-19T19:14:25.942+0000: 17.431: Total time for which application threads were stopped: 0.0076085 seconds, Stopping threads took: 0.0000505 seconds
{Heap before GC invocations=75 (full 3):
 par new generation   total 123520K, used 116029K [0x000000062fe00000, 0x0000000638400000, 0x0000000663e00000)
  eden space 109824K, 100% used [0x000000062fe00000, 0x0000000636940000, 0x0000000636940000)
  from space 13696K,  45% used [0x00000006376a0000, 0x0000000637caf638, 0x0000000638400000)
  to   space 13696K,   0% used [0x0000000636940000, 0x0000000636940000, 0x00000006376a0000)
 concurrent mark-sweep generation total 274432K, used 83090K [0x0000000663e00000, 0x0000000674a00000, 0x00000007c0000000)
 Metaspace       used 101121K, capacity 106588K, committed 106908K, reserved 1142784K
  class space    used 12655K, capacity 13684K, committed 13796K, reserved 1048576K
2021-05-19T19:14:26.230+0000: 17.719: [GC (Allocation Failure) 2021-05-19T19:14:26.230+0000: 17.720: [ParNew
Desired survivor size 7012352 bytes, new threshold 6 (max 6)
- age   1:     641208 bytes,     641208 total
- age   2:     512320 bytes,    1153528 total
- age   3:    1102032 bytes,    2255560 total
- age   4:    2381272 bytes,    4636832 total
: 116029K->6287K(123520K), 0.0041021 secs] 199119K->89377K(397952K), 0.0047370 secs] [Times: user=0.04 sys=0.00, real=0.00 secs] 
Heap after GC invocations=76 (full 3):
 par new generation   total 123520K, used 6287K [0x000000062fe00000, 0x0000000638400000, 0x0000000663e00000)
  eden space 109824K,   0% used [0x000000062fe00000, 0x000000062fe00000, 0x0000000636940000)
  from space 13696K,  45% used [0x0000000636940000, 0x0000000636f63d90, 0x00000006376a0000)
  to   space 13696K,   0% used [0x00000006376a0000, 0x00000006376a0000, 0x0000000638400000)
 concurrent mark-sweep generation total 274432K, used 83090K [0x0000000663e00000, 0x0000000674a00000, 0x00000007c0000000)
 Metaspace       used 101121K, capacity 106588K, committed 106908K, reserved 1142784K
  class space    used 12655K, capacity 13684K, committed 13796K, reserved 1048576K
}
2021-05-19T19:14:26.235+0000: 17.724: Total time for which application threads were stopped: 0.0052763 seconds, Stopping threads took: 0.0000461 seconds
{Heap before GC invocations=76 (full 3):
 par new generation   total 123520K, used 116111K [0x000000062fe00000, 0x0000000638400000, 0x0000000663e00000)
  eden space 109824K, 100% used [0x000000062fe00000, 0x0000000636940000, 0x0000000636940000)
  from space 13696K,  45% used [0x0000000636940000, 0x0000000636f63d90, 0x00000006376a0000)
  to   space 13696K,   0% used [0x00000006376a0000, 0x00000006376a0000, 0x0000000638400000)
 concurrent mark-sweep generation total 274432K, used 83090K [0x0000000663e00000, 0x0000000674a00000, 0x00000007c0000000)
 Metaspace       used 101239K, capacity 106716K, committed 106908K, reserved 1142784K
  class space    used 12661K, capacity 13684K, committed 13796K, reserved 1048576K
2021-05-19T19:14:26.479+0000: 17.969: [GC (Allocation Failure) 2021-05-19T19:14:26.479+0000: 17.969: [ParNew
Desired survivor size 7012352 bytes, new threshold 6 (max 6)
- age   1:     584080 bytes,     584080 total
- age   2:     445344 bytes,    1029424 total
- age   3:     505256 bytes,    1534680 total
- age   4:    1098360 bytes,    2633040 total
- age   5:    2380328 bytes,    5013368 total
: 116111K->5974K(123520K), 0.0042988 secs] 199201K->89065K(397952K), 0.0048364 secs] [Times: user=0.04 sys=0.00, real=0.00 secs] 
Heap after GC invocations=77 (full 3):
 par new generation   total 123520K, used 5974K [0x000000062fe00000, 0x0000000638400000, 0x0000000663e00000)
  eden space 109824K,   0% used [0x000000062fe00000, 0x000000062fe00000, 0x0000000636940000)
  from space 13696K,  43% used [0x00000006376a0000, 0x0000000637c75bc0, 0x0000000638400000)
  to   space 13696K,   0% used [0x0000000636940000, 0x0000000636940000, 0x00000006376a0000)
 concurrent mark-sweep generation total 274432K, used 83090K [0x0000000663e00000, 0x0000000674a00000, 0x00000007c0000000)
 Metaspace       used 101239K, capacity 106716K, committed 106908K, reserved 1142784K
  class space    used 12661K, capacity 13684K, committed 13796K, reserved 1048576K
}
2021-05-19T19:14:26.484+0000: 17.974: Total time for which application threads were stopped: 0.0054281 seconds, Stopping threads took: 0.0000986 seconds
2021-05-19T19:14:26.717+0000: 18.206: Total time for which application threads were stopped: 0.0002379 seconds, Stopping threads took: 0.0000436 seconds
{Heap before GC invocations=77 (full 3):
 par new generation   total 123520K, used 115798K [0x000000062fe00000, 0x0000000638400000, 0x0000000663e00000)
  eden space 109824K, 100% used [0x000000062fe00000, 0x0000000636940000, 0x0000000636940000)
  from space 13696K,  43% used [0x00000006376a0000, 0x0000000637c75bc0, 0x0000000638400000)
  to   space 13696K,   0% used [0x0000000636940000, 0x0000000636940000, 0x00000006376a0000)
 concurrent mark-sweep generation total 274432K, used 83090K [0x0000000663e00000, 0x0000000674a00000, 0x00000007c0000000)
 Metaspace       used 101485K, capacity 106952K, committed 107164K, reserved 1142784K
  class space    used 12687K, capacity 13718K, committed 13796K, reserved 1048576K
2021-05-19T19:14:26.719+0000: 18.208: [GC (Allocation Failure) 2021-05-19T19:14:26.719+0000: 18.209: [ParNew
Desired survivor size 7012352 bytes, new threshold 6 (max 6)
- age   1:     741208 bytes,     741208 total
- age   2:     384944 bytes,    1126152 total
- age   3:     430864 bytes,    1557016 total
- age   4:     500424 bytes,    2057440 total
- age   5:    1097224 bytes,    3154664 total
- age   6:    2380288 bytes,    5534952 total
: 115798K->7338K(123520K), 0.0043271 secs] 198889K->90428K(397952K), 0.0048564 secs] [Times: user=0.04 sys=0.00, real=0.00 secs] 
Heap after GC invocations=78 (full 3):
 par new generation   total 123520K, used 7338K [0x000000062fe00000, 0x0000000638400000, 0x0000000663e00000)
  eden space 109824K,   0% used [0x000000062fe00000, 0x000000062fe00000, 0x0000000636940000)
  from space 13696K,  53% used [0x0000000636940000, 0x000000063706a9b0, 0x00000006376a0000)
  to   space 13696K,   0% used [0x00000006376a0000, 0x00000006376a0000, 0x0000000638400000)
 concurrent mark-sweep generation total 274432K, used 83090K [0x0000000663e00000, 0x0000000674a00000, 0x00000007c0000000)
 Metaspace       used 101485K, capacity 106952K, committed 107164K, reserved 1142784K
  class space    used 12687K, capacity 13718K, committed 13796K, reserved 1048576K
}
2021-05-19T19:14:26.724+0000: 18.214: Total time for which application threads were stopped: 0.0052330 seconds, Stopping threads took: 0.0000276 seconds
2021-05-19T19:14:26.882+0000: 18.372: Total time for which application threads were stopped: 0.0002752 seconds, Stopping threads took: 0.0000450 seconds
{Heap before GC invocations=78 (full 3):
 par new generation   total 123520K, used 117162K [0x000000062fe00000, 0x0000000638400000, 0x0000000663e00000)
  eden space 109824K, 100% used [0x000000062fe00000, 0x0000000636940000, 0x0000000636940000)
  from space 13696K,  53% used [0x0000000636940000, 0x000000063706a9b0, 0x00000006376a0000)
  to   space 13696K,   0% used [0x00000006376a0000, 0x00000006376a0000, 0x0000000638400000)
 concurrent mark-sweep generation total 274432K, used 83090K [0x0000000663e00000, 0x0000000674a00000, 0x00000007c0000000)
 Metaspace       used 101583K, capacity 107090K, committed 107420K, reserved 1142784K
  class space    used 12691K, capacity 13719K, committed 13796K, reserved 1048576K
2021-05-19T19:14:26.925+0000: 18.414: [GC (Allocation Failure) 2021-05-19T19:14:26.925+0000: 18.415: [ParNew
Desired survivor size 7012352 bytes, new threshold 6 (max 6)
- age   1:     593584 bytes,     593584 total
- age   2:     574376 bytes,    1167960 total
- age   3:     381984 bytes,    1549944 total
- age   4:     430768 bytes,    1980712 total
- age   5:     499400 bytes,    2480112 total
- age   6:    1097240 bytes,    3577352 total
: 117162K->5985K(123520K), 0.0053088 secs] 200252K->91433K(397952K), 0.0058449 secs] [Times: user=0.05 sys=0.00, real=0.01 secs] 
Heap after GC invocations=79 (full 3):
 par new generation   total 123520K, used 5985K [0x000000062fe00000, 0x0000000638400000, 0x0000000663e00000)
  eden space 109824K,   0% used [0x000000062fe00000, 0x000000062fe00000, 0x0000000636940000)
  from space 13696K,  43% used [0x00000006376a0000, 0x0000000637c787c8, 0x0000000638400000)
  to   space 13696K,   0% used [0x0000000636940000, 0x0000000636940000, 0x00000006376a0000)
 concurrent mark-sweep generation total 274432K, used 85447K [0x0000000663e00000, 0x0000000674a00000, 0x00000007c0000000)
 Metaspace       used 101583K, capacity 107090K, committed 107420K, reserved 1142784K
  class space    used 12691K, capacity 13719K, committed 13796K, reserved 1048576K
}
2021-05-19T19:14:26.931+0000: 18.421: Total time for which application threads were stopped: 0.0063463 seconds, Stopping threads took: 0.0000437 seconds
{Heap before GC invocations=79 (full 3):
 par new generation   total 123520K, used 115809K [0x000000062fe00000, 0x0000000638400000, 0x0000000663e00000)
  eden space 109824K, 100% used [0x000000062fe00000, 0x0000000636940000, 0x0000000636940000)
  from space 13696K,  43% used [0x00000006376a0000, 0x0000000637c787c8, 0x0000000638400000)
  to   space 13696K,   0% used [0x0000000636940000, 0x0000000636940000, 0x00000006376a0000)
 concurrent mark-sweep generation total 274432K, used 85447K [0x0000000663e00000, 0x0000000674a00000, 0x00000007c0000000)
 Metaspace       used 101677K, capacity 107160K, committed 107420K, reserved 1142784K
  class space    used 12697K, capacity 13720K, committed 13796K, reserved 1048576K
2021-05-19T19:14:27.093+0000: 18.583: [GC (Allocation Failure) 2021-05-19T19:14:27.093+0000: 18.583: [ParNew
Desired survivor size 7012352 bytes, new threshold 6 (max 6)
- age   1:     636808 bytes,     636808 total
- age   2:     413440 bytes,    1050248 total
- age   3:     552008 bytes,    1602256 total
- age   4:     377320 bytes,    1979576 total
- age   5:     425192 bytes,    2404768 total
- age   6:     494192 bytes,    2898960 total
: 115809K->4170K(123520K), 0.0038863 secs] 201257K->90708K(397952K), 0.0043022 secs] [Times: user=0.04 sys=0.00, real=0.00 secs] 
Heap after GC invocations=80 (full 3):
 par new generation   total 123520K, used 4170K [0x000000062fe00000, 0x0000000638400000, 0x0000000663e00000)
  eden space 109824K,   0% used [0x000000062fe00000, 0x000000062fe00000, 0x0000000636940000)
  from space 13696K,  30% used [0x0000000636940000, 0x0000000636d52828, 0x00000006376a0000)
  to   space 13696K,   0% used [0x00000006376a0000, 0x00000006376a0000, 0x0000000638400000)
 concurrent mark-sweep generation total 274432K, used 86538K [0x0000000663e00000, 0x0000000674a00000, 0x00000007c0000000)
 Metaspace       used 101677K, capacity 107160K, committed 107420K, reserved 1142784K
  class space    used 12697K, capacity 13720K, committed 13796K, reserved 1048576K
}
2021-05-19T19:14:27.098+0000: 18.588: Total time for which application threads were stopped: 0.0048170 seconds, Stopping threads took: 0.0000373 seconds
{Heap before GC invocations=80 (full 3):
 par new generation   total 123520K, used 113994K [0x000000062fe00000, 0x0000000638400000, 0x0000000663e00000)
  eden space 109824K, 100% used [0x000000062fe00000, 0x0000000636940000, 0x0000000636940000)
  from space 13696K,  30% used [0x0000000636940000, 0x0000000636d52828, 0x00000006376a0000)
  to   space 13696K,   0% used [0x00000006376a0000, 0x00000006376a0000, 0x0000000638400000)
 concurrent mark-sweep generation total 274432K, used 86538K [0x0000000663e00000, 0x0000000674a00000, 0x00000007c0000000)
 Metaspace       used 101731K, capacity 107230K, committed 107420K, reserved 1142784K
  class space    used 12699K, capacity 13721K, committed 13796K, reserved 1048576K
2021-05-19T19:14:27.259+0000: 18.749: [GC (Allocation Failure) 2021-05-19T19:14:27.259+0000: 18.749: [ParNew
Desired survivor size 7012352 bytes, new threshold 6 (max 6)
- age   1:     452616 bytes,     452616 total
- age   2:     418896 bytes,     871512 total
- age   3:     404920 bytes,    1276432 total
- age   4:     547072 bytes,    1823504 total
- age   5:     377120 bytes,    2200624 total
- age   6:     425064 bytes,    2625688 total
: 113994K->4078K(123520K), 0.0039343 secs] 200532K->91113K(397952K), 0.0043999 secs] [Times: user=0.03 sys=0.00, real=0.00 secs] 
Heap after GC invocations=81 (full 3):
 par new generation   total 123520K, used 4078K [0x000000062fe00000, 0x0000000638400000, 0x0000000663e00000)
  eden space 109824K,   0% used [0x000000062fe00000, 0x000000062fe00000, 0x0000000636940000)
  from space 13696K,  29% used [0x00000006376a0000, 0x0000000637a9bad8, 0x0000000638400000)
  to   space 13696K,   0% used [0x0000000636940000, 0x0000000636940000, 0x00000006376a0000)
 concurrent mark-sweep generation total 274432K, used 87034K [0x0000000663e00000, 0x0000000674a00000, 0x00000007c0000000)
 Metaspace       used 101731K, capacity 107230K, committed 107420K, reserved 1142784K
  class space    used 12699K, capacity 13721K, committed 13796K, reserved 1048576K
}
2021-05-19T19:14:27.264+0000: 18.753: Total time for which application threads were stopped: 0.0049510 seconds, Stopping threads took: 0.0000621 seconds
2021-05-19T19:14:27.342+0000: 18.831: Total time for which application threads were stopped: 0.0015062 seconds, Stopping threads took: 0.0000448 seconds
2021-05-19T19:14:27.465+0000: 18.955: Total time for which application threads were stopped: 0.0016514 seconds, Stopping threads took: 0.0000461 seconds
2021-05-19T19:14:27.576+0000: 19.065: Total time for which application threads were stopped: 0.0017009 seconds, Stopping threads took: 0.0000478 seconds
{Heap before GC invocations=81 (full 3):
 par new generation   total 123520K, used 113902K [0x000000062fe00000, 0x0000000638400000, 0x0000000663e00000)
  eden space 109824K, 100% used [0x000000062fe00000, 0x0000000636940000, 0x0000000636940000)
  from space 13696K,  29% used [0x00000006376a0000, 0x0000000637a9bad8, 0x0000000638400000)
  to   space 13696K,   0% used [0x0000000636940000, 0x0000000636940000, 0x00000006376a0000)
 concurrent mark-sweep generation total 274432K, used 87034K [0x0000000663e00000, 0x0000000674a00000, 0x00000007c0000000)
 Metaspace       used 104086K, capacity 109958K, committed 110108K, reserved 1144832K
  class space    used 13006K, capacity 14119K, committed 14180K, reserved 1048576K
2021-05-19T19:14:27.616+0000: 19.106: [GC (Allocation Failure) 2021-05-19T19:14:27.616+0000: 19.106: [ParNew
Desired survivor size 7012352 bytes, new threshold 6 (max 6)
- age   1:    2275728 bytes,    2275728 total
- age   2:     350320 bytes,    2626048 total
- age   3:     414288 bytes,    3040336 total
- age   4:     399504 bytes,    3439840 total
- age   5:     538264 bytes,    3978104 total
- age   6:     376288 bytes,    4354392 total
: 113902K->5646K(123520K), 0.0047972 secs] 200937K->93104K(397952K), 0.0052285 secs] [Times: user=0.03 sys=0.01, real=0.01 secs] 
Heap after GC invocations=82 (full 3):
 par new generation   total 123520K, used 5646K [0x000000062fe00000, 0x0000000638400000, 0x0000000663e00000)
  eden space 109824K,   0% used [0x000000062fe00000, 0x000000062fe00000, 0x0000000636940000)
  from space 13696K,  41% used [0x0000000636940000, 0x0000000636ec38a0, 0x00000006376a0000)
  to   space 13696K,   0% used [0x00000006376a0000, 0x00000006376a0000, 0x0000000638400000)
 concurrent mark-sweep generation total 274432K, used 87458K [0x0000000663e00000, 0x0000000674a00000, 0x00000007c0000000)
 Metaspace       used 104086K, capacity 109958K, committed 110108K, reserved 1144832K
  class space    used 13006K, capacity 14119K, committed 14180K, reserved 1048576K
}
2021-05-19T19:14:27.622+0000: 19.111: Total time for which application threads were stopped: 0.0057930 seconds, Stopping threads took: 0.0001177 seconds
2021-05-19T19:14:27.736+0000: 19.226: Total time for which application threads were stopped: 0.0017856 seconds, Stopping threads took: 0.0000995 seconds
2021-05-19T19:14:27.854+0000: 19.344: Total time for which application threads were stopped: 0.0003594 seconds, Stopping threads took: 0.0000716 seconds
2021-05-19T19:14:27.876+0000: 19.366: Total time for which application threads were stopped: 0.0003675 seconds, Stopping threads took: 0.0001268 seconds
2021-05-19T19:14:27.911+0000: 19.401: Total time for which application threads were stopped: 0.0003126 seconds, Stopping threads took: 0.0000967 seconds
2021-05-19T19:14:28.011+0000: 19.500: Total time for which application threads were stopped: 0.0003366 seconds, Stopping threads took: 0.0001083 seconds
2021-05-19T19:14:28.208+0000: 19.698: Total time for which application threads were stopped: 0.0003004 seconds, Stopping threads took: 0.0000564 seconds
{Heap before GC invocations=82 (full 3):
 par new generation   total 123520K, used 115470K [0x000000062fe00000, 0x0000000638400000, 0x0000000663e00000)
  eden space 109824K, 100% used [0x000000062fe00000, 0x0000000636940000, 0x0000000636940000)
  from space 13696K,  41% used [0x0000000636940000, 0x0000000636ec38a0, 0x00000006376a0000)
  to   space 13696K,   0% used [0x00000006376a0000, 0x00000006376a0000, 0x0000000638400000)
 concurrent mark-sweep generation total 274432K, used 87458K [0x0000000663e00000, 0x0000000674a00000, 0x00000007c0000000)
 Metaspace       used 110433K, capacity 118504K, committed 118684K, reserved 1153024K
  class space    used 13971K, capacity 15739K, committed 15844K, reserved 1048576K
2021-05-19T19:14:28.394+0000: 19.884: [GC (Allocation Failure) 2021-05-19T19:14:28.394+0000: 19.884: [ParNew
Desired survivor size 7012352 bytes, new threshold 2 (max 6)
- age   1:    6983576 bytes,    6983576 total
- age   2:    1922776 bytes,    8906352 total
- age   3:     344656 bytes,    9251008 total
- age   4:     410472 bytes,    9661480 total
- age   5:     394056 bytes,   10055536 total
- age   6:     533624 bytes,   10589160 total
: 115470K->12199K(123520K), 0.0093519 secs] 202928K->100031K(397952K), 0.0099948 secs] [Times: user=0.10 sys=0.00, real=0.01 secs] 
Heap after GC invocations=83 (full 3):
 par new generation   total 123520K, used 12199K [0x000000062fe00000, 0x0000000638400000, 0x0000000663e00000)
  eden space 109824K,   0% used [0x000000062fe00000, 0x000000062fe00000, 0x0000000636940000)
  from space 13696K,  89% used [0x00000006376a0000, 0x0000000638289ca0, 0x0000000638400000)
  to   space 13696K,   0% used [0x0000000636940000, 0x0000000636940000, 0x00000006376a0000)
 concurrent mark-sweep generation total 274432K, used 87832K [0x0000000663e00000, 0x0000000674a00000, 0x00000007c0000000)
 Metaspace       used 110433K, capacity 118504K, committed 118684K, reserved 1153024K
  class space    used 13971K, capacity 15739K, committed 15844K, reserved 1048576K
}
2021-05-19T19:14:28.404+0000: 19.894: Total time for which application threads were stopped: 0.0107338 seconds, Stopping threads took: 0.0000537 seconds
2021-05-19T19:14:28.447+0000: 19.937: Total time for which application threads were stopped: 0.0003711 seconds, Stopping threads took: 0.0001409 seconds
2021-05-19T19:14:28.447+0000: 19.937: Total time for which application threads were stopped: 0.0002003 seconds, Stopping threads took: 0.0001373 seconds
2021-05-19T19:14:28.554+0000: 20.043: Total time for which application threads were stopped: 0.0004168 seconds, Stopping threads took: 0.0001849 seconds
{Heap before GC invocations=83 (full 3):
 par new generation   total 123520K, used 122023K [0x000000062fe00000, 0x0000000638400000, 0x0000000663e00000)
  eden space 109824K, 100% used [0x000000062fe00000, 0x0000000636940000, 0x0000000636940000)
  from space 13696K,  89% used [0x00000006376a0000, 0x0000000638289ca0, 0x0000000638400000)
  to   space 13696K,   0% used [0x0000000636940000, 0x0000000636940000, 0x00000006376a0000)
 concurrent mark-sweep generation total 274432K, used 87832K [0x0000000663e00000, 0x0000000674a00000, 0x00000007c0000000)
 Metaspace       used 110968K, capacity 119288K, committed 119484K, reserved 1153024K
  class space    used 14024K, capacity 15846K, committed 15920K, reserved 1048576K
2021-05-19T19:14:28.612+0000: 20.102: [GC (Allocation Failure) 2021-05-19T19:14:28.613+0000: 20.102: [ParNew
Desired survivor size 7012352 bytes, new threshold 6 (max 6)
- age   1:    1275192 bytes,    1275192 total
- age   2:    4556480 bytes,    5831672 total
: 122023K->9184K(123520K), 0.0110416 secs] 209855K->100602K(397952K), 0.0116889 secs] [Times: user=0.10 sys=0.00, real=0.01 secs] 
Heap after GC invocations=84 (full 3):
 par new generation   total 123520K, used 9184K [0x000000062fe00000, 0x0000000638400000, 0x0000000663e00000)
  eden space 109824K,   0% used [0x000000062fe00000, 0x000000062fe00000, 0x0000000636940000)
  from space 13696K,  67% used [0x0000000636940000, 0x00000006372380b8, 0x00000006376a0000)
  to   space 13696K,   0% used [0x00000006376a0000, 0x00000006376a0000, 0x0000000638400000)
 concurrent mark-sweep generation total 274432K, used 91418K [0x0000000663e00000, 0x0000000674a00000, 0x00000007c0000000)
 Metaspace       used 110968K, capacity 119288K, committed 119484K, reserved 1153024K
  class space    used 14024K, capacity 15846K, committed 15920K, reserved 1048576K
}
2021-05-19T19:14:28.624+0000: 20.114: Total time for which application threads were stopped: 0.0125249 seconds, Stopping threads took: 0.0002718 seconds
2021-05-19T19:14:28.625+0000: 20.115: [GC (CMS Initial Mark) [1 CMS-initial-mark: 91418K(274432K)] 101109K(397952K), 0.0029982 secs] [Times: user=0.02 sys=0.00, real=0.00 secs] 
2021-05-19T19:14:28.628+0000: 20.118: Total time for which application threads were stopped: 0.0037512 seconds, Stopping threads took: 0.0002114 seconds
2021-05-19T19:14:28.628+0000: 20.118: [CMS-concurrent-mark-start]
2021-05-19T19:14:28.665+0000: 20.155: Total time for which application threads were stopped: 0.0004018 seconds, Stopping threads took: 0.0002055 seconds
2021-05-19T19:14:28.682+0000: 20.171: [CMS-concurrent-mark: 0.052/0.053 secs] [Times: user=0.50 sys=0.01, real=0.05 secs] 
2021-05-19T19:14:28.682+0000: 20.172: [CMS-concurrent-preclean-start]
2021-05-19T19:14:28.686+0000: 20.175: [CMS-concurrent-preclean: 0.004/0.004 secs] [Times: user=0.01 sys=0.00, real=0.00 secs] 
2021-05-19T19:14:28.686+0000: 20.176: [CMS-concurrent-abortable-preclean-start]
2021-05-19T19:14:29.666+0000: 21.155: Total time for which application threads were stopped: 0.0002329 seconds, Stopping threads took: 0.0000491 seconds
2021-05-19T19:14:30.666+0000: 22.156: Total time for which application threads were stopped: 0.0001706 seconds, Stopping threads took: 0.0000522 seconds
2021-05-19T19:14:31.618+0000: 23.108: Total time for which application threads were stopped: 0.0002498 seconds, Stopping threads took: 0.0000465 seconds
2021-05-19T19:14:31.635+0000: 23.124: Total time for which application threads were stopped: 0.0001728 seconds, Stopping threads took: 0.0000389 seconds
2021-05-19T19:14:31.660+0000: 23.150: Total time for which application threads were stopped: 0.0001811 seconds, Stopping threads took: 0.0000498 seconds
2021-05-19T19:14:31.699+0000: 23.189: Total time for which application threads were stopped: 0.0002455 seconds, Stopping threads took: 0.0000602 seconds
2021-05-19T19:14:32.245+0000: 23.735: Total time for which application threads were stopped: 0.0001767 seconds, Stopping threads took: 0.0000415 seconds
2021-05-19T19:14:32.265+0000: 23.755: Total time for which application threads were stopped: 0.0003113 seconds, Stopping threads took: 0.0001205 seconds
2021-05-19T19:14:32.271+0000: 23.761: Total time for which application threads were stopped: 0.0019652 seconds, Stopping threads took: 0.0001270 seconds
2021-05-19T19:14:33.271+0000: 24.761: Total time for which application threads were stopped: 0.0001682 seconds, Stopping threads took: 0.0000482 seconds
 CMS: abort preclean due to time 2021-05-19T19:14:33.778+0000: 25.268: [CMS-concurrent-abortable-preclean: 1.087/5.092 secs] [Times: user=1.94 sys=0.07, real=5.09 secs] 
2021-05-19T19:14:33.779+0000: 25.269: [GC (CMS Final Remark) [YG occupancy: 116393 K (123520 K)]2021-05-19T19:14:33.779+0000: 25.269: [Rescan (parallel) , 0.0083946 secs]2021-05-19T19:14:33.788+0000: 25.277: [weak refs processing, 0.0004987 secs]2021-05-19T19:14:33.788+0000: 25.278: [class unloading, 0.0257024 secs]2021-05-19T19:14:33.814+0000: 25.304: [scrub symbol table, 0.0198259 secs]2021-05-19T19:14:33.834+0000: 25.324: [scrub string table, 0.0011571 secs][1 CMS-remark: 91418K(274432K)] 207812K(397952K), 0.0571948 secs] [Times: user=0.12 sys=0.00, real=0.05 secs] 
2021-05-19T19:14:33.836+0000: 25.326: Total time for which application threads were stopped: 0.0577233 seconds, Stopping threads took: 0.0000653 seconds
2021-05-19T19:14:33.836+0000: 25.326: [CMS-concurrent-sweep-start]
2021-05-19T19:14:33.862+0000: 25.352: [CMS-concurrent-sweep: 0.026/0.026 secs] [Times: user=0.05 sys=0.00, real=0.03 secs] 
2021-05-19T19:14:33.862+0000: 25.352: [CMS-concurrent-reset-start]
2021-05-19T19:14:33.870+0000: 25.360: [CMS-concurrent-reset: 0.008/0.008 secs] [Times: user=0.02 sys=0.00, real=0.01 secs] 
2021-05-19T19:14:34.837+0000: 26.326: Total time for which application threads were stopped: 0.0002984 seconds, Stopping threads took: 0.0000669 seconds
2021-05-19T19:14:37.837+0000: 29.327: Total time for which application threads were stopped: 0.0001842 seconds, Stopping threads took: 0.0000562 seconds
{Heap before GC invocations=84 (full 4):
 par new generation   total 123520K, used 119008K [0x000000062fe00000, 0x0000000638400000, 0x0000000663e00000)
  eden space 109824K, 100% used [0x000000062fe00000, 0x0000000636940000, 0x0000000636940000)
  from space 13696K,  67% used [0x0000000636940000, 0x00000006372380b8, 0x00000006376a0000)
  to   space 13696K,   0% used [0x00000006376a0000, 0x00000006376a0000, 0x0000000638400000)
 concurrent mark-sweep generation total 274432K, used 73277K [0x0000000663e00000, 0x0000000674a00000, 0x00000007c0000000)
 Metaspace       used 113183K, capacity 121793K, committed 122064K, reserved 1155072K
  class space    used 14273K, capacity 16123K, committed 16176K, reserved 1048576K
2021-05-19T19:14:38.757+0000: 30.247: [GC (Allocation Failure) 2021-05-19T19:14:38.757+0000: 30.247: [ParNew
Desired survivor size 7012352 bytes, new threshold 3 (max 6)
- age   1:    1967032 bytes,    1967032 total
- age   2:    1053184 bytes,    3020216 total
- age   3:    4485336 bytes,    7505552 total
: 119008K->10071K(123520K), 0.0091815 secs] 192285K->83348K(397952K), 0.0097799 secs] [Times: user=0.07 sys=0.00, real=0.01 secs] 
Heap after GC invocations=85 (full 4):
 par new generation   total 123520K, used 10071K [0x000000062fe00000, 0x0000000638400000, 0x0000000663e00000)
  eden space 109824K,   0% used [0x000000062fe00000, 0x000000062fe00000, 0x0000000636940000)
  from space 13696K,  73% used [0x00000006376a0000, 0x0000000638075c28, 0x0000000638400000)
  to   space 13696K,   0% used [0x0000000636940000, 0x0000000636940000, 0x00000006376a0000)
 concurrent mark-sweep generation total 274432K, used 73277K [0x0000000663e00000, 0x0000000674a00000, 0x00000007c0000000)
 Metaspace       used 113183K, capacity 121793K, committed 122064K, reserved 1155072K
  class space    used 14273K, capacity 16123K, committed 16176K, reserved 1048576K
}
2021-05-19T19:14:38.767+0000: 30.257: Total time for which application threads were stopped: 0.0105243 seconds, Stopping threads took: 0.0000746 seconds
2021-05-19T19:14:39.768+0000: 31.257: Total time for which application threads were stopped: 0.0002194 seconds, Stopping threads took: 0.0000696 seconds
2021-05-19T19:14:40.768+0000: 32.258: Total time for which application threads were stopped: 0.0002170 seconds, Stopping threads took: 0.0000665 seconds
2021-05-19T19:14:41.768+0000: 33.258: Total time for which application threads were stopped: 0.0002276 seconds, Stopping threads took: 0.0000570 seconds
2021-05-19T19:14:42.769+0000: 34.259: Total time for which application threads were stopped: 0.0002632 seconds, Stopping threads took: 0.0000670 seconds
2021-05-19T19:14:43.769+0000: 35.259: Total time for which application threads were stopped: 0.0002434 seconds, Stopping threads took: 0.0000607 seconds
2021-05-19T19:14:47.770+0000: 39.260: Total time for which application threads were stopped: 0.0002030 seconds, Stopping threads took: 0.0000638 seconds
2021-05-19T19:14:48.770+0000: 40.260: Total time for which application threads were stopped: 0.0002126 seconds, Stopping threads took: 0.0000553 seconds
2021-05-19T19:14:51.771+0000: 43.260: Total time for which application threads were stopped: 0.0002249 seconds, Stopping threads took: 0.0000612 seconds
2021-05-19T19:14:52.771+0000: 44.261: Total time for which application threads were stopped: 0.0002228 seconds, Stopping threads took: 0.0000654 seconds
2021-05-19T19:14:53.771+0000: 45.261: Total time for which application threads were stopped: 0.0001937 seconds, Stopping threads took: 0.0000553 seconds
2021-05-19T19:14:57.772+0000: 49.262: Total time for which application threads were stopped: 0.0002183 seconds, Stopping threads took: 0.0000764 seconds
2021-05-19T19:14:58.772+0000: 50.262: Total time for which application threads were stopped: 0.0002195 seconds, Stopping threads took: 0.0000618 seconds
2021-05-19T19:15:01.773+0000: 53.263: Total time for which application threads were stopped: 0.0002019 seconds, Stopping threads took: 0.0000623 seconds
2021-05-19T19:15:02.773+0000: 54.263: Total time for which application threads were stopped: 0.0002044 seconds, Stopping threads took: 0.0000645 seconds
2021-05-19T19:15:03.773+0000: 55.263: Total time for which application threads were stopped: 0.0001982 seconds, Stopping threads took: 0.0000567 seconds
2021-05-19T19:15:08.774+0000: 60.264: Total time for which application threads were stopped: 0.0002194 seconds, Stopping threads took: 0.0000625 seconds
2021-05-19T19:15:10.775+0000: 62.264: Total time for which application threads were stopped: 0.0002251 seconds, Stopping threads took: 0.0000691 seconds
2021-05-19T19:15:12.775+0000: 64.265: Total time for which application threads were stopped: 0.0001964 seconds, Stopping threads took: 0.0000616 seconds
2021-05-19T19:15:13.775+0000: 65.265: Total time for which application threads were stopped: 0.0002542 seconds, Stopping threads took: 0.0000653 seconds
2021-05-19T19:15:16.776+0000: 68.266: Total time for which application threads were stopped: 0.0002543 seconds, Stopping threads took: 0.0000756 seconds
2021-05-19T19:15:18.776+0000: 70.266: Total time for which application threads were stopped: 0.0002561 seconds, Stopping threads took: 0.0000756 seconds
2021-05-19T19:15:22.777+0000: 74.267: Total time for which application threads were stopped: 0.0004102 seconds, Stopping threads took: 0.0000545 seconds
2021-05-19T19:15:23.778+0000: 75.267: Total time for which application threads were stopped: 0.0002210 seconds, Stopping threads took: 0.0000584 seconds
2021-05-19T19:15:25.778+0000: 77.268: Total time for which application threads were stopped: 0.0001938 seconds, Stopping threads took: 0.0000579 seconds
2021-05-19T19:15:27.779+0000: 79.268: Total time for which application threads were stopped: 0.0004044 seconds, Stopping threads took: 0.0000872 seconds
2021-05-19T19:15:28.779+0000: 80.269: Total time for which application threads were stopped: 0.0001979 seconds, Stopping threads took: 0.0000570 seconds
2021-05-19T19:15:31.779+0000: 83.269: Total time for which application threads were stopped: 0.0002142 seconds, Stopping threads took: 0.0000662 seconds
2021-05-19T19:15:32.780+0000: 84.270: Total time for which application threads were stopped: 0.0002241 seconds, Stopping threads took: 0.0000655 seconds
2021-05-19T19:15:33.780+0000: 85.270: Total time for which application threads were stopped: 0.0002304 seconds, Stopping threads took: 0.0000597 seconds
2021-05-19T19:15:34.780+0000: 86.270: Total time for which application threads were stopped: 0.0002344 seconds, Stopping threads took: 0.0000617 seconds
2021-05-19T19:15:38.781+0000: 90.271: Total time for which application threads were stopped: 0.0002026 seconds, Stopping threads took: 0.0000658 seconds
2021-05-19T19:15:40.782+0000: 92.271: Total time for which application threads were stopped: 0.0003652 seconds, Stopping threads took: 0.0000768 seconds
2021-05-19T19:15:43.782+0000: 95.272: Total time for which application threads were stopped: 0.0002663 seconds, Stopping threads took: 0.0000832 seconds
2021-05-19T19:15:46.783+0000: 98.273: Total time for which application threads were stopped: 0.0002900 seconds, Stopping threads took: 0.0000747 seconds
2021-05-19T19:15:48.783+0000: 100.273: Total time for which application threads were stopped: 0.0002319 seconds, Stopping threads took: 0.0000638 seconds
2021-05-19T19:15:49.784+0000: 101.274: Total time for which application threads were stopped: 0.0002599 seconds, Stopping threads took: 0.0000726 seconds
2021-05-19T19:15:52.784+0000: 104.274: Total time for which application threads were stopped: 0.0002835 seconds, Stopping threads took: 0.0000704 seconds
2021-05-19T19:15:53.785+0000: 105.275: Total time for which application threads were stopped: 0.0002300 seconds, Stopping threads took: 0.0000650 seconds
2021-05-19T19:15:55.785+0000: 107.275: Total time for which application threads were stopped: 0.0002706 seconds, Stopping threads took: 0.0000935 seconds
2021-05-19T19:15:58.786+0000: 110.276: Total time for which application threads were stopped: 0.0001994 seconds, Stopping threads took: 0.0000593 seconds
2021-05-19T19:15:59.786+0000: 111.276: Total time for which application threads were stopped: 0.0002278 seconds, Stopping threads took: 0.0000688 seconds
2021-05-19T19:16:00.637+0000: 112.127: Total time for which application threads were stopped: 0.0028843 seconds, Stopping threads took: 0.0000705 seconds
2021-05-19T19:16:00.649+0000: 112.139: Total time for which application threads were stopped: 0.0024063 seconds, Stopping threads took: 0.0000666 seconds
2021-05-19T19:16:00.709+0000: 112.198: Total time for which application threads were stopped: 0.0021409 seconds, Stopping threads took: 0.0000487 seconds
2021-05-19T19:16:00.724+0000: 112.213: Total time for which application threads were stopped: 0.0020527 seconds, Stopping threads took: 0.0000438 seconds
{Heap before GC invocations=85 (full 4):
 par new generation   total 123520K, used 119895K [0x000000062fe00000, 0x0000000638400000, 0x0000000663e00000)
  eden space 109824K, 100% used [0x000000062fe00000, 0x0000000636940000, 0x0000000636940000)
  from space 13696K,  73% used [0x00000006376a0000, 0x0000000638075c28, 0x0000000638400000)
  to   space 13696K,   0% used [0x0000000636940000, 0x0000000636940000, 0x00000006376a0000)
 concurrent mark-sweep generation total 274432K, used 73277K [0x0000000663e00000, 0x0000000674a00000, 0x00000007c0000000)
 Metaspace       used 114732K, capacity 123305K, committed 123472K, reserved 1157120K
  class space    used 14396K, capacity 16269K, committed 16304K, reserved 1048576K
2021-05-19T19:16:00.752+0000: 112.242: [GC (Allocation Failure) 2021-05-19T19:16:00.752+0000: 112.242: [ParNew
Desired survivor size 7012352 bytes, new threshold 6 (max 6)
- age   1:    2794248 bytes,    2794248 total
- age   2:    1369624 bytes,    4163872 total
- age   3:     982584 bytes,    5146456 total
: 119895K->8047K(123520K), 0.0108034 secs] 193172K->85680K(397952K), 0.0112968 secs] [Times: user=0.08 sys=0.00, real=0.01 secs] 
Heap after GC invocations=86 (full 4):
 par new generation   total 123520K, used 8047K [0x000000062fe00000, 0x0000000638400000, 0x0000000663e00000)
  eden space 109824K,   0% used [0x000000062fe00000, 0x000000062fe00000, 0x0000000636940000)
  from space 13696K,  58% used [0x0000000636940000, 0x000000063711bcd8, 0x00000006376a0000)
  to   space 13696K,   0% used [0x00000006376a0000, 0x00000006376a0000, 0x0000000638400000)
 concurrent mark-sweep generation total 274432K, used 77633K [0x0000000663e00000, 0x0000000674a00000, 0x00000007c0000000)
 Metaspace       used 114732K, capacity 123305K, committed 123472K, reserved 1157120K
  class space    used 14396K, capacity 16269K, committed 16304K, reserved 1048576K
}
2021-05-19T19:16:00.764+0000: 112.253: Total time for which application threads were stopped: 0.0121538 seconds, Stopping threads took: 0.0000503 seconds
{Heap before GC invocations=86 (full 4):
 par new generation   total 123520K, used 117871K [0x000000062fe00000, 0x0000000638400000, 0x0000000663e00000)
  eden space 109824K, 100% used [0x000000062fe00000, 0x0000000636940000, 0x0000000636940000)
  from space 13696K,  58% used [0x0000000636940000, 0x000000063711bcd8, 0x00000006376a0000)
  to   space 13696K,   0% used [0x00000006376a0000, 0x00000006376a0000, 0x0000000638400000)
 concurrent mark-sweep generation total 274432K, used 77633K [0x0000000663e00000, 0x0000000674a00000, 0x00000007c0000000)
 Metaspace       used 115330K, capacity 124013K, committed 124112K, reserved 1157120K
  class space    used 14468K, capacity 16347K, committed 16432K, reserved 1048576K
2021-05-19T19:16:01.650+0000: 113.140: [GC (Allocation Failure) 2021-05-19T19:16:01.650+0000: 113.140: [ParNew
Desired survivor size 7012352 bytes, new threshold 6 (max 6)
- age   1:    1579128 bytes,    1579128 total
- age   2:    1961008 bytes,    3540136 total
- age   3:    1367424 bytes,    4907560 total
- age   4:     982496 bytes,    5890056 total
: 117871K->7037K(123520K), 0.0061521 secs] 195504K->84670K(397952K), 0.0068914 secs] [Times: user=0.05 sys=0.00, real=0.00 secs] 
Heap after GC invocations=87 (full 4):
 par new generation   total 123520K, used 7037K [0x000000062fe00000, 0x0000000638400000, 0x0000000663e00000)
  eden space 109824K,   0% used [0x000000062fe00000, 0x000000062fe00000, 0x0000000636940000)
  from space 13696K,  51% used [0x00000006376a0000, 0x0000000637d7f480, 0x0000000638400000)
  to   space 13696K,   0% used [0x0000000636940000, 0x0000000636940000, 0x00000006376a0000)
 concurrent mark-sweep generation total 274432K, used 77633K [0x0000000663e00000, 0x0000000674a00000, 0x00000007c0000000)
 Metaspace       used 115330K, capacity 124013K, committed 124112K, reserved 1157120K
  class space    used 14468K, capacity 16347K, committed 16432K, reserved 1048576K
}
2021-05-19T19:16:01.658+0000: 113.148: Total time for which application threads were stopped: 0.0079441 seconds, Stopping threads took: 0.0000680 seconds
2021-05-19T19:16:01.853+0000: 113.343: Total time for which application threads were stopped: 0.0022400 seconds, Stopping threads took: 0.0000566 seconds
2021-05-19T19:16:02.853+0000: 114.343: Total time for which application threads were stopped: 0.0003117 seconds, Stopping threads took: 0.0000666 seconds
2021-05-19T19:16:03.854+0000: 115.343: Total time for which application threads were stopped: 0.0002304 seconds, Stopping threads took: 0.0000665 seconds
2021-05-19T19:16:08.854+0000: 120.344: Total time for which application threads were stopped: 0.0002908 seconds, Stopping threads took: 0.0000914 seconds
2021-05-19T19:16:10.855+0000: 122.345: Total time for which application threads were stopped: 0.0002144 seconds, Stopping threads took: 0.0000640 seconds
2021-05-19T19:16:12.855+0000: 124.345: Total time for which application threads were stopped: 0.0002507 seconds, Stopping threads took: 0.0000702 seconds
2021-05-19T19:16:13.856+0000: 125.345: Total time for which application threads were stopped: 0.0002508 seconds, Stopping threads took: 0.0000732 seconds
2021-05-19T19:16:18.856+0000: 130.346: Total time for which application threads were stopped: 0.0002470 seconds, Stopping threads took: 0.0000721 seconds
2021-05-19T19:16:22.857+0000: 134.347: Total time for which application threads were stopped: 0.0002351 seconds, Stopping threads took: 0.0000698 seconds
2021-05-19T19:16:23.857+0000: 135.347: Total time for which application threads were stopped: 0.0002307 seconds, Stopping threads took: 0.0000671 seconds
2021-05-19T19:16:27.858+0000: 139.348: Total time for which application threads were stopped: 0.0002240 seconds, Stopping threads took: 0.0000661 seconds
2021-05-19T19:16:28.858+0000: 140.348: Total time for which application threads were stopped: 0.0002413 seconds, Stopping threads took: 0.0000713 seconds
2021-05-19T19:16:30.859+0000: 142.349: Total time for which application threads were stopped: 0.0002211 seconds, Stopping threads took: 0.0000647 seconds
2021-05-19T19:16:32.859+0000: 144.349: Total time for which application threads were stopped: 0.0002498 seconds, Stopping threads took: 0.0000691 seconds
2021-05-19T19:16:33.860+0000: 145.349: Total time for which application threads were stopped: 0.0002626 seconds, Stopping threads took: 0.0000698 seconds
2021-05-19T19:16:34.860+0000: 146.350: Total time for which application threads were stopped: 0.0002309 seconds, Stopping threads took: 0.0000660 seconds
2021-05-19T19:16:37.860+0000: 149.350: Total time for which application threads were stopped: 0.0002583 seconds, Stopping threads took: 0.0000704 seconds
2021-05-19T19:16:38.861+0000: 150.351: Total time for which application threads were stopped: 0.0002285 seconds, Stopping threads took: 0.0000690 seconds
2021-05-19T19:16:40.861+0000: 152.351: Total time for which application threads were stopped: 0.0002182 seconds, Stopping threads took: 0.0000665 seconds
2021-05-19T19:16:52.863+0000: 164.353: Total time for which application threads were stopped: 0.0003347 seconds, Stopping threads took: 0.0000930 seconds
2021-05-19T19:16:53.863+0000: 165.353: Total time for which application threads were stopped: 0.0002250 seconds, Stopping threads took: 0.0000624 seconds
2021-05-19T19:16:55.864+0000: 167.354: Total time for which application threads were stopped: 0.0002432 seconds, Stopping threads took: 0.0000782 seconds
2021-05-19T19:16:58.864+0000: 170.354: Total time for which application threads were stopped: 0.0002883 seconds, Stopping threads took: 0.0000927 seconds
2021-05-19T19:17:01.865+0000: 173.355: Total time for which application threads were stopped: 0.0002208 seconds, Stopping threads took: 0.0000626 seconds
2021-05-19T19:17:02.865+0000: 174.355: Total time for which application threads were stopped: 0.0002632 seconds, Stopping threads took: 0.0000695 seconds
2021-05-19T19:17:03.866+0000: 175.356: Total time for which application threads were stopped: 0.0002699 seconds, Stopping threads took: 0.0000760 seconds
2021-05-19T19:17:08.867+0000: 180.356: Total time for which application threads were stopped: 0.0003270 seconds, Stopping threads took: 0.0000758 seconds
2021-05-19T19:17:11.867+0000: 183.357: Total time for which application threads were stopped: 0.0002505 seconds, Stopping threads took: 0.0000689 seconds
2021-05-19T19:17:13.868+0000: 185.358: Total time for which application threads were stopped: 0.0002718 seconds, Stopping threads took: 0.0000732 seconds
2021-05-19T19:17:16.868+0000: 188.358: Total time for which application threads were stopped: 0.0002507 seconds, Stopping threads took: 0.0000789 seconds
2021-05-19T19:17:18.869+0000: 190.359: Total time for which application threads were stopped: 0.0003060 seconds, Stopping threads took: 0.0000750 seconds
2021-05-19T19:17:23.870+0000: 195.360: Total time for which application threads were stopped: 0.0002489 seconds, Stopping threads took: 0.0000674 seconds
2021-05-19T19:17:25.870+0000: 197.360: Total time for which application threads were stopped: 0.0003010 seconds, Stopping threads took: 0.0000752 seconds
2021-05-19T19:17:28.871+0000: 200.361: Total time for which application threads were stopped: 0.0002381 seconds, Stopping threads took: 0.0000697 seconds
2021-05-19T19:17:32.872+0000: 204.361: Total time for which application threads were stopped: 0.0002265 seconds, Stopping threads took: 0.0000692 seconds
2021-05-19T19:17:33.872+0000: 205.362: Total time for which application threads were stopped: 0.0003257 seconds, Stopping threads took: 0.0001128 seconds
{Heap before GC invocations=87 (full 4):
 par new generation   total 123520K, used 116861K [0x000000062fe00000, 0x0000000638400000, 0x0000000663e00000)
  eden space 109824K, 100% used [0x000000062fe00000, 0x0000000636940000, 0x0000000636940000)
  from space 13696K,  51% used [0x00000006376a0000, 0x0000000637d7f480, 0x0000000638400000)
  to   space 13696K,   0% used [0x0000000636940000, 0x0000000636940000, 0x00000006376a0000)
 concurrent mark-sweep generation total 274432K, used 77633K [0x0000000663e00000, 0x0000000674a00000, 0x00000007c0000000)
 Metaspace       used 116028K, capacity 124817K, committed 124880K, reserved 1157120K
  class space    used 14513K, capacity 16401K, committed 16432K, reserved 1048576K
2021-05-19T19:17:37.605+0000: 209.095: [GC (Allocation Failure) 2021-05-19T19:17:37.606+0000: 209.096: [ParNew
Desired survivor size 7012352 bytes, new threshold 5 (max 6)
- age   1:    2088544 bytes,    2088544 total
- age   2:     981920 bytes,    3070464 total
- age   3:    1789088 bytes,    4859552 total
- age   4:    1366520 bytes,    6226072 total
- age   5:     982496 bytes,    7208568 total
: 116861K->10208K(123520K), 0.0051646 secs] 194494K->87841K(397952K), 0.0057370 secs] [Times: user=0.04 sys=0.00, real=0.01 secs] 
Heap after GC invocations=88 (full 4):
 par new generation   total 123520K, used 10208K [0x000000062fe00000, 0x0000000638400000, 0x0000000663e00000)
  eden space 109824K,   0% used [0x000000062fe00000, 0x000000062fe00000, 0x0000000636940000)
  from space 13696K,  74% used [0x0000000636940000, 0x0000000637338030, 0x00000006376a0000)
  to   space 13696K,   0% used [0x00000006376a0000, 0x00000006376a0000, 0x0000000638400000)
 concurrent mark-sweep generation total 274432K, used 77633K [0x0000000663e00000, 0x0000000674a00000, 0x00000007c0000000)
 Metaspace       used 116028K, capacity 124817K, committed 124880K, reserved 1157120K
  class space    used 14513K, capacity 16401K, committed 16432K, reserved 1048576K
}
2021-05-19T19:17:37.612+0000: 209.101: Total time for which application threads were stopped: 0.0064781 seconds, Stopping threads took: 0.0001802 seconds
2021-05-19T19:17:38.612+0000: 210.102: Total time for which application threads were stopped: 0.0002792 seconds, Stopping threads took: 0.0000793 seconds
2021-05-19T19:17:42.613+0000: 214.103: Total time for which application threads were stopped: 0.0002491 seconds, Stopping threads took: 0.0000850 seconds
2021-05-19T19:17:44.613+0000: 216.103: Total time for which application threads were stopped: 0.0002689 seconds, Stopping threads took: 0.0000817 seconds
2021-05-19T19:17:49.614+0000: 221.104: Total time for which application threads were stopped: 0.0002092 seconds, Stopping threads took: 0.0000553 seconds
2021-05-19T19:17:52.614+0000: 224.104: Total time for which application threads were stopped: 0.0002035 seconds, Stopping threads took: 0.0000526 seconds
2021-05-19T19:17:54.615+0000: 226.105: Total time for which application threads were stopped: 0.0003164 seconds, Stopping threads took: 0.0000772 seconds
2021-05-19T19:17:59.616+0000: 231.106: Total time for which application threads were stopped: 0.0003250 seconds, Stopping threads took: 0.0001067 seconds
2021-05-19T19:18:00.616+0000: 232.106: Total time for which application threads were stopped: 0.0002786 seconds, Stopping threads took: 0.0000768 seconds
2021-05-19T19:18:02.617+0000: 234.107: Total time for which application threads were stopped: 0.0002575 seconds, Stopping threads took: 0.0000704 seconds
2021-05-19T19:18:04.573+0000: 236.063: Total time for which application threads were stopped: 0.0023660 seconds, Stopping threads took: 0.0000602 seconds
{Heap before GC invocations=88 (full 4):
 par new generation   total 123520K, used 120032K [0x000000062fe00000, 0x0000000638400000, 0x0000000663e00000)
  eden space 109824K, 100% used [0x000000062fe00000, 0x0000000636940000, 0x0000000636940000)
  from space 13696K,  74% used [0x0000000636940000, 0x0000000637338030, 0x00000006376a0000)
  to   space 13696K,   0% used [0x00000006376a0000, 0x00000006376a0000, 0x0000000638400000)
 concurrent mark-sweep generation total 274432K, used 77633K [0x0000000663e00000, 0x0000000674a00000, 0x00000007c0000000)
 Metaspace       used 116963K, capacity 125801K, committed 126032K, reserved 1159168K
  class space    used 14627K, capacity 16509K, committed 16560K, reserved 1048576K
2021-05-19T19:18:04.705+0000: 236.195: [GC (Allocation Failure) 2021-05-19T19:18:04.706+0000: 236.195: [ParNew
Desired survivor size 7012352 bytes, new threshold 4 (max 6)
- age   1:    3211088 bytes,    3211088 total
- age   2:    1760792 bytes,    4971880 total
- age   3:     969520 bytes,    5941400 total
- age   4:    1788192 bytes,    7729592 total
- age   5:    1365456 bytes,    9095048 total
: 120032K->11127K(123520K), 0.0102505 secs] 197665K->89730K(397952K), 0.0108432 secs] [Times: user=0.07 sys=0.00, real=0.01 secs] 
Heap after GC invocations=89 (full 4):
 par new generation   total 123520K, used 11127K [0x000000062fe00000, 0x0000000638400000, 0x0000000663e00000)
  eden space 109824K,   0% used [0x000000062fe00000, 0x000000062fe00000, 0x0000000636940000)
  from space 13696K,  81% used [0x00000006376a0000, 0x000000063817dde8, 0x0000000638400000)
  to   space 13696K,   0% used [0x0000000636940000, 0x0000000636940000, 0x00000006376a0000)
 concurrent mark-sweep generation total 274432K, used 78603K [0x0000000663e00000, 0x0000000674a00000, 0x00000007c0000000)
 Metaspace       used 116963K, capacity 125801K, committed 126032K, reserved 1159168K
  class space    used 14627K, capacity 16509K, committed 16560K, reserved 1048576K
}
2021-05-19T19:18:04.717+0000: 236.206: Total time for which application threads were stopped: 0.0115895 seconds, Stopping threads took: 0.0000595 seconds
2021-05-19T19:18:04.794+0000: 236.284: Total time for which application threads were stopped: 0.0022219 seconds, Stopping threads took: 0.0000488 seconds
2021-05-19T19:18:05.794+0000: 237.284: Total time for which application threads were stopped: 0.0005288 seconds, Stopping threads took: 0.0000802 seconds
2021-05-19T19:18:07.795+0000: 239.285: Total time for which application threads were stopped: 0.0003164 seconds, Stopping threads took: 0.0000774 seconds
{Heap before GC invocations=89 (full 4):
 par new generation   total 123520K, used 120951K [0x000000062fe00000, 0x0000000638400000, 0x0000000663e00000)
  eden space 109824K, 100% used [0x000000062fe00000, 0x0000000636940000, 0x0000000636940000)
  from space 13696K,  81% used [0x00000006376a0000, 0x000000063817dde8, 0x0000000638400000)
  to   space 13696K,   0% used [0x0000000636940000, 0x0000000636940000, 0x00000006376a0000)
 concurrent mark-sweep generation total 274432K, used 78603K [0x0000000663e00000, 0x0000000674a00000, 0x00000007c0000000)
 Metaspace       used 118174K, capacity 127053K, committed 127312K, reserved 1159168K
  class space    used 14779K, capacity 16705K, committed 16816K, reserved 1048576K
2021-05-19T19:18:08.423+0000: 239.912: [GC (Allocation Failure) 2021-05-19T19:18:08.423+0000: 239.913: [ParNew
Desired survivor size 7012352 bytes, new threshold 4 (max 6)
- age   1:    3838056 bytes,    3838056 total
- age   2:    1255136 bytes,    5093192 total
- age   3:    1754800 bytes,    6847992 total
- age   4:     966336 bytes,    7814328 total
: 120951K->11211K(123520K), 0.0106010 secs] 199554K->92913K(397952K), 0.0113701 secs] [Times: user=0.08 sys=0.00, real=0.01 secs] 
Heap after GC invocations=90 (full 4):
 par new generation   total 123520K, used 11211K [0x000000062fe00000, 0x0000000638400000, 0x0000000663e00000)
  eden space 109824K,   0% used [0x000000062fe00000, 0x000000062fe00000, 0x0000000636940000)
  from space 13696K,  81% used [0x0000000636940000, 0x0000000637432d48, 0x00000006376a0000)
  to   space 13696K,   0% used [0x00000006376a0000, 0x00000006376a0000, 0x0000000638400000)
 concurrent mark-sweep generation total 274432K, used 81701K [0x0000000663e00000, 0x0000000674a00000, 0x00000007c0000000)
 Metaspace       used 118174K, capacity 127053K, committed 127312K, reserved 1159168K
  class space    used 14779K, capacity 16705K, committed 16816K, reserved 1048576K
}
2021-05-19T19:18:08.434+0000: 239.924: Total time for which application threads were stopped: 0.0123169 seconds, Stopping threads took: 0.0001706 seconds
2021-05-19T19:18:09.435+0000: 240.925: Total time for which application threads were stopped: 0.0002176 seconds, Stopping threads took: 0.0000627 seconds
2021-05-19T19:18:11.289+0000: 242.779: Total time for which application threads were stopped: 0.0025165 seconds, Stopping threads took: 0.0000622 seconds
2021-05-19T19:18:11.292+0000: 242.782: Total time for which application threads were stopped: 0.0022461 seconds, Stopping threads took: 0.0001151 seconds
2021-05-19T19:18:12.292+0000: 243.782: Total time for which application threads were stopped: 0.0002805 seconds, Stopping threads took: 0.0000668 seconds
2021-05-19T19:18:13.293+0000: 244.783: Total time for which application threads were stopped: 0.0002534 seconds, Stopping threads took: 0.0000737 seconds
2021-05-19T19:18:14.293+0000: 245.783: Total time for which application threads were stopped: 0.0002865 seconds, Stopping threads took: 0.0000908 seconds
2021-05-19T19:18:17.294+0000: 248.784: Total time for which application threads were stopped: 0.0002465 seconds, Stopping threads took: 0.0000700 seconds
2021-05-19T19:18:19.294+0000: 250.784: Total time for which application threads were stopped: 0.0002562 seconds, Stopping threads took: 0.0000724 seconds
2021-05-19T19:18:20.295+0000: 251.784: Total time for which application threads were stopped: 0.0002853 seconds, Stopping threads took: 0.0000734 seconds
2021-05-19T19:18:21.295+0000: 252.785: Total time for which application threads were stopped: 0.0002527 seconds, Stopping threads took: 0.0000836 seconds
2021-05-19T19:18:22.295+0000: 253.785: Total time for which application threads were stopped: 0.0002218 seconds, Stopping threads took: 0.0000586 seconds
{Heap before GC invocations=90 (full 4):
 par new generation   total 123520K, used 121035K [0x000000062fe00000, 0x0000000638400000, 0x0000000663e00000)
  eden space 109824K, 100% used [0x000000062fe00000, 0x0000000636940000, 0x0000000636940000)
  from space 13696K,  81% used [0x0000000636940000, 0x0000000637432d48, 0x00000006376a0000)
  to   space 13696K,   0% used [0x00000006376a0000, 0x00000006376a0000, 0x0000000638400000)
 concurrent mark-sweep generation total 274432K, used 81701K [0x0000000663e00000, 0x0000000674a00000, 0x00000007c0000000)
 Metaspace       used 118637K, capacity 127497K, committed 127824K, reserved 1161216K
  class space    used 14821K, capacity 16725K, committed 16816K, reserved 1048576K
2021-05-19T19:18:22.759+0000: 254.249: [GC (Allocation Failure) 2021-05-19T19:18:22.760+0000: 254.249: [ParNew
Desired survivor size 7012352 bytes, new threshold 6 (max 6)
- age   1:     693736 bytes,     693736 total
- age   2:    1459888 bytes,    2153624 total
- age   3:    1130064 bytes,    3283688 total
- age   4:    1747944 bytes,    5031632 total
: 121035K->7803K(123520K), 0.0056719 secs] 202737K->90444K(397952K), 0.0064067 secs] [Times: user=0.04 sys=0.00, real=0.00 secs] 
Heap after GC invocations=91 (full 4):
 par new generation   total 123520K, used 7803K [0x000000062fe00000, 0x0000000638400000, 0x0000000663e00000)
  eden space 109824K,   0% used [0x000000062fe00000, 0x000000062fe00000, 0x0000000636940000)
  from space 13696K,  56% used [0x00000006376a0000, 0x0000000637e3ef70, 0x0000000638400000)
  to   space 13696K,   0% used [0x0000000636940000, 0x0000000636940000, 0x00000006376a0000)
 concurrent mark-sweep generation total 274432K, used 82640K [0x0000000663e00000, 0x0000000674a00000, 0x00000007c0000000)
 Metaspace       used 118637K, capacity 127497K, committed 127824K, reserved 1161216K
  class space    used 14821K, capacity 16725K, committed 16816K, reserved 1048576K
}
2021-05-19T19:18:22.766+0000: 254.256: Total time for which application threads were stopped: 0.0072698 seconds, Stopping threads took: 0.0001289 seconds
2021-05-19T19:18:23.767+0000: 255.256: Total time for which application threads were stopped: 0.0002779 seconds, Stopping threads took: 0.0000819 seconds
2021-05-19T19:18:27.767+0000: 259.257: Total time for which application threads were stopped: 0.0002531 seconds, Stopping threads took: 0.0000805 seconds
2021-05-19T19:18:28.768+0000: 260.257: Total time for which application threads were stopped: 0.0002278 seconds, Stopping threads took: 0.0000672 seconds
2021-05-19T19:18:32.768+0000: 264.258: Total time for which application threads were stopped: 0.0002539 seconds, Stopping threads took: 0.0000726 seconds
2021-05-19T19:18:38.769+0000: 270.259: Total time for which application threads were stopped: 0.0002764 seconds, Stopping threads took: 0.0000874 seconds
2021-05-19T19:18:42.770+0000: 274.260: Total time for which application threads were stopped: 0.0003069 seconds, Stopping threads took: 0.0000955 seconds
2021-05-19T19:18:48.771+0000: 280.260: Total time for which application threads were stopped: 0.0002156 seconds, Stopping threads took: 0.0000628 seconds
2021-05-19T19:18:52.771+0000: 284.261: Total time for which application threads were stopped: 0.0002378 seconds, Stopping threads took: 0.0000672 seconds
2021-05-19T19:18:53.772+0000: 285.262: Total time for which application threads were stopped: 0.0002246 seconds, Stopping threads took: 0.0000625 seconds
2021-05-19T19:18:58.772+0000: 290.262: Total time for which application threads were stopped: 0.0002330 seconds, Stopping threads took: 0.0000707 seconds
2021-05-19T19:19:01.773+0000: 293.263: Total time for which application threads were stopped: 0.0002343 seconds, Stopping threads took: 0.0000662 seconds
2021-05-19T19:19:03.773+0000: 295.263: Total time for which application threads were stopped: 0.0002412 seconds, Stopping threads took: 0.0000641 seconds
2021-05-19T19:19:12.774+0000: 304.264: Total time for which application threads were stopped: 0.0002543 seconds, Stopping threads took: 0.0000682 seconds
2021-05-19T19:19:13.775+0000: 305.265: Total time for which application threads were stopped: 0.0002318 seconds, Stopping threads took: 0.0000712 seconds
2021-05-19T19:19:18.776+0000: 310.266: Total time for which application threads were stopped: 0.0002537 seconds, Stopping threads took: 0.0000772 seconds
2021-05-19T19:19:22.776+0000: 314.266: Total time for which application threads were stopped: 0.0002240 seconds, Stopping threads took: 0.0000667 seconds
2021-05-19T19:19:23.777+0000: 315.267: Total time for which application threads were stopped: 0.0002852 seconds, Stopping threads took: 0.0000679 seconds
2021-05-19T19:19:25.777+0000: 317.267: Total time for which application threads were stopped: 0.0002624 seconds, Stopping threads took: 0.0000734 seconds
2021-05-19T19:19:27.778+0000: 319.267: Total time for which application threads were stopped: 0.0002409 seconds, Stopping threads took: 0.0000805 seconds
2021-05-19T19:19:28.778+0000: 320.268: Total time for which application threads were stopped: 0.0002671 seconds, Stopping threads took: 0.0000740 seconds
2021-05-19T19:19:37.779+0000: 329.269: Total time for which application threads were stopped: 0.0003056 seconds, Stopping threads took: 0.0000997 seconds
2021-05-19T19:19:38.780+0000: 330.270: Total time for which application threads were stopped: 0.0002280 seconds, Stopping threads took: 0.0000666 seconds
2021-05-19T19:19:43.781+0000: 335.271: Total time for which application threads were stopped: 0.0002455 seconds, Stopping threads took: 0.0000667 seconds
2021-05-19T19:19:48.781+0000: 340.271: Total time for which application threads were stopped: 0.0002299 seconds, Stopping threads took: 0.0000658 seconds
2021-05-19T19:19:50.782+0000: 342.272: Total time for which application threads were stopped: 0.0002542 seconds, Stopping threads took: 0.0000669 seconds
2021-05-19T19:19:52.782+0000: 344.272: Total time for which application threads were stopped: 0.0002699 seconds, Stopping threads took: 0.0000723 seconds
2021-05-19T19:19:53.783+0000: 345.273: Total time for which application threads were stopped: 0.0002131 seconds, Stopping threads took: 0.0000590 seconds
2021-05-19T19:20:13.785+0000: 365.275: Total time for which application threads were stopped: 0.0002765 seconds, Stopping threads took: 0.0000723 seconds
2021-05-19T19:20:18.786+0000: 370.276: Total time for which application threads were stopped: 0.0002451 seconds, Stopping threads took: 0.0000734 seconds
2021-05-19T19:20:19.786+0000: 371.276: Total time for which application threads were stopped: 0.0002672 seconds, Stopping threads took: 0.0000748 seconds
2021-05-19T19:20:31.788+0000: 383.277: Total time for which application threads were stopped: 0.0002807 seconds, Stopping threads took: 0.0000891 seconds
2021-05-19T19:20:32.788+0000: 384.278: Total time for which application threads were stopped: 0.0002525 seconds, Stopping threads took: 0.0000692 seconds
2021-05-19T19:20:38.789+0000: 390.279: Total time for which application threads were stopped: 0.0003402 seconds, Stopping threads took: 0.0001514 seconds
2021-05-19T19:20:42.790+0000: 394.279: Total time for which application threads were stopped: 0.0002519 seconds, Stopping threads took: 0.0000704 seconds
2021-05-19T19:20:48.790+0000: 400.280: Total time for which application threads were stopped: 0.0002778 seconds, Stopping threads took: 0.0000926 seconds
2021-05-19T19:20:49.791+0000: 401.280: Total time for which application threads were stopped: 0.0002143 seconds, Stopping threads took: 0.0000636 seconds
2021-05-19T19:20:52.791+0000: 404.281: Total time for which application threads were stopped: 0.0002485 seconds, Stopping threads took: 0.0000734 seconds
2021-05-19T19:20:53.792+0000: 405.281: Total time for which application threads were stopped: 0.0002393 seconds, Stopping threads took: 0.0000790 seconds
2021-05-19T19:20:55.792+0000: 407.282: Total time for which application threads were stopped: 0.0002330 seconds, Stopping threads took: 0.0000689 seconds
2021-05-19T19:20:58.793+0000: 410.282: Total time for which application threads were stopped: 0.0002370 seconds, Stopping threads took: 0.0000767 seconds
2021-05-19T19:21:08.794+0000: 420.283: Total time for which application threads were stopped: 0.0002351 seconds, Stopping threads took: 0.0000700 seconds
2021-05-19T19:21:13.794+0000: 425.284: Total time for which application threads were stopped: 0.0002438 seconds, Stopping threads took: 0.0000698 seconds
2021-05-19T19:21:23.796+0000: 435.285: Total time for which application threads were stopped: 0.0002586 seconds, Stopping threads took: 0.0000669 seconds
2021-05-19T19:21:27.796+0000: 439.286: Total time for which application threads were stopped: 0.0003036 seconds, Stopping threads took: 0.0001006 seconds
2021-05-19T19:21:33.797+0000: 445.287: Total time for which application threads were stopped: 0.0002491 seconds, Stopping threads took: 0.0000805 seconds
2021-05-19T19:21:34.798+0000: 446.287: Total time for which application threads were stopped: 0.0003187 seconds, Stopping threads took: 0.0000786 seconds
2021-05-19T19:21:38.798+0000: 450.288: Total time for which application threads were stopped: 0.0002541 seconds, Stopping threads took: 0.0000847 seconds
2021-05-19T19:21:43.799+0000: 455.289: Total time for which application threads were stopped: 0.0002620 seconds, Stopping threads took: 0.0000839 seconds
2021-05-19T19:21:52.800+0000: 464.290: Total time for which application threads were stopped: 0.0002943 seconds, Stopping threads took: 0.0000862 seconds
2021-05-19T19:21:53.801+0000: 465.291: Total time for which application threads were stopped: 0.0002432 seconds, Stopping threads took: 0.0000687 seconds
{Heap before GC invocations=91 (full 4):
 par new generation   total 123520K, used 117627K [0x000000062fe00000, 0x0000000638400000, 0x0000000663e00000)
  eden space 109824K, 100% used [0x000000062fe00000, 0x0000000636940000, 0x0000000636940000)
  from space 13696K,  56% used [0x00000006376a0000, 0x0000000637e3ef70, 0x0000000638400000)
  to   space 13696K,   0% used [0x0000000636940000, 0x0000000636940000, 0x00000006376a0000)
 concurrent mark-sweep generation total 274432K, used 82640K [0x0000000663e00000, 0x0000000674a00000, 0x00000007c0000000)
 Metaspace       used 118896K, capacity 127899K, committed 128080K, reserved 1161216K
  class space    used 14830K, capacity 16742K, committed 16816K, reserved 1048576K
2021-05-19T19:21:54.387+0000: 465.877: [GC (Allocation Failure) 2021-05-19T19:21:54.387+0000: 465.877: [ParNew
Desired survivor size 7012352 bytes, new threshold 6 (max 6)
- age   1:    1099872 bytes,    1099872 total
- age   2:     434552 bytes,    1534424 total
- age   3:    1425440 bytes,    2959864 total
- age   4:    1095680 bytes,    4055544 total
- age   5:    1702672 bytes,    5758216 total
: 117627K->7669K(123520K), 0.0058141 secs] 200268K->90310K(397952K), 0.0066121 secs] [Times: user=0.05 sys=0.00, real=0.01 secs] 
Heap after GC invocations=92 (full 4):
 par new generation   total 123520K, used 7669K [0x000000062fe00000, 0x0000000638400000, 0x0000000663e00000)
  eden space 109824K,   0% used [0x000000062fe00000, 0x000000062fe00000, 0x0000000636940000)
  from space 13696K,  55% used [0x0000000636940000, 0x00000006370bd6e0, 0x00000006376a0000)
  to   space 13696K,   0% used [0x00000006376a0000, 0x00000006376a0000, 0x0000000638400000)
 concurrent mark-sweep generation total 274432K, used 82640K [0x0000000663e00000, 0x0000000674a00000, 0x00000007c0000000)
 Metaspace       used 118896K, capacity 127899K, committed 128080K, reserved 1161216K
  class space    used 14830K, capacity 16742K, committed 16816K, reserved 1048576K
}
2021-05-19T19:21:54.394+0000: 465.884: Total time for which application threads were stopped: 0.0074953 seconds, Stopping threads took: 0.0000749 seconds
2021-05-19T19:21:55.394+0000: 466.884: Total time for which application threads were stopped: 0.0002400 seconds, Stopping threads took: 0.0000659 seconds
2021-05-19T19:21:59.395+0000: 470.885: Total time for which application threads were stopped: 0.0002318 seconds, Stopping threads took: 0.0000658 seconds
2021-05-19T19:22:04.396+0000: 475.886: Total time for which application threads were stopped: 0.0002760 seconds, Stopping threads took: 0.0000766 seconds
2021-05-19T19:22:05.396+0000: 476.886: Total time for which application threads were stopped: 0.0002494 seconds, Stopping threads took: 0.0000737 seconds
2021-05-19T19:22:09.397+0000: 480.887: Total time for which application threads were stopped: 0.0002313 seconds, Stopping threads took: 0.0000701 seconds
2021-05-19T19:22:19.398+0000: 490.888: Total time for which application threads were stopped: 0.0002737 seconds, Stopping threads took: 0.0000995 seconds
2021-05-19T19:22:24.399+0000: 495.889: Total time for which application threads were stopped: 0.0002483 seconds, Stopping threads took: 0.0000683 seconds
2021-05-19T19:22:29.399+0000: 500.889: Total time for which application threads were stopped: 0.0002549 seconds, Stopping threads took: 0.0000685 seconds
2021-05-19T19:22:32.400+0000: 503.890: Total time for which application threads were stopped: 0.0002061 seconds, Stopping threads took: 0.0000587 seconds
2021-05-19T19:22:34.400+0000: 505.890: Total time for which application threads were stopped: 0.0002269 seconds, Stopping threads took: 0.0000661 seconds
2021-05-19T19:22:42.401+0000: 513.891: Total time for which application threads were stopped: 0.0002600 seconds, Stopping threads took: 0.0000893 seconds
2021-05-19T19:22:49.402+0000: 520.892: Total time for which application threads were stopped: 0.0003923 seconds, Stopping threads took: 0.0001786 seconds
2021-05-19T19:22:52.403+0000: 523.893: Total time for which application threads were stopped: 0.0002465 seconds, Stopping threads took: 0.0000621 seconds
2021-05-19T19:23:02.404+0000: 533.894: Total time for which application threads were stopped: 0.0002197 seconds, Stopping threads took: 0.0000608 seconds
2021-05-19T19:23:04.405+0000: 535.894: Total time for which application threads were stopped: 0.0002965 seconds, Stopping threads took: 0.0001248 seconds
2021-05-19T19:23:07.405+0000: 538.895: Total time for which application threads were stopped: 0.0002069 seconds, Stopping threads took: 0.0000595 seconds
2021-05-19T19:23:09.406+0000: 540.895: Total time for which application threads were stopped: 0.0002904 seconds, Stopping threads took: 0.0001020 seconds
2021-05-19T19:23:12.406+0000: 543.896: Total time for which application threads were stopped: 0.0002562 seconds, Stopping threads took: 0.0000650 seconds
2021-05-19T19:23:19.407+0000: 550.897: Total time for which application threads were stopped: 0.0002437 seconds, Stopping threads took: 0.0000654 seconds
2021-05-19T19:23:26.408+0000: 557.898: Total time for which application threads were stopped: 0.0002304 seconds, Stopping threads took: 0.0000677 seconds
2021-05-19T19:23:28.409+0000: 559.898: Total time for which application threads were stopped: 0.0003509 seconds, Stopping threads took: 0.0001122 seconds
2021-05-19T19:23:32.410+0000: 563.899: Total time for which application threads were stopped: 0.0002188 seconds, Stopping threads took: 0.0000529 seconds
2021-05-19T19:23:34.410+0000: 565.900: Total time for which application threads were stopped: 0.0002748 seconds, Stopping threads took: 0.0000700 seconds
2021-05-19T19:23:35.411+0000: 566.900: Total time for which application threads were stopped: 0.0002398 seconds, Stopping threads took: 0.0000675 seconds
2021-05-19T19:23:39.411+0000: 570.901: Total time for which application threads were stopped: 0.0002544 seconds, Stopping threads took: 0.0000805 seconds
2021-05-19T19:23:41.412+0000: 572.902: Total time for which application threads were stopped: 0.0003046 seconds, Stopping threads took: 0.0000681 seconds
2021-05-19T19:23:42.412+0000: 573.902: Total time for which application threads were stopped: 0.0002333 seconds, Stopping threads took: 0.0000519 seconds
2021-05-19T19:23:44.412+0000: 575.902: Total time for which application threads were stopped: 0.0002404 seconds, Stopping threads took: 0.0000675 seconds
2021-05-19T19:23:52.413+0000: 583.903: Total time for which application threads were stopped: 0.0002102 seconds, Stopping threads took: 0.0000589 seconds
2021-05-19T19:23:54.414+0000: 585.904: Total time for which application threads were stopped: 0.0002489 seconds, Stopping threads took: 0.0000801 seconds
2021-05-19T19:23:56.414+0000: 587.904: Total time for which application threads were stopped: 0.0002322 seconds, Stopping threads took: 0.0000647 seconds
2021-05-19T19:23:59.415+0000: 590.905: Total time for which application threads were stopped: 0.0002708 seconds, Stopping threads took: 0.0000920 seconds
2021-05-19T19:24:09.416+0000: 600.906: Total time for which application threads were stopped: 0.0003289 seconds, Stopping threads took: 0.0000871 seconds
2021-05-19T19:24:11.417+0000: 602.906: Total time for which application threads were stopped: 0.0002398 seconds, Stopping threads took: 0.0000662 seconds
2021-05-19T19:24:12.417+0000: 603.907: Total time for which application threads were stopped: 0.0002963 seconds, Stopping threads took: 0.0001298 seconds
2021-05-19T19:24:14.417+0000: 605.907: Total time for which application threads were stopped: 0.0002455 seconds, Stopping threads took: 0.0000644 seconds
2021-05-19T19:24:20.418+0000: 611.908: Total time for which application threads were stopped: 0.0002113 seconds, Stopping threads took: 0.0000596 seconds
2021-05-19T19:24:22.419+0000: 613.908: Total time for which application threads were stopped: 0.0002327 seconds, Stopping threads took: 0.0000717 seconds
2021-05-19T19:24:24.419+0000: 615.909: Total time for which application threads were stopped: 0.0002440 seconds, Stopping threads took: 0.0000609 seconds
2021-05-19T19:24:28.420+0000: 619.910: Total time for which application threads were stopped: 0.0003392 seconds, Stopping threads took: 0.0000791 seconds
2021-05-19T19:24:42.421+0000: 633.911: Total time for which application threads were stopped: 0.0002712 seconds, Stopping threads took: 0.0000638 seconds
2021-05-19T19:24:59.423+0000: 650.913: Total time for which application threads were stopped: 0.0002410 seconds, Stopping threads took: 0.0000660 seconds
2021-05-19T19:25:02.424+0000: 653.913: Total time for which application threads were stopped: 0.0002409 seconds, Stopping threads took: 0.0000735 seconds
2021-05-19T19:25:14.425+0000: 665.915: Total time for which application threads were stopped: 0.0003199 seconds, Stopping threads took: 0.0000779 seconds
2021-05-19T19:25:19.426+0000: 670.916: Total time for which application threads were stopped: 0.0002620 seconds, Stopping threads took: 0.0000709 seconds
2021-05-19T19:25:20.426+0000: 671.916: Total time for which application threads were stopped: 0.0002357 seconds, Stopping threads took: 0.0000649 seconds
2021-05-19T19:25:22.427+0000: 673.917: Total time for which application threads were stopped: 0.0002203 seconds, Stopping threads took: 0.0000603 seconds
2021-05-19T19:25:26.427+0000: 677.917: Total time for which application threads were stopped: 0.0002419 seconds, Stopping threads took: 0.0000681 seconds
2021-05-19T19:25:29.428+0000: 680.918: Total time for which application threads were stopped: 0.0002598 seconds, Stopping threads took: 0.0000792 seconds
2021-05-19T19:25:30.429+0000: 681.918: Total time for which application threads were stopped: 0.0002942 seconds, Stopping threads took: 0.0000685 seconds
2021-05-19T19:25:32.429+0000: 683.919: Total time for which application threads were stopped: 0.0002404 seconds, Stopping threads took: 0.0000614 seconds
2021-05-19T19:25:44.430+0000: 695.920: Total time for which application threads were stopped: 0.0002395 seconds, Stopping threads took: 0.0000707 seconds
2021-05-19T19:25:50.431+0000: 701.921: Total time for which application threads were stopped: 0.0002333 seconds, Stopping threads took: 0.0000637 seconds
2021-05-19T19:25:54.432+0000: 705.922: Total time for which application threads were stopped: 0.0002732 seconds, Stopping threads took: 0.0000686 seconds
{Heap before GC invocations=92 (full 4):
 par new generation   total 123520K, used 117493K [0x000000062fe00000, 0x0000000638400000, 0x0000000663e00000)
  eden space 109824K, 100% used [0x000000062fe00000, 0x0000000636940000, 0x0000000636940000)
  from space 13696K,  55% used [0x0000000636940000, 0x00000006370bd6e0, 0x00000006376a0000)
  to   space 13696K,   0% used [0x00000006376a0000, 0x00000006376a0000, 0x0000000638400000)
 concurrent mark-sweep generation total 274432K, used 82640K [0x0000000663e00000, 0x0000000674a00000, 0x00000007c0000000)
 Metaspace       used 119135K, capacity 128151K, committed 128336K, reserved 1161216K
  class space    used 14835K, capacity 16752K, committed 16816K, reserved 1048576K
2021-05-19T19:25:58.661+0000: 710.151: [GC (Allocation Failure) 2021-05-19T19:25:58.662+0000: 710.151: [ParNew
Desired survivor size 7012352 bytes, new threshold 6 (max 6)
- age   1:     690664 bytes,     690664 total
- age   2:     816672 bytes,    1507336 total
- age   3:     434568 bytes,    1941904 total
- age   4:    1425440 bytes,    3367344 total
- age   5:    1095504 bytes,    4462848 total
- age   6:    1702592 bytes,    6165440 total
: 117493K->9309K(123520K), 0.0047112 secs] 200134K->91950K(397952K), 0.0052864 secs] [Times: user=0.03 sys=0.01, real=0.00 secs] 
Heap after GC invocations=93 (full 4):
 par new generation   total 123520K, used 9309K [0x000000062fe00000, 0x0000000638400000, 0x0000000663e00000)
  eden space 109824K,   0% used [0x000000062fe00000, 0x000000062fe00000, 0x0000000636940000)
  from space 13696K,  67% used [0x00000006376a0000, 0x0000000637fb7790, 0x0000000638400000)
  to   space 13696K,   0% used [0x0000000636940000, 0x0000000636940000, 0x00000006376a0000)
 concurrent mark-sweep generation total 274432K, used 82640K [0x0000000663e00000, 0x0000000674a00000, 0x00000007c0000000)
 Metaspace       used 119135K, capacity 128151K, committed 128336K, reserved 1161216K
  class space    used 14835K, capacity 16752K, committed 16816K, reserved 1048576K
}
2021-05-19T19:25:58.667+0000: 710.157: Total time for which application threads were stopped: 0.0058778 seconds, Stopping threads took: 0.0000466 seconds
2021-05-19T19:25:59.667+0000: 711.157: Total time for which application threads were stopped: 0.0002771 seconds, Stopping threads took: 0.0000779 seconds
2021-05-19T19:26:02.668+0000: 714.158: Total time for which application threads were stopped: 0.0002842 seconds, Stopping threads took: 0.0000781 seconds
2021-05-19T19:26:07.669+0000: 719.159: Total time for which application threads were stopped: 0.0003392 seconds, Stopping threads took: 0.0000961 seconds
2021-05-19T19:26:13.670+0000: 725.159: Total time for which application threads were stopped: 0.0002255 seconds, Stopping threads took: 0.0000674 seconds
2021-05-19T19:26:22.671+0000: 734.161: Total time for which application threads were stopped: 0.0003180 seconds, Stopping threads took: 0.0000683 seconds
2021-05-19T19:26:23.671+0000: 735.161: Total time for which application threads were stopped: 0.0003033 seconds, Stopping threads took: 0.0001173 seconds
2021-05-19T19:26:28.672+0000: 740.162: Total time for which application threads were stopped: 0.0002153 seconds, Stopping threads took: 0.0000662 seconds
2021-05-19T19:26:31.673+0000: 743.162: Total time for which application threads were stopped: 0.0002279 seconds, Stopping threads took: 0.0000541 seconds
2021-05-19T19:26:42.674+0000: 754.164: Total time for which application threads were stopped: 0.0002619 seconds, Stopping threads took: 0.0000709 seconds
2021-05-19T19:26:48.675+0000: 760.165: Total time for which application threads were stopped: 0.0002290 seconds, Stopping threads took: 0.0000715 seconds
2021-05-19T19:26:52.676+0000: 764.165: Total time for which application threads were stopped: 0.0002247 seconds, Stopping threads took: 0.0000506 seconds
2021-05-19T19:26:53.676+0000: 765.166: Total time for which application threads were stopped: 0.0004335 seconds, Stopping threads took: 0.0000658 seconds
2021-05-19T19:26:54.677+0000: 766.166: Total time for which application threads were stopped: 0.0003179 seconds, Stopping threads took: 0.0000768 seconds
2021-05-19T19:26:58.677+0000: 770.167: Total time for which application threads were stopped: 0.0002452 seconds, Stopping threads took: 0.0000612 seconds
2021-05-19T19:27:02.678+0000: 774.168: Total time for which application threads were stopped: 0.0002556 seconds, Stopping threads took: 0.0000630 seconds
2021-05-19T19:27:12.679+0000: 784.169: Total time for which application threads were stopped: 0.0002513 seconds, Stopping threads took: 0.0000645 seconds
2021-05-19T19:27:27.681+0000: 799.171: Total time for which application threads were stopped: 0.0002622 seconds, Stopping threads took: 0.0000679 seconds
2021-05-19T19:27:32.682+0000: 804.172: Total time for which application threads were stopped: 0.0003088 seconds, Stopping threads took: 0.0000771 seconds
2021-05-19T19:27:58.685+0000: 830.175: Total time for which application threads were stopped: 0.0002225 seconds, Stopping threads took: 0.0000642 seconds
2021-05-19T19:28:03.685+0000: 835.175: Total time for which application threads were stopped: 0.0002199 seconds, Stopping threads took: 0.0000546 seconds
2021-05-19T19:28:08.686+0000: 840.176: Total time for which application threads were stopped: 0.0002270 seconds, Stopping threads took: 0.0000599 seconds
2021-05-19T19:28:12.687+0000: 844.177: Total time for which application threads were stopped: 0.0002913 seconds, Stopping threads took: 0.0000716 seconds
2021-05-19T19:28:13.687+0000: 845.177: Total time for which application threads were stopped: 0.0002113 seconds, Stopping threads took: 0.0000605 seconds
2021-05-19T19:28:18.688+0000: 850.178: Total time for which application threads were stopped: 0.0002508 seconds, Stopping threads took: 0.0000715 seconds
2021-05-19T19:28:22.689+0000: 854.179: Total time for which application threads were stopped: 0.0002716 seconds, Stopping threads took: 0.0000673 seconds
2021-05-19T19:28:23.689+0000: 855.179: Total time for which application threads were stopped: 0.0002331 seconds, Stopping threads took: 0.0000622 seconds
2021-05-19T19:28:28.690+0000: 860.180: Total time for which application threads were stopped: 0.0001897 seconds, Stopping threads took: 0.0000538 seconds
2021-05-19T19:28:32.690+0000: 864.180: Total time for which application threads were stopped: 0.0002852 seconds, Stopping threads took: 0.0000776 seconds
2021-05-19T19:29:08.694+0000: 900.184: Total time for which application threads were stopped: 0.0002192 seconds, Stopping threads took: 0.0000583 seconds
2021-05-19T19:29:49.698+0000: 941.187: Total time for which application threads were stopped: 0.0002842 seconds, Stopping threads took: 0.0000712 seconds
2021-05-19T19:29:53.698+0000: 945.188: Total time for which application threads were stopped: 0.0002232 seconds, Stopping threads took: 0.0000658 seconds
2021-05-19T19:29:58.699+0000: 950.189: Total time for which application threads were stopped: 0.0002325 seconds, Stopping threads took: 0.0000699 seconds
2021-05-19T19:30:02.699+0000: 954.189: Total time for which application threads were stopped: 0.0002599 seconds, Stopping threads took: 0.0000840 seconds
{Heap before GC invocations=93 (full 4):
 par new generation   total 123520K, used 119133K [0x000000062fe00000, 0x0000000638400000, 0x0000000663e00000)
  eden space 109824K, 100% used [0x000000062fe00000, 0x0000000636940000, 0x0000000636940000)
  from space 13696K,  67% used [0x00000006376a0000, 0x0000000637fb7790, 0x0000000638400000)
  to   space 13696K,   0% used [0x0000000636940000, 0x0000000636940000, 0x00000006376a0000)
 concurrent mark-sweep generation total 274432K, used 82640K [0x0000000663e00000, 0x0000000674a00000, 0x00000007c0000000)
 Metaspace       used 119209K, capacity 128169K, committed 128336K, reserved 1161216K
  class space    used 14836K, capacity 16755K, committed 16816K, reserved 1048576K
2021-05-19T19:30:07.088+0000: 958.578: [GC (Allocation Failure) 2021-05-19T19:30:07.088+0000: 958.578: [ParNew
Desired survivor size 7012352 bytes, new threshold 6 (max 6)
- age   1:     587856 bytes,     587856 total
- age   2:     446232 bytes,    1034088 total
- age   3:     816672 bytes,    1850760 total
- age   4:     434552 bytes,    2285312 total
- age   5:    1425488 bytes,    3710800 total
- age   6:    1095600 bytes,    4806400 total
: 119133K->7650K(123520K), 0.0060120 secs] 201774K->91956K(397952K), 0.0066631 secs] [Times: user=0.04 sys=0.02, real=0.01 secs] 
Heap after GC invocations=94 (full 4):
 par new generation   total 123520K, used 7650K [0x000000062fe00000, 0x0000000638400000, 0x0000000663e00000)
  eden space 109824K,   0% used [0x000000062fe00000, 0x000000062fe00000, 0x0000000636940000)
  from space 13696K,  55% used [0x0000000636940000, 0x00000006370b8930, 0x00000006376a0000)
  to   space 13696K,   0% used [0x00000006376a0000, 0x00000006376a0000, 0x0000000638400000)
 concurrent mark-sweep generation total 274432K, used 84306K [0x0000000663e00000, 0x0000000674a00000, 0x00000007c0000000)
 Metaspace       used 119209K, capacity 128169K, committed 128336K, reserved 1161216K
  class space    used 14836K, capacity 16755K, committed 16816K, reserved 1048576K
}
2021-05-19T19:30:07.095+0000: 958.585: Total time for which application threads were stopped: 0.0073125 seconds, Stopping threads took: 0.0001092 seconds
2021-05-19T19:30:08.095+0000: 959.585: Total time for which application threads were stopped: 0.0002416 seconds, Stopping threads took: 0.0000732 seconds
2021-05-19T19:30:09.096+0000: 960.585: Total time for which application threads were stopped: 0.0002981 seconds, Stopping threads took: 0.0000877 seconds
2021-05-19T19:30:14.096+0000: 965.586: Total time for which application threads were stopped: 0.0002382 seconds, Stopping threads took: 0.0000666 seconds
2021-05-19T19:30:19.097+0000: 970.587: Total time for which application threads were stopped: 0.0002960 seconds, Stopping threads took: 0.0000773 seconds
2021-05-19T19:30:24.098+0000: 975.588: Total time for which application threads were stopped: 0.0002564 seconds, Stopping threads took: 0.0000653 seconds
2021-05-19T19:30:26.098+0000: 977.588: Total time for which application threads were stopped: 0.0002897 seconds, Stopping threads took: 0.0000710 seconds
2021-05-19T19:30:28.099+0000: 979.589: Total time for which application threads were stopped: 0.0002413 seconds, Stopping threads took: 0.0000669 seconds
2021-05-19T19:30:29.099+0000: 980.589: Total time for which application threads were stopped: 0.0002844 seconds, Stopping threads took: 0.0000677 seconds
2021-05-19T19:30:32.100+0000: 983.590: Total time for which application threads were stopped: 0.0003009 seconds, Stopping threads took: 0.0000697 seconds
2021-05-19T19:30:38.101+0000: 989.591: Total time for which application threads were stopped: 0.0002347 seconds, Stopping threads took: 0.0000644 seconds
2021-05-19T19:30:39.101+0000: 990.591: Total time for which application threads were stopped: 0.0003031 seconds, Stopping threads took: 0.0000753 seconds
2021-05-19T19:30:41.102+0000: 992.591: Total time for which application threads were stopped: 0.0002353 seconds, Stopping threads took: 0.0000727 seconds
2021-05-19T19:30:43.102+0000: 994.592: Total time for which application threads were stopped: 0.0002626 seconds, Stopping threads took: 0.0000778 seconds
2021-05-19T19:30:44.102+0000: 995.592: Total time for which application threads were stopped: 0.0002507 seconds, Stopping threads took: 0.0000739 seconds
2021-05-19T19:30:47.103+0000: 998.593: Total time for which application threads were stopped: 0.0002479 seconds, Stopping threads took: 0.0000790 seconds
2021-05-19T19:30:49.104+0000: 1000.593: Total time for which application threads were stopped: 0.0002161 seconds, Stopping threads took: 0.0000647 seconds
2021-05-19T19:31:04.105+0000: 1015.595: Total time for which application threads were stopped: 0.0002748 seconds, Stopping threads took: 0.0000861 seconds
2021-05-19T19:31:13.106+0000: 1024.596: Total time for which application threads were stopped: 0.0002913 seconds, Stopping threads took: 0.0000816 seconds
2021-05-19T19:31:23.108+0000: 1034.598: Total time for which application threads were stopped: 0.0003196 seconds, Stopping threads took: 0.0000727 seconds
2021-05-19T19:31:24.108+0000: 1035.598: Total time for which application threads were stopped: 0.0002489 seconds, Stopping threads took: 0.0000722 seconds
2021-05-19T19:31:28.109+0000: 1039.599: Total time for which application threads were stopped: 0.0003326 seconds, Stopping threads took: 0.0000792 seconds
2021-05-19T19:31:29.110+0000: 1040.600: Total time for which application threads were stopped: 0.0002236 seconds, Stopping threads took: 0.0000638 seconds
2021-05-19T19:31:32.110+0000: 1043.600: Total time for which application threads were stopped: 0.0002626 seconds, Stopping threads took: 0.0000740 seconds
2021-05-19T19:31:33.111+0000: 1044.600: Total time for which application threads were stopped: 0.0002215 seconds, Stopping threads took: 0.0000667 seconds
2021-05-19T19:31:34.111+0000: 1045.601: Total time for which application threads were stopped: 0.0002312 seconds, Stopping threads took: 0.0000661 seconds
2021-05-19T19:31:44.112+0000: 1055.602: Total time for which application threads were stopped: 0.0003018 seconds, Stopping threads took: 0.0000718 seconds
2021-05-19T19:31:47.113+0000: 1058.603: Total time for which application threads were stopped: 0.0002657 seconds, Stopping threads took: 0.0000745 seconds
2021-05-19T19:31:54.114+0000: 1065.603: Total time for which application threads were stopped: 0.0002270 seconds, Stopping threads took: 0.0000652 seconds
2021-05-19T19:31:59.114+0000: 1070.604: Total time for which application threads were stopped: 0.0002444 seconds, Stopping threads took: 0.0000723 seconds
2021-05-19T19:32:03.115+0000: 1074.605: Total time for which application threads were stopped: 0.0002421 seconds, Stopping threads took: 0.0000711 seconds
2021-05-19T19:32:22.117+0000: 1093.607: Total time for which application threads were stopped: 0.0003162 seconds, Stopping threads took: 0.0000772 seconds
2021-05-19T19:32:29.118+0000: 1100.608: Total time for which application threads were stopped: 0.0002784 seconds, Stopping threads took: 0.0000811 seconds
2021-05-19T19:32:53.121+0000: 1124.611: Total time for which application threads were stopped: 0.0003275 seconds, Stopping threads took: 0.0000793 seconds
2021-05-19T19:33:01.122+0000: 1132.612: Total time for which application threads were stopped: 0.0002569 seconds, Stopping threads took: 0.0000750 seconds
2021-05-19T19:33:17.124+0000: 1148.613: Total time for which application threads were stopped: 0.0002361 seconds, Stopping threads took: 0.0000640 seconds
2021-05-19T19:33:28.125+0000: 1159.615: Total time for which application threads were stopped: 0.0003173 seconds, Stopping threads took: 0.0000774 seconds
2021-05-19T19:33:53.128+0000: 1184.618: Total time for which application threads were stopped: 0.0002226 seconds, Stopping threads took: 0.0000634 seconds
{Heap before GC invocations=94 (full 4):
 par new generation   total 123520K, used 117474K [0x000000062fe00000, 0x0000000638400000, 0x0000000663e00000)
  eden space 109824K, 100% used [0x000000062fe00000, 0x0000000636940000, 0x0000000636940000)
  from space 13696K,  55% used [0x0000000636940000, 0x00000006370b8930, 0x00000006376a0000)
  to   space 13696K,   0% used [0x00000006376a0000, 0x00000006376a0000, 0x0000000638400000)
 concurrent mark-sweep generation total 274432K, used 84306K [0x0000000663e00000, 0x0000000674a00000, 0x00000007c0000000)
 Metaspace       used 119271K, capacity 128325K, committed 128592K, reserved 1161216K
  class space    used 14836K, capacity 16755K, committed 16816K, reserved 1048576K
2021-05-19T19:34:15.070+0000: 1206.560: [GC (Allocation Failure) 2021-05-19T19:34:15.070+0000: 1206.560: [ParNew
Desired survivor size 7012352 bytes, new threshold 6 (max 6)
- age   1:     294816 bytes,     294816 total
- age   2:     416944 bytes,     711760 total
- age   3:     446232 bytes,    1157992 total
- age   4:     816672 bytes,    1974664 total
- age   5:     434552 bytes,    2409216 total
- age   6:    1425440 bytes,    3834656 total
: 117474K->5989K(123520K), 0.0061623 secs] 201780K->91374K(397952K), 0.0070203 secs] [Times: user=0.04 sys=0.01, real=0.00 secs] 
Heap after GC invocations=95 (full 4):
 par new generation   total 123520K, used 5989K [0x000000062fe00000, 0x0000000638400000, 0x0000000663e00000)
  eden space 109824K,   0% used [0x000000062fe00000, 0x000000062fe00000, 0x0000000636940000)
  from space 13696K,  43% used [0x00000006376a0000, 0x0000000637c796c0, 0x0000000638400000)
  to   space 13696K,   0% used [0x0000000636940000, 0x0000000636940000, 0x00000006376a0000)
 concurrent mark-sweep generation total 274432K, used 85385K [0x0000000663e00000, 0x0000000674a00000, 0x00000007c0000000)
 Metaspace       used 119271K, capacity 128325K, committed 128592K, reserved 1161216K
  class space    used 14836K, capacity 16755K, committed 16816K, reserved 1048576K
}
2021-05-19T19:34:15.078+0000: 1206.567: Total time for which application threads were stopped: 0.0080358 seconds, Stopping threads took: 0.0001026 seconds
2021-05-19T19:34:23.079+0000: 1214.569: Total time for which application threads were stopped: 0.0002879 seconds, Stopping threads took: 0.0000770 seconds
2021-05-19T19:34:56.083+0000: 1247.572: Total time for which application threads were stopped: 0.0002747 seconds, Stopping threads took: 0.0000750 seconds
2021-05-19T19:34:59.083+0000: 1250.573: Total time for which application threads were stopped: 0.0002756 seconds, Stopping threads took: 0.0000740 seconds
2021-05-19T19:35:02.084+0000: 1253.574: Total time for which application threads were stopped: 0.0002718 seconds, Stopping threads took: 0.0000727 seconds
2021-05-19T19:35:13.085+0000: 1264.575: Total time for which application threads were stopped: 0.0003086 seconds, Stopping threads took: 0.0000972 seconds
2021-05-19T19:35:14.086+0000: 1265.576: Total time for which application threads were stopped: 0.0002877 seconds, Stopping threads took: 0.0000769 seconds
2021-05-19T19:35:24.087+0000: 1275.577: Total time for which application threads were stopped: 0.0002570 seconds, Stopping threads took: 0.0000837 seconds
2021-05-19T19:35:26.088+0000: 1277.577: Total time for which application threads were stopped: 0.0003055 seconds, Stopping threads took: 0.0000957 seconds
2021-05-19T19:35:33.089+0000: 1284.578: Total time for which application threads were stopped: 0.0002843 seconds, Stopping threads took: 0.0000776 seconds
2021-05-19T19:35:34.089+0000: 1285.579: Total time for which application threads were stopped: 0.0002503 seconds, Stopping threads took: 0.0000780 seconds
2021-05-19T19:35:38.090+0000: 1289.580: Total time for which application threads were stopped: 0.0003229 seconds, Stopping threads took: 0.0000753 seconds
2021-05-19T19:35:49.091+0000: 1300.581: Total time for which application threads were stopped: 0.0003386 seconds, Stopping threads took: 0.0000784 seconds
2021-05-19T19:35:53.092+0000: 1304.582: Total time for which application threads were stopped: 0.0002529 seconds, Stopping threads took: 0.0000638 seconds
2021-05-19T19:35:54.092+0000: 1305.582: Total time for which application threads were stopped: 0.0002730 seconds, Stopping threads took: 0.0000694 seconds
2021-05-19T19:36:03.093+0000: 1314.583: Total time for which application threads were stopped: 0.0002392 seconds, Stopping threads took: 0.0000688 seconds
2021-05-19T19:36:04.094+0000: 1315.584: Total time for which application threads were stopped: 0.0003340 seconds, Stopping threads took: 0.0000766 seconds
2021-05-19T19:36:17.096+0000: 1328.585: Total time for which application threads were stopped: 0.0003074 seconds, Stopping threads took: 0.0000751 seconds
2021-05-19T19:36:24.097+0000: 1335.586: Total time for which application threads were stopped: 0.0002479 seconds, Stopping threads took: 0.0000702 seconds
2021-05-19T19:36:28.097+0000: 1339.587: Total time for which application threads were stopped: 0.0002770 seconds, Stopping threads took: 0.0000681 seconds
2021-05-19T19:36:29.098+0000: 1340.588: Total time for which application threads were stopped: 0.0002712 seconds, Stopping threads took: 0.0000832 seconds
2021-05-19T19:36:34.098+0000: 1345.588: Total time for which application threads were stopped: 0.0002558 seconds, Stopping threads took: 0.0000815 seconds
2021-05-19T19:36:43.100+0000: 1354.590: Total time for which application threads were stopped: 0.0002401 seconds, Stopping threads took: 0.0000699 seconds
2021-05-19T19:36:44.100+0000: 1355.590: Total time for which application threads were stopped: 0.0002396 seconds, Stopping threads took: 0.0000698 seconds
2021-05-19T19:37:14.104+0000: 1385.593: Total time for which application threads were stopped: 0.0002780 seconds, Stopping threads took: 0.0000757 seconds
2021-05-19T19:37:23.105+0000: 1394.595: Total time for which application threads were stopped: 0.0002445 seconds, Stopping threads took: 0.0000685 seconds
2021-05-19T19:37:24.105+0000: 1395.595: Total time for which application threads were stopped: 0.0002648 seconds, Stopping threads took: 0.0000652 seconds
2021-05-19T19:37:28.106+0000: 1399.596: Total time for which application threads were stopped: 0.0002404 seconds, Stopping threads took: 0.0000630 seconds
2021-05-19T19:37:34.107+0000: 1405.597: Total time for which application threads were stopped: 0.0002829 seconds, Stopping threads took: 0.0000747 seconds
2021-05-19T19:37:42.108+0000: 1413.598: Total time for which application threads were stopped: 0.0002463 seconds, Stopping threads took: 0.0000652 seconds
2021-05-19T19:37:43.108+0000: 1414.598: Total time for which application threads were stopped: 0.0003569 seconds, Stopping threads took: 0.0000913 seconds
2021-05-19T19:37:49.109+0000: 1420.599: Total time for which application threads were stopped: 0.0002533 seconds, Stopping threads took: 0.0000703 seconds
2021-05-19T19:37:59.111+0000: 1430.600: Total time for which application threads were stopped: 0.0002315 seconds, Stopping threads took: 0.0000652 seconds
2021-05-19T19:38:13.112+0000: 1444.602: Total time for which application threads were stopped: 0.0002829 seconds, Stopping threads took: 0.0000769 seconds
2021-05-19T19:38:14.113+0000: 1445.603: Total time for which application threads were stopped: 0.0003189 seconds, Stopping threads took: 0.0000783 seconds
2021-05-19T19:38:19.114+0000: 1450.604: Total time for which application threads were stopped: 0.0003441 seconds, Stopping threads took: 0.0000789 seconds
{Heap before GC invocations=95 (full 4):
 par new generation   total 123520K, used 115813K [0x000000062fe00000, 0x0000000638400000, 0x0000000663e00000)
  eden space 109824K, 100% used [0x000000062fe00000, 0x0000000636940000, 0x0000000636940000)
  from space 13696K,  43% used [0x00000006376a0000, 0x0000000637c796c0, 0x0000000638400000)
  to   space 13696K,   0% used [0x0000000636940000, 0x0000000636940000, 0x00000006376a0000)
 concurrent mark-sweep generation total 274432K, used 85385K [0x0000000663e00000, 0x0000000674a00000, 0x00000007c0000000)
 Metaspace       used 119304K, capacity 128333K, committed 128592K, reserved 1161216K
  class space    used 14836K, capacity 16755K, committed 16816K, reserved 1048576K
2021-05-19T19:38:23.652+0000: 1455.142: [GC (Allocation Failure) 2021-05-19T19:38:23.652+0000: 1455.142: [ParNew
Desired survivor size 7012352 bytes, new threshold 6 (max 6)
- age   1:     268656 bytes,     268656 total
- age   2:      47432 bytes,     316088 total
- age   3:     416944 bytes,     733032 total
- age   4:     446232 bytes,    1179264 total
- age   5:     816672 bytes,    1995936 total
- age   6:     434632 bytes,    2430568 total
: 115813K->5679K(123520K), 0.0055243 secs] 201198K->92472K(397952K), 0.0062499 secs] [Times: user=0.03 sys=0.01, real=0.01 secs] 
Heap after GC invocations=96 (full 4):
 par new generation   total 123520K, used 5679K [0x000000062fe00000, 0x0000000638400000, 0x0000000663e00000)
  eden space 109824K,   0% used [0x000000062fe00000, 0x000000062fe00000, 0x0000000636940000)
  from space 13696K,  41% used [0x0000000636940000, 0x0000000636ecbc50, 0x00000006376a0000)
  to   space 13696K,   0% used [0x00000006376a0000, 0x00000006376a0000, 0x0000000638400000)
 concurrent mark-sweep generation total 274432K, used 86793K [0x0000000663e00000, 0x0000000674a00000, 0x00000007c0000000)
 Metaspace       used 119304K, capacity 128333K, committed 128592K, reserved 1161216K
  class space    used 14836K, capacity 16755K, committed 16816K, reserved 1048576K
}
2021-05-19T19:38:23.659+0000: 1455.149: Total time for which application threads were stopped: 0.0070913 seconds, Stopping threads took: 0.0000539 seconds
2021-05-19T19:38:24.659+0000: 1456.149: Total time for which application threads were stopped: 0.0002464 seconds, Stopping threads took: 0.0000584 seconds
2021-05-19T19:38:29.660+0000: 1461.150: Total time for which application threads were stopped: 0.0002789 seconds, Stopping threads took: 0.0000747 seconds
2021-05-19T19:38:32.661+0000: 1464.150: Total time for which application threads were stopped: 0.0002362 seconds, Stopping threads took: 0.0000631 seconds
2021-05-19T19:38:43.662+0000: 1475.152: Total time for which application threads were stopped: 0.0002619 seconds, Stopping threads took: 0.0000553 seconds
2021-05-19T19:39:01.664+0000: 1493.154: Total time for which application threads were stopped: 0.0002961 seconds, Stopping threads took: 0.0000650 seconds
2021-05-19T19:39:18.666+0000: 1510.156: Total time for which application threads were stopped: 0.0002780 seconds, Stopping threads took: 0.0000551 seconds
2021-05-19T19:39:27.667+0000: 1519.157: Total time for which application threads were stopped: 0.0002275 seconds, Stopping threads took: 0.0000616 seconds
2021-05-19T19:39:28.667+0000: 1520.157: Total time for which application threads were stopped: 0.0004081 seconds, Stopping threads took: 0.0001561 seconds
2021-05-19T19:39:29.668+0000: 1521.158: Total time for which application threads were stopped: 0.0002685 seconds, Stopping threads took: 0.0000649 seconds
2021-05-19T19:39:30.668+0000: 1522.158: Total time for which application threads were stopped: 0.0002764 seconds, Stopping threads took: 0.0000621 seconds
2021-05-19T19:39:53.671+0000: 1545.160: Total time for which application threads were stopped: 0.0003264 seconds, Stopping threads took: 0.0001585 seconds
2021-05-19T19:39:58.672+0000: 1550.161: Total time for which application threads were stopped: 0.0005364 seconds, Stopping threads took: 0.0002544 seconds
2021-05-19T19:39:59.672+0000: 1551.162: Total time for which application threads were stopped: 0.0002893 seconds, Stopping threads took: 0.0000785 seconds
2021-05-19T19:40:12.674+0000: 1564.163: Total time for which application threads were stopped: 0.0001985 seconds, Stopping threads took: 0.0000497 seconds
2021-05-19T19:40:18.674+0000: 1570.164: Total time for which application threads were stopped: 0.0002578 seconds, Stopping threads took: 0.0000859 seconds
2021-05-19T19:40:28.676+0000: 1580.166: Total time for which application threads were stopped: 0.0003357 seconds, Stopping threads took: 0.0000769 seconds
2021-05-19T19:40:33.677+0000: 1585.166: Total time for which application threads were stopped: 0.0002473 seconds, Stopping threads took: 0.0000641 seconds
2021-05-19T19:40:53.679+0000: 1605.168: Total time for which application threads were stopped: 0.0002040 seconds, Stopping threads took: 0.0000533 seconds
2021-05-19T19:41:28.682+0000: 1640.172: Total time for which application threads were stopped: 0.0002050 seconds, Stopping threads took: 0.0000539 seconds
2021-05-19T19:41:43.684+0000: 1655.173: Total time for which application threads were stopped: 0.0002372 seconds, Stopping threads took: 0.0000584 seconds
2021-05-19T19:41:48.684+0000: 1660.174: Total time for which application threads were stopped: 0.0002214 seconds, Stopping threads took: 0.0000583 seconds
2021-05-19T19:41:52.685+0000: 1664.175: Total time for which application threads were stopped: 0.0002830 seconds, Stopping threads took: 0.0000773 seconds
2021-05-19T19:42:02.686+0000: 1674.176: Total time for which application threads were stopped: 0.0002785 seconds, Stopping threads took: 0.0000728 seconds
2021-05-19T19:42:08.687+0000: 1680.177: Total time for which application threads were stopped: 0.0002535 seconds, Stopping threads took: 0.0000649 seconds
2021-05-19T19:42:13.688+0000: 1685.178: Total time for which application threads were stopped: 0.0002133 seconds, Stopping threads took: 0.0000576 seconds
2021-05-19T19:42:18.689+0000: 1690.178: Total time for which application threads were stopped: 0.0002491 seconds, Stopping threads took: 0.0000752 seconds
2021-05-19T19:42:27.690+0000: 1699.180: Total time for which application threads were stopped: 0.0005100 seconds, Stopping threads took: 0.0002943 seconds
2021-05-19T19:42:28.690+0000: 1700.180: Total time for which application threads were stopped: 0.0004582 seconds, Stopping threads took: 0.0002817 seconds
2021-05-19T19:42:29.691+0000: 1701.181: Total time for which application threads were stopped: 0.0003303 seconds, Stopping threads took: 0.0000612 seconds
{Heap before GC invocations=96 (full 4):
 par new generation   total 123520K, used 115503K [0x000000062fe00000, 0x0000000638400000, 0x0000000663e00000)
  eden space 109824K, 100% used [0x000000062fe00000, 0x0000000636940000, 0x0000000636940000)
  from space 13696K,  41% used [0x0000000636940000, 0x0000000636ecbc50, 0x00000006376a0000)
  to   space 13696K,   0% used [0x00000006376a0000, 0x00000006376a0000, 0x0000000638400000)
 concurrent mark-sweep generation total 274432K, used 86793K [0x0000000663e00000, 0x0000000674a00000, 0x00000007c0000000)
 Metaspace       used 119334K, capacity 128369K, committed 128592K, reserved 1161216K
  class space    used 14837K, capacity 16755K, committed 16816K, reserved 1048576K
2021-05-19T19:42:30.060+0000: 1701.550: [GC (Allocation Failure) 2021-05-19T19:42:30.061+0000: 1701.550: [ParNew
Desired survivor size 7012352 bytes, new threshold 6 (max 6)
- age   1:     307200 bytes,     307200 total
- age   2:      22880 bytes,     330080 total
- age   3:      46912 bytes,     376992 total
- age   4:     416944 bytes,     793936 total
- age   5:     446232 bytes,    1240168 total
- age   6:     816672 bytes,    2056840 total
: 115503K->2639K(123520K), 0.0044755 secs] 202296K->89862K(397952K), 0.0050827 secs] [Times: user=0.03 sys=0.01, real=0.00 secs] 
Heap after GC invocations=97 (full 4):
 par new generation   total 123520K, used 2639K [0x000000062fe00000, 0x0000000638400000, 0x0000000663e00000)
  eden space 109824K,   0% used [0x000000062fe00000, 0x000000062fe00000, 0x0000000636940000)
  from space 13696K,  19% used [0x00000006376a0000, 0x0000000637933cc0, 0x0000000638400000)
  to   space 13696K,   0% used [0x0000000636940000, 0x0000000636940000, 0x00000006376a0000)
 concurrent mark-sweep generation total 274432K, used 87223K [0x0000000663e00000, 0x0000000674a00000, 0x00000007c0000000)
 Metaspace       used 119334K, capacity 128369K, committed 128592K, reserved 1161216K
  class space    used 14837K, capacity 16755K, committed 16816K, reserved 1048576K
}
2021-05-19T19:42:30.066+0000: 1701.556: Total time for which application threads were stopped: 0.0058232 seconds, Stopping threads took: 0.0000746 seconds
2021-05-19T19:42:33.067+0000: 1704.556: Total time for which application threads were stopped: 0.0003525 seconds, Stopping threads took: 0.0000857 seconds
2021-05-19T19:42:34.067+0000: 1705.557: Total time for which application threads were stopped: 0.0003421 seconds, Stopping threads took: 0.0001020 seconds
2021-05-19T19:42:39.068+0000: 1710.558: Total time for which application threads were stopped: 0.0002820 seconds, Stopping threads took: 0.0000705 seconds
2021-05-19T19:42:43.069+0000: 1714.558: Total time for which application threads were stopped: 0.0003556 seconds, Stopping threads took: 0.0000748 seconds
2021-05-19T19:43:13.072+0000: 1744.561: Total time for which application threads were stopped: 0.0002699 seconds, Stopping threads took: 0.0000711 seconds
2021-05-19T19:43:20.073+0000: 1751.562: Total time for which application threads were stopped: 0.0002388 seconds, Stopping threads took: 0.0000684 seconds
2021-05-19T19:43:24.073+0000: 1755.563: Total time for which application threads were stopped: 0.0002791 seconds, Stopping threads took: 0.0000755 seconds
2021-05-19T19:43:28.074+0000: 1759.564: Total time for which application threads were stopped: 0.0003750 seconds, Stopping threads took: 0.0000978 seconds
2021-05-19T19:43:34.075+0000: 1765.565: Total time for which application threads were stopped: 0.0002795 seconds, Stopping threads took: 0.0000886 seconds
2021-05-19T19:43:40.076+0000: 1771.566: Total time for which application threads were stopped: 0.0003967 seconds, Stopping threads took: 0.0000807 seconds
2021-05-19T19:43:43.076+0000: 1774.566: Total time for which application threads were stopped: 0.0002483 seconds, Stopping threads took: 0.0000654 seconds
2021-05-19T19:43:46.077+0000: 1777.567: Total time for which application threads were stopped: 0.0002556 seconds, Stopping threads took: 0.0000703 seconds
2021-05-19T19:43:56.078+0000: 1787.568: Total time for which application threads were stopped: 0.0002919 seconds, Stopping threads took: 0.0000682 seconds
2021-05-19T19:43:59.079+0000: 1790.569: Total time for which application threads were stopped: 0.0002394 seconds, Stopping threads took: 0.0000678 seconds
2021-05-19T19:44:03.080+0000: 1794.569: Total time for which application threads were stopped: 0.0003263 seconds, Stopping threads took: 0.0000768 seconds
2021-05-19T19:44:23.082+0000: 1814.572: Total time for which application threads were stopped: 0.0002705 seconds, Stopping threads took: 0.0000608 seconds
2021-05-19T19:44:38.084+0000: 1829.574: Total time for which application threads were stopped: 0.0004358 seconds, Stopping threads took: 0.0002219 seconds
2021-05-19T19:44:39.084+0000: 1830.574: Total time for which application threads were stopped: 0.0003168 seconds, Stopping threads took: 0.0000700 seconds
2021-05-19T19:44:47.085+0000: 1838.575: Total time for which application threads were stopped: 0.0002507 seconds, Stopping threads took: 0.0000732 seconds
2021-05-19T19:44:49.086+0000: 1840.576: Total time for which application threads were stopped: 0.0002900 seconds, Stopping threads took: 0.0000737 seconds
2021-05-19T19:44:50.086+0000: 1841.576: Total time for which application threads were stopped: 0.0002894 seconds, Stopping threads took: 0.0000686 seconds
2021-05-19T19:45:19.089+0000: 1870.579: Total time for which application threads were stopped: 0.0002357 seconds, Stopping threads took: 0.0000662 seconds
2021-05-19T19:45:56.093+0000: 1907.583: Total time for which application threads were stopped: 0.0003575 seconds, Stopping threads took: 0.0000700 seconds
2021-05-19T19:46:04.094+0000: 1915.584: Total time for which application threads were stopped: 0.0002725 seconds, Stopping threads took: 0.0000706 seconds
2021-05-19T19:46:28.096+0000: 1939.586: Total time for which application threads were stopped: 0.0002586 seconds, Stopping threads took: 0.0000673 seconds
2021-05-19T19:46:29.097+0000: 1940.587: Total time for which application threads were stopped: 0.0002423 seconds, Stopping threads took: 0.0000650 seconds
2021-05-19T19:46:32.097+0000: 1943.587: Total time for which application threads were stopped: 0.0002215 seconds, Stopping threads took: 0.0000599 seconds
2021-05-19T19:46:33.098+0000: 1944.588: Total time for which application threads were stopped: 0.0003752 seconds, Stopping threads took: 0.0000643 seconds
{Heap before GC invocations=97 (full 4):
 par new generation   total 123520K, used 112463K [0x000000062fe00000, 0x0000000638400000, 0x0000000663e00000)
  eden space 109824K, 100% used [0x000000062fe00000, 0x0000000636940000, 0x0000000636940000)
  from space 13696K,  19% used [0x00000006376a0000, 0x0000000637933cc0, 0x0000000638400000)
  to   space 13696K,   0% used [0x0000000636940000, 0x0000000636940000, 0x00000006376a0000)
 concurrent mark-sweep generation total 274432K, used 87223K [0x0000000663e00000, 0x0000000674a00000, 0x00000007c0000000)
 Metaspace       used 119394K, capacity 128463K, committed 128592K, reserved 1161216K
  class space    used 14839K, capacity 16756K, committed 16816K, reserved 1048576K
2021-05-19T19:46:38.457+0000: 1949.947: [GC (Allocation Failure) 2021-05-19T19:46:38.458+0000: 1949.947: [ParNew
Desired survivor size 7012352 bytes, new threshold 6 (max 6)
- age   1:    1121544 bytes,    1121544 total
- age   2:      26096 bytes,    1147640 total
- age   3:      22360 bytes,    1170000 total
- age   4:      46912 bytes,    1216912 total
- age   5:     416944 bytes,    1633856 total
- age   6:     445712 bytes,    2079568 total
: 112463K->3052K(123520K), 0.0055280 secs] 199686K->91072K(397952K), 0.0062987 secs] [Times: user=0.03 sys=0.02, real=0.01 secs] 
Heap after GC invocations=98 (full 4):
 par new generation   total 123520K, used 3052K [0x000000062fe00000, 0x0000000638400000, 0x0000000663e00000)
  eden space 109824K,   0% used [0x000000062fe00000, 0x000000062fe00000, 0x0000000636940000)
  from space 13696K,  22% used [0x0000000636940000, 0x0000000636c3b120, 0x00000006376a0000)
  to   space 13696K,   0% used [0x00000006376a0000, 0x00000006376a0000, 0x0000000638400000)
 concurrent mark-sweep generation total 274432K, used 88020K [0x0000000663e00000, 0x0000000674a00000, 0x00000007c0000000)
 Metaspace       used 119394K, capacity 128463K, committed 128592K, reserved 1161216K
  class space    used 14839K, capacity 16756K, committed 16816K, reserved 1048576K
}
2021-05-19T19:46:38.464+0000: 1949.954: Total time for which application threads were stopped: 0.0072554 seconds, Stopping threads took: 0.0000757 seconds
2021-05-19T19:46:39.465+0000: 1950.955: Total time for which application threads were stopped: 0.0003670 seconds, Stopping threads took: 0.0001073 seconds
2021-05-19T19:47:12.468+0000: 1983.958: Total time for which application threads were stopped: 0.0003031 seconds, Stopping threads took: 0.0000686 seconds
2021-05-19T19:47:13.468+0000: 1984.958: Total time for which application threads were stopped: 0.0003000 seconds, Stopping threads took: 0.0000703 seconds
2021-05-19T19:47:23.469+0000: 1994.959: Total time for which application threads were stopped: 0.0002495 seconds, Stopping threads took: 0.0000673 seconds
2021-05-19T19:47:28.470+0000: 1999.960: Total time for which application threads were stopped: 0.0002729 seconds, Stopping threads took: 0.0000711 seconds
2021-05-19T19:47:34.471+0000: 2005.961: Total time for which application threads were stopped: 0.0002629 seconds, Stopping threads took: 0.0000676 seconds
2021-05-19T19:48:17.475+0000: 2048.965: Total time for which application threads were stopped: 0.0002509 seconds, Stopping threads took: 0.0000703 seconds
2021-05-19T19:48:19.476+0000: 2050.966: Total time for which application threads were stopped: 0.0002507 seconds, Stopping threads took: 0.0000700 seconds
2021-05-19T19:48:24.476+0000: 2055.966: Total time for which application threads were stopped: 0.0002871 seconds, Stopping threads took: 0.0000661 seconds
2021-05-19T19:48:28.477+0000: 2059.967: Total time for which application threads were stopped: 0.0002744 seconds, Stopping threads took: 0.0000806 seconds
2021-05-19T19:49:24.483+0000: 2115.973: Total time for which application threads were stopped: 0.0002793 seconds, Stopping threads took: 0.0000717 seconds
2021-05-19T19:49:47.485+0000: 2138.975: Total time for which application threads were stopped: 0.0003081 seconds, Stopping threads took: 0.0000733 seconds
2021-05-19T19:49:53.486+0000: 2144.976: Total time for which application threads were stopped: 0.0002668 seconds, Stopping threads took: 0.0000671 seconds
2021-05-19T19:49:54.487+0000: 2145.976: Total time for which application threads were stopped: 0.0002734 seconds, Stopping threads took: 0.0000665 seconds
2021-05-19T19:50:12.488+0000: 2163.978: Total time for which application threads were stopped: 0.0002499 seconds, Stopping threads took: 0.0000838 seconds
2021-05-19T19:50:34.491+0000: 2185.981: Total time for which application threads were stopped: 0.0002965 seconds, Stopping threads took: 0.0000783 seconds
2021-05-19T19:50:49.493+0000: 2200.982: Total time for which application threads were stopped: 0.0002782 seconds, Stopping threads took: 0.0000702 seconds
{Heap before GC invocations=98 (full 4):
 par new generation   total 123520K, used 112867K [0x000000062fe00000, 0x0000000638400000, 0x0000000663e00000)
  eden space 109824K,  99% used [0x000000062fe00000, 0x000000063693db88, 0x0000000636940000)
  from space 13696K,  22% used [0x0000000636940000, 0x0000000636c3b120, 0x00000006376a0000)
  to   space 13696K,   0% used [0x00000006376a0000, 0x00000006376a0000, 0x0000000638400000)
 concurrent mark-sweep generation total 274432K, used 88020K [0x0000000663e00000, 0x0000000674a00000, 0x00000007c0000000)
 Metaspace       used 119410K, capacity 128463K, committed 128592K, reserved 1161216K
  class space    used 14840K, capacity 16756K, committed 16816K, reserved 1048576K
2021-05-19T19:50:52.597+0000: 2204.087: [GC (Allocation Failure) 2021-05-19T19:50:52.597+0000: 2204.087: [ParNew
Desired survivor size 7012352 bytes, new threshold 6 (max 6)
- age   1:     211720 bytes,     211720 total
- age   2:     856504 bytes,    1068224 total
- age   3:      26096 bytes,    1094320 total
- age   4:      22360 bytes,    1116680 total
- age   5:      46912 bytes,    1163592 total
- age   6:     416944 bytes,    1580536 total
: 112867K->2099K(123520K), 0.0048263 secs] 200887K->90555K(397952K), 0.0053710 secs] [Times: user=0.04 sys=0.00, real=0.01 secs] 
Heap after GC invocations=99 (full 4):
 par new generation   total 123520K, used 2099K [0x000000062fe00000, 0x0000000638400000, 0x0000000663e00000)
  eden space 109824K,   0% used [0x000000062fe00000, 0x000000062fe00000, 0x0000000636940000)
  from space 13696K,  15% used [0x00000006376a0000, 0x00000006378ace20, 0x0000000638400000)
  to   space 13696K,   0% used [0x0000000636940000, 0x0000000636940000, 0x00000006376a0000)
 concurrent mark-sweep generation total 274432K, used 88455K [0x0000000663e00000, 0x0000000674a00000, 0x00000007c0000000)
 Metaspace       used 119410K, capacity 128463K, committed 128592K, reserved 1161216K
  class space    used 14840K, capacity 16756K, committed 16816K, reserved 1048576K
}
2021-05-19T19:50:52.603+0000: 2204.093: Total time for which application threads were stopped: 0.0064008 seconds, Stopping threads took: 0.0000571 seconds
2021-05-19T19:51:52.609+0000: 2264.099: Total time for which application threads were stopped: 0.0002877 seconds, Stopping threads took: 0.0000855 seconds
2021-05-19T19:52:27.612+0000: 2299.102: Total time for which application threads were stopped: 0.0002291 seconds, Stopping threads took: 0.0000572 seconds
2021-05-19T19:53:27.618+0000: 2359.108: Total time for which application threads were stopped: 0.0002535 seconds, Stopping threads took: 0.0000534 seconds
2021-05-19T19:53:32.619+0000: 2364.109: Total time for which application threads were stopped: 0.0002655 seconds, Stopping threads took: 0.0000659 seconds
2021-05-19T19:53:34.620+0000: 2366.109: Total time for which application threads were stopped: 0.0002032 seconds, Stopping threads took: 0.0000502 seconds
2021-05-19T19:53:40.620+0000: 2372.110: Total time for which application threads were stopped: 0.0002545 seconds, Stopping threads took: 0.0000648 seconds
2021-05-19T19:53:54.622+0000: 2386.112: Total time for which application threads were stopped: 0.0002306 seconds, Stopping threads took: 0.0000625 seconds
2021-05-19T19:54:09.623+0000: 2401.113: Total time for which application threads were stopped: 0.0003139 seconds, Stopping threads took: 0.0000862 seconds
2021-05-19T19:54:12.624+0000: 2404.114: Total time for which application threads were stopped: 0.0002956 seconds, Stopping threads took: 0.0000656 seconds
2021-05-19T19:55:04.629+0000: 2456.119: Total time for which application threads were stopped: 0.0002243 seconds, Stopping threads took: 0.0000553 seconds
2021-05-19T19:55:05.630+0000: 2457.119: Total time for which application threads were stopped: 0.0002477 seconds, Stopping threads took: 0.0000586 seconds
{Heap before GC invocations=99 (full 4):
 par new generation   total 123520K, used 111923K [0x000000062fe00000, 0x0000000638400000, 0x0000000663e00000)
  eden space 109824K, 100% used [0x000000062fe00000, 0x0000000636940000, 0x0000000636940000)
  from space 13696K,  15% used [0x00000006376a0000, 0x00000006378ace20, 0x0000000638400000)
  to   space 13696K,   0% used [0x0000000636940000, 0x0000000636940000, 0x00000006376a0000)
 concurrent mark-sweep generation total 274432K, used 88455K [0x0000000663e00000, 0x0000000674a00000, 0x00000007c0000000)
 Metaspace       used 119419K, capacity 128471K, committed 128592K, reserved 1161216K
  class space    used 14840K, capacity 16756K, committed 16816K, reserved 1048576K
2021-05-19T19:55:08.435+0000: 2459.925: [GC (Allocation Failure) 2021-05-19T19:55:08.436+0000: 2459.926: [ParNew
Desired survivor size 7012352 bytes, new threshold 6 (max 6)
- age   1:     206232 bytes,     206232 total
- age   2:      40720 bytes,     246952 total
- age   3:     855952 bytes,    1102904 total
- age   4:      26096 bytes,    1129000 total
- age   5:      22360 bytes,    1151360 total
- age   6:      46912 bytes,    1198272 total
: 111923K->1872K(123520K), 0.0044553 secs] 200379K->90736K(397952K), 0.0052001 secs] [Times: user=0.03 sys=0.00, real=0.01 secs] 
Heap after GC invocations=100 (full 4):
 par new generation   total 123520K, used 1872K [0x000000062fe00000, 0x0000000638400000, 0x0000000663e00000)
  eden space 109824K,   0% used [0x000000062fe00000, 0x000000062fe00000, 0x0000000636940000)
  from space 13696K,  13% used [0x0000000636940000, 0x0000000636b14340, 0x00000006376a0000)
  to   space 13696K,   0% used [0x00000006376a0000, 0x00000006376a0000, 0x0000000638400000)
 concurrent mark-sweep generation total 274432K, used 88863K [0x0000000663e00000, 0x0000000674a00000, 0x00000007c0000000)
 Metaspace       used 119419K, capacity 128471K, committed 128592K, reserved 1161216K
  class space    used 14840K, capacity 16756K, committed 16816K, reserved 1048576K
}
2021-05-19T19:55:08.441+0000: 2459.931: Total time for which application threads were stopped: 0.0063291 seconds, Stopping threads took: 0.0002224 seconds
2021-05-19T19:56:09.447+0000: 2520.937: Total time for which application threads were stopped: 0.0002557 seconds, Stopping threads took: 0.0000645 seconds
2021-05-19T19:56:13.448+0000: 2524.938: Total time for which application threads were stopped: 0.0002486 seconds, Stopping threads took: 0.0000700 seconds
2021-05-19T19:56:14.448+0000: 2525.938: Total time for which application threads were stopped: 0.0002873 seconds, Stopping threads took: 0.0000748 seconds
2021-05-19T19:56:23.449+0000: 2534.939: Total time for which application threads were stopped: 0.0003211 seconds, Stopping threads took: 0.0000781 seconds
2021-05-19T19:56:53.452+0000: 2564.942: Total time for which application threads were stopped: 0.0002546 seconds, Stopping threads took: 0.0000676 seconds
2021-05-19T19:56:54.453+0000: 2565.943: Total time for which application threads were stopped: 0.0002345 seconds, Stopping threads took: 0.0000662 seconds
2021-05-19T19:57:02.454+0000: 2573.944: Total time for which application threads were stopped: 0.0002721 seconds, Stopping threads took: 0.0000769 seconds
2021-05-19T19:57:04.455+0000: 2575.945: Total time for which application threads were stopped: 0.0003997 seconds, Stopping threads took: 0.0000891 seconds
2021-05-19T19:57:05.455+0000: 2576.945: Total time for which application threads were stopped: 0.0002757 seconds, Stopping threads took: 0.0000735 seconds
2021-05-19T19:57:08.456+0000: 2579.946: Total time for which application threads were stopped: 0.0002747 seconds, Stopping threads took: 0.0000878 seconds
2021-05-19T19:57:12.456+0000: 2583.946: Total time for which application threads were stopped: 0.0002988 seconds, Stopping threads took: 0.0000811 seconds
2021-05-19T19:57:13.457+0000: 2584.947: Total time for which application threads were stopped: 0.0002599 seconds, Stopping threads took: 0.0000668 seconds
2021-05-19T19:57:18.458+0000: 2589.947: Total time for which application threads were stopped: 0.0002738 seconds, Stopping threads took: 0.0000752 seconds
2021-05-19T19:57:49.461+0000: 2620.951: Total time for which application threads were stopped: 0.0002498 seconds, Stopping threads took: 0.0000677 seconds
2021-05-19T19:57:50.461+0000: 2621.951: Total time for which application threads were stopped: 0.0002601 seconds, Stopping threads took: 0.0000647 seconds
2021-05-19T19:58:32.465+0000: 2663.955: Total time for which application threads were stopped: 0.0002925 seconds, Stopping threads took: 0.0000987 seconds
2021-05-19T19:59:08.469+0000: 2699.959: Total time for which application threads were stopped: 0.0002362 seconds, Stopping threads took: 0.0000633 seconds
2021-05-19T19:59:09.470+0000: 2700.959: Total time for which application threads were stopped: 0.0002512 seconds, Stopping threads took: 0.0000807 seconds
{Heap before GC invocations=100 (full 4):
 par new generation   total 123520K, used 111696K [0x000000062fe00000, 0x0000000638400000, 0x0000000663e00000)
  eden space 109824K, 100% used [0x000000062fe00000, 0x0000000636940000, 0x0000000636940000)
  from space 13696K,  13% used [0x0000000636940000, 0x0000000636b14340, 0x00000006376a0000)
  to   space 13696K,   0% used [0x00000006376a0000, 0x00000006376a0000, 0x0000000638400000)
 concurrent mark-sweep generation total 274432K, used 88863K [0x0000000663e00000, 0x0000000674a00000, 0x00000007c0000000)
 Metaspace       used 119480K, capacity 128543K, committed 128848K, reserved 1161216K
  class space    used 14840K, capacity 16756K, committed 16816K, reserved 1048576K
2021-05-19T19:59:23.287+0000: 2714.777: [GC (Allocation Failure) 2021-05-19T19:59:23.288+0000: 2714.778: [ParNew
Desired survivor size 7012352 bytes, new threshold 6 (max 6)
- age   1:     213400 bytes,     213400 total
- age   2:       1280 bytes,     214680 total
- age   3:      40720 bytes,     255400 total
- age   4:     856144 bytes,    1111544 total
- age   5:      26096 bytes,    1137640 total
- age   6:      22360 bytes,    1160000 total
: 111696K->1980K(123520K), 0.0043776 secs] 200560K->90889K(397952K), 0.0048690 secs] [Times: user=0.03 sys=0.01, real=0.01 secs] 
Heap after GC invocations=101 (full 4):
 par new generation   total 123520K, used 1980K [0x000000062fe00000, 0x0000000638400000, 0x0000000663e00000)
  eden space 109824K,   0% used [0x000000062fe00000, 0x000000062fe00000, 0x0000000636940000)
  from space 13696K,  14% used [0x00000006376a0000, 0x000000063788f280, 0x0000000638400000)
  to   space 13696K,   0% used [0x0000000636940000, 0x0000000636940000, 0x00000006376a0000)
 concurrent mark-sweep generation total 274432K, used 88909K [0x0000000663e00000, 0x0000000674a00000, 0x00000007c0000000)
 Metaspace       used 119480K, capacity 128543K, committed 128848K, reserved 1161216K
  class space    used 14840K, capacity 16756K, committed 16816K, reserved 1048576K
}
2021-05-19T19:59:23.293+0000: 2714.782: Total time for which application threads were stopped: 0.0058444 seconds, Stopping threads took: 0.0000690 seconds
2021-05-19T19:59:28.293+0000: 2719.783: Total time for which application threads were stopped: 0.0002602 seconds, Stopping threads took: 0.0000768 seconds
2021-05-19T19:59:33.294+0000: 2724.784: Total time for which application threads were stopped: 0.0002561 seconds, Stopping threads took: 0.0000661 seconds
2021-05-19T19:59:38.295+0000: 2729.785: Total time for which application threads were stopped: 0.0002534 seconds, Stopping threads took: 0.0000639 seconds
2021-05-19T20:00:29.300+0000: 2780.790: Total time for which application threads were stopped: 0.0002619 seconds, Stopping threads took: 0.0000654 seconds
2021-05-19T20:02:03.309+0000: 2874.798: Total time for which application threads were stopped: 0.0002369 seconds, Stopping threads took: 0.0000630 seconds
2021-05-19T20:02:09.309+0000: 2880.799: Total time for which application threads were stopped: 0.0003038 seconds, Stopping threads took: 0.0000746 seconds
2021-05-19T20:02:14.310+0000: 2885.800: Total time for which application threads were stopped: 0.0003667 seconds, Stopping threads took: 0.0000692 seconds
2021-05-19T20:02:28.312+0000: 2899.802: Total time for which application threads were stopped: 0.0002540 seconds, Stopping threads took: 0.0000652 seconds
2021-05-19T20:02:32.313+0000: 2903.803: Total time for which application threads were stopped: 0.0003074 seconds, Stopping threads took: 0.0000658 seconds
2021-05-19T20:02:33.313+0000: 2904.803: Total time for which application threads were stopped: 0.0002567 seconds, Stopping threads took: 0.0000630 seconds
2021-05-19T20:02:44.314+0000: 2915.804: Total time for which application threads were stopped: 0.0002559 seconds, Stopping threads took: 0.0000680 seconds
{Heap before GC invocations=101 (full 4):
 par new generation   total 123520K, used 111804K [0x000000062fe00000, 0x0000000638400000, 0x0000000663e00000)
  eden space 109824K, 100% used [0x000000062fe00000, 0x0000000636940000, 0x0000000636940000)
  from space 13696K,  14% used [0x00000006376a0000, 0x000000063788f280, 0x0000000638400000)
  to   space 13696K,   0% used [0x0000000636940000, 0x0000000636940000, 0x00000006376a0000)
 concurrent mark-sweep generation total 274432K, used 88909K [0x0000000663e00000, 0x0000000674a00000, 0x00000007c0000000)
 Metaspace       used 119502K, capacity 128549K, committed 128848K, reserved 1161216K
  class space    used 14840K, capacity 16757K, committed 16816K, reserved 1048576K
2021-05-19T20:03:37.812+0000: 2969.302: [GC (Allocation Failure) 2021-05-19T20:03:37.812+0000: 2969.302: [ParNew
Desired survivor size 7012352 bytes, new threshold 6 (max 6)
- age   1:     319856 bytes,     319856 total
- age   2:      10128 bytes,     329984 total
- age   3:       1280 bytes,     331264 total
- age   4:      40720 bytes,     371984 total
- age   5:     855952 bytes,    1227936 total
- age   6:      26096 bytes,    1254032 total
: 111804K->1504K(123520K), 0.0038823 secs] 200713K->90435K(397952K), 0.0044117 secs] [Times: user=0.02 sys=0.01, real=0.00 secs] 
Heap after GC invocations=102 (full 4):
 par new generation   total 123520K, used 1504K [0x000000062fe00000, 0x0000000638400000, 0x0000000663e00000)
  eden space 109824K,   0% used [0x000000062fe00000, 0x000000062fe00000, 0x0000000636940000)
  from space 13696K,  10% used [0x0000000636940000, 0x0000000636ab81c0, 0x00000006376a0000)
  to   space 13696K,   0% used [0x00000006376a0000, 0x00000006376a0000, 0x0000000638400000)
 concurrent mark-sweep generation total 274432K, used 88930K [0x0000000663e00000, 0x0000000674a00000, 0x00000007c0000000)
 Metaspace       used 119502K, capacity 128549K, committed 128848K, reserved 1161216K
  class space    used 14840K, capacity 16757K, committed 16816K, reserved 1048576K
}
2021-05-19T20:03:37.817+0000: 2969.307: Total time for which application threads were stopped: 0.0050647 seconds, Stopping threads took: 0.0000638 seconds
2021-05-19T20:03:38.817+0000: 2970.307: Total time for which application threads were stopped: 0.0002584 seconds, Stopping threads took: 0.0000586 seconds
2021-05-19T20:03:46.818+0000: 2978.308: Total time for which application threads were stopped: 0.0003317 seconds, Stopping threads took: 0.0000760 seconds
2021-05-19T20:04:32.823+0000: 3024.313: Total time for which application threads were stopped: 0.0003124 seconds, Stopping threads took: 0.0000666 seconds
2021-05-19T20:05:03.826+0000: 3055.316: Total time for which application threads were stopped: 0.0003121 seconds, Stopping threads took: 0.0000736 seconds
2021-05-19T20:05:32.829+0000: 3084.319: Total time for which application threads were stopped: 0.0002253 seconds, Stopping threads took: 0.0000594 seconds
2021-05-19T20:06:01.833+0000: 3113.322: Total time for which application threads were stopped: 0.0003009 seconds, Stopping threads took: 0.0001251 seconds
2021-05-19T20:06:31.836+0000: 3143.326: Total time for which application threads were stopped: 0.0002515 seconds, Stopping threads took: 0.0000621 seconds
2021-05-19T20:06:33.837+0000: 3145.327: Total time for which application threads were stopped: 0.0002384 seconds, Stopping threads took: 0.0000646 seconds
2021-05-19T20:06:34.837+0000: 3146.327: Total time for which application threads were stopped: 0.0002404 seconds, Stopping threads took: 0.0000730 seconds
2021-05-19T20:07:33.843+0000: 3205.333: Total time for which application threads were stopped: 0.0002293 seconds, Stopping threads took: 0.0000623 seconds
{Heap before GC invocations=102 (full 4):
 par new generation   total 123520K, used 111328K [0x000000062fe00000, 0x0000000638400000, 0x0000000663e00000)
  eden space 109824K, 100% used [0x000000062fe00000, 0x0000000636940000, 0x0000000636940000)
  from space 13696K,  10% used [0x0000000636940000, 0x0000000636ab81c0, 0x00000006376a0000)
  to   space 13696K,   0% used [0x00000006376a0000, 0x00000006376a0000, 0x0000000638400000)
 concurrent mark-sweep generation total 274432K, used 88930K [0x0000000663e00000, 0x0000000674a00000, 0x00000007c0000000)
 Metaspace       used 119512K, capacity 128561K, committed 128848K, reserved 1161216K
  class space    used 14843K, capacity 16763K, committed 16816K, reserved 1048576K
2021-05-19T20:07:53.676+0000: 3225.166: [GC (Allocation Failure) 2021-05-19T20:07:53.677+0000: 3225.166: [ParNew
Desired survivor size 7012352 bytes, new threshold 6 (max 6)
- age   1:     351536 bytes,     351536 total
- age   2:      13128 bytes,     364664 total
- age   3:      10128 bytes,     374792 total
- age   4:       1280 bytes,     376072 total
- age   5:      40720 bytes,     416792 total
- age   6:     855952 bytes,    1272744 total
: 111328K->1792K(123520K), 0.0037817 secs] 200259K->90749K(397952K), 0.0044209 secs] [Times: user=0.03 sys=0.00, real=0.01 secs] 
